Archive member included because of file (symbol)

c:/chibistudio/tools/gnu tools arm embedded/4.7 2014q2/bin/../lib/gcc/arm-none-eabi/4.7.4/../../../../arm-none-eabi/lib/armv7e-m/fpu\libc.a(lib_a-__atexit.o)
                              c:/chibistudio/tools/gnu tools arm embedded/4.7 2014q2/bin/../lib/gcc/arm-none-eabi/4.7.4/../../../../arm-none-eabi/lib/armv7e-m/fpu/crt0.o (__register_exitproc)
c:/chibistudio/tools/gnu tools arm embedded/4.7 2014q2/bin/../lib/gcc/arm-none-eabi/4.7.4/../../../../arm-none-eabi/lib/armv7e-m/fpu\libc.a(lib_a-ctype_.o)
                              Utility/utility.o (__ctype_ptr__)
c:/chibistudio/tools/gnu tools arm embedded/4.7 2014q2/bin/../lib/gcc/arm-none-eabi/4.7.4/../../../../arm-none-eabi/lib/armv7e-m/fpu\libc.a(lib_a-exit.o)
                              c:/chibistudio/tools/gnu tools arm embedded/4.7 2014q2/bin/../lib/gcc/arm-none-eabi/4.7.4/../../../../arm-none-eabi/lib/armv7e-m/fpu/crt0.o (exit)
c:/chibistudio/tools/gnu tools arm embedded/4.7 2014q2/bin/../lib/gcc/arm-none-eabi/4.7.4/../../../../arm-none-eabi/lib/armv7e-m/fpu\libc.a(lib_a-fini.o)
                              c:/chibistudio/tools/gnu tools arm embedded/4.7 2014q2/bin/../lib/gcc/arm-none-eabi/4.7.4/../../../../arm-none-eabi/lib/armv7e-m/fpu/crt0.o (__libc_fini_array)
c:/chibistudio/tools/gnu tools arm embedded/4.7 2014q2/bin/../lib/gcc/arm-none-eabi/4.7.4/../../../../arm-none-eabi/lib/armv7e-m/fpu\libc.a(lib_a-impure.o)
                              c:/chibistudio/tools/gnu tools arm embedded/4.7 2014q2/bin/../lib/gcc/arm-none-eabi/4.7.4/../../../../arm-none-eabi/lib/armv7e-m/fpu\libc.a(lib_a-__atexit.o) (_global_impure_ptr)
c:/chibistudio/tools/gnu tools arm embedded/4.7 2014q2/bin/../lib/gcc/arm-none-eabi/4.7.4/../../../../arm-none-eabi/lib/armv7e-m/fpu\libc.a(lib_a-init.o)
                              c:/chibistudio/tools/gnu tools arm embedded/4.7 2014q2/bin/../lib/gcc/arm-none-eabi/4.7.4/../../../../arm-none-eabi/lib/armv7e-m/fpu/crt0.o (__libc_init_array)
c:/chibistudio/tools/gnu tools arm embedded/4.7 2014q2/bin/../lib/gcc/arm-none-eabi/4.7.4/../../../../arm-none-eabi/lib/armv7e-m/fpu\libc.a(lib_a-memcpy.o)
                              Middlewares/Third_Party/FreeRTOS/Source/queue.o (memcpy)
c:/chibistudio/tools/gnu tools arm embedded/4.7 2014q2/bin/../lib/gcc/arm-none-eabi/4.7.4/../../../../arm-none-eabi/lib/armv7e-m/fpu\libc.a(lib_a-memset.o)
                              c:/chibistudio/tools/gnu tools arm embedded/4.7 2014q2/bin/../lib/gcc/arm-none-eabi/4.7.4/../../../../arm-none-eabi/lib/armv7e-m/fpu/crt0.o (memset)
c:/chibistudio/tools/gnu tools arm embedded/4.7 2014q2/bin/../lib/gcc/arm-none-eabi/4.7.4/../../../../arm-none-eabi/lib/armv7e-m/fpu\libc.a(lib_a-printf.o)
                              Utility/shell.o (printf)
c:/chibistudio/tools/gnu tools arm embedded/4.7 2014q2/bin/../lib/gcc/arm-none-eabi/4.7.4/../../../../arm-none-eabi/lib/armv7e-m/fpu\libc.a(lib_a-puts.o)
                              Utility/shell.o (puts)
c:/chibistudio/tools/gnu tools arm embedded/4.7 2014q2/bin/../lib/gcc/arm-none-eabi/4.7.4/../../../../arm-none-eabi/lib/armv7e-m/fpu\libc.a(lib_a-reent.o)
                              Utility/syscalls.o (errno)
c:/chibistudio/tools/gnu tools arm embedded/4.7 2014q2/bin/../lib/gcc/arm-none-eabi/4.7.4/../../../../arm-none-eabi/lib/armv7e-m/fpu\libc.a(lib_a-sprintf.o)
                              Middlewares/Third_Party/FreeRTOS/Source/tasks.o (sprintf)
c:/chibistudio/tools/gnu tools arm embedded/4.7 2014q2/bin/../lib/gcc/arm-none-eabi/4.7.4/../../../../arm-none-eabi/lib/armv7e-m/fpu\libc.a(lib_a-strcasecmp.o)
                              Utility/shell.o (strcasecmp)
c:/chibistudio/tools/gnu tools arm embedded/4.7 2014q2/bin/../lib/gcc/arm-none-eabi/4.7.4/../../../../arm-none-eabi/lib/armv7e-m/fpu\libc.a(lib_a-strlen.o)
                              Middlewares/Third_Party/FreeRTOS/Source/tasks.o (strlen)
c:/chibistudio/tools/gnu tools arm embedded/4.7 2014q2/bin/../lib/gcc/arm-none-eabi/4.7.4/../../../../arm-none-eabi/lib/armv7e-m/fpu\libc.a(lib_a-strpbrk.o)
                              Utility/utility.o (strpbrk)
c:/chibistudio/tools/gnu tools arm embedded/4.7 2014q2/bin/../lib/gcc/arm-none-eabi/4.7.4/../../../../arm-none-eabi/lib/armv7e-m/fpu\libc.a(lib_a-strspn.o)
                              Utility/utility.o (strspn)
c:/chibistudio/tools/gnu tools arm embedded/4.7 2014q2/bin/../lib/gcc/arm-none-eabi/4.7.4/../../../../arm-none-eabi/lib/armv7e-m/fpu\libc.a(lib_a-svfprintf.o)
                              c:/chibistudio/tools/gnu tools arm embedded/4.7 2014q2/bin/../lib/gcc/arm-none-eabi/4.7.4/../../../../arm-none-eabi/lib/armv7e-m/fpu\libc.a(lib_a-sprintf.o) (_svfprintf_r)
c:/chibistudio/tools/gnu tools arm embedded/4.7 2014q2/bin/../lib/gcc/arm-none-eabi/4.7.4/../../../../arm-none-eabi/lib/armv7e-m/fpu\libc.a(lib_a-vfprintf.o)
[...]
Memory Configuration

Name             Origin             Length             Attributes
FLASH            0x08000000         0x00100000         xr
RAM              0x20000000         0x00020000         xrw
CCMRAM           0x10000000         0x00010000         rw
*default*        0x00000000         0xffffffff

Linker script and memory map

LOAD c:/chibistudio/tools/gnu tools arm embedded/4.7 2014q2/bin/../lib/gcc/arm-none-eabi/4.7.4/armv7e-m/fpu/crti.o
LOAD c:/chibistudio/tools/gnu tools arm embedded/4.7 2014q2/bin/../lib/gcc/arm-none-eabi/4.7.4/armv7e-m/fpu/crtbegin.o
LOAD c:/chibistudio/tools/gnu tools arm embedded/4.7 2014q2/bin/../lib/gcc/arm-none-eabi/4.7.4/../../../../arm-none-eabi/lib/armv7e-m/fpu/crt0.o
LOAD Drivers/STM32F4xx_HAL_Driver/Src/stm32f4xx_hal_adc.o
LOAD Drivers/STM32F4xx_HAL_Driver/Src/stm32f4xx_hal_adc_ex.o
LOAD Drivers/STM32F4xx_HAL_Driver/Src/stm32f4xx_hal.o
LOAD Drivers/STM32F4xx_HAL_Driver/Src/stm32f4xx_hal_can.o
LOAD Drivers/STM32F4xx_HAL_Driver/Src/stm32f4xx_hal_cortex.o
LOAD Drivers/STM32F4xx_HAL_Driver/Src/stm32f4xx_hal_crc.o
LOAD Drivers/STM32F4xx_HAL_Driver/Src/stm32f4xx_hal_cryp.o
LOAD Drivers/STM32F4xx_HAL_Driver/Src/stm32f4xx_hal_cryp_ex.o
LOAD Drivers/STM32F4xx_HAL_Driver/Src/stm32f4xx_hal_dac.o
LOAD Drivers/STM32F4xx_HAL_Driver/Src/stm32f4xx_hal_dac_ex.o
LOAD Drivers/STM32F4xx_HAL_Driver/Src/stm32f4xx_hal_dcmi.o
LOAD Drivers/STM32F4xx_HAL_Driver/Src/stm32f4xx_hal_dma2d.o
LOAD Drivers/STM32F4xx_HAL_Driver/Src/stm32f4xx_hal_dma.o
LOAD Drivers/STM32F4xx_HAL_Driver/Src/stm32f4xx_hal_dma_ex.o
LOAD Drivers/STM32F4xx_HAL_Driver/Src/stm32f4xx_hal_eth.o
LOAD Drivers/STM32F4xx_HAL_Driver/Src/stm32f4xx_hal_flash.o
LOAD Drivers/STM32F4xx_HAL_Driver/Src/stm32f4xx_hal_flash_ex.o
LOAD Drivers/STM32F4xx_HAL_Driver/Src/stm32f4xx_hal_flash_ramfunc.o
LOAD Drivers/STM32F4xx_HAL_Driver/Src/stm32f4xx_hal_gpio.o
LOAD Drivers/STM32F4xx_HAL_Driver/Src/stm32f4xx_hal_hash.o
LOAD Drivers/STM32F4xx_HAL_Driver/Src/stm32f4xx_hal_hash_ex.o
LOAD Drivers/STM32F4xx_HAL_Driver/Src/stm32f4xx_hal_hcd.o
LOAD Drivers/STM32F4xx_HAL_Driver/Src/stm32f4xx_hal_i2c.o
LOAD Drivers/STM32F4xx_HAL_Driver/Src/stm32f4xx_hal_i2c_ex.o
LOAD Drivers/STM32F4xx_HAL_Driver/Src/stm32f4xx_hal_i2s.o
LOAD Drivers/STM32F4xx_HAL_Driver/Src/stm32f4xx_hal_i2s_ex.o
LOAD Drivers/STM32F4xx_HAL_Driver/Src/stm32f4xx_hal_irda.o
LOAD Drivers/STM32F4xx_HAL_Driver/Src/stm32f4xx_hal_iwdg.o
LOAD Drivers/STM32F4xx_HAL_Driver/Src/stm32f4xx_hal_ltdc.o
LOAD Drivers/STM32F4xx_HAL_Driver/Src/stm32f4xx_hal_nand.o
LOAD Drivers/STM32F4xx_HAL_Driver/Src/stm32f4xx_hal_nor.o
LOAD Drivers/STM32F4xx_HAL_Driver/Src/stm32f4xx_hal_pccard.o
LOAD Drivers/STM32F4xx_HAL_Driver/Src/stm32f4xx_hal_pcd.o
LOAD Drivers/STM32F4xx_HAL_Driver/Src/stm32f4xx_hal_pcd_ex.o
LOAD Drivers/STM32F4xx_HAL_Driver/Src/stm32f4xx_hal_pwr.o
LOAD Drivers/STM32F4xx_HAL_Driver/Src/stm32f4xx_hal_pwr_ex.o
LOAD Drivers/STM32F4xx_HAL_Driver/Src/stm32f4xx_hal_rcc.o
LOAD Drivers/STM32F4xx_HAL_Driver/Src/stm32f4xx_hal_rcc_ex.o
LOAD Drivers/STM32F4xx_HAL_Driver/Src/stm32f4xx_hal_rng.o
LOAD Drivers/STM32F4xx_HAL_Driver/Src/stm32f4xx_hal_rtc.o
LOAD Drivers/STM32F4xx_HAL_Driver/Src/stm32f4xx_hal_rtc_ex.o
LOAD Drivers/STM32F4xx_HAL_Driver/Src/stm32f4xx_hal_sai.o
LOAD Drivers/STM32F4xx_HAL_Driver/Src/stm32f4xx_hal_sd.o
LOAD Drivers/STM32F4xx_HAL_Driver/Src/stm32f4xx_hal_sdram.o
LOAD Drivers/STM32F4xx_HAL_Driver/Src/stm32f4xx_hal_smartcard.o
LOAD Drivers/STM32F4xx_HAL_Driver/Src/stm32f4xx_hal_spi.o
LOAD Drivers/STM32F4xx_HAL_Driver/Src/stm32f4xx_hal_sram.o
LOAD Drivers/STM32F4xx_HAL_Driver/Src/stm32f4xx_hal_tim.o
LOAD Drivers/STM32F4xx_HAL_Driver/Src/stm32f4xx_hal_tim_ex.o
LOAD Drivers/STM32F4xx_HAL_Driver/Src/stm32f4xx_hal_uart.o
LOAD Drivers/STM32F4xx_HAL_Driver/Src/stm32f4xx_hal_usart.o
LOAD Drivers/STM32F4xx_HAL_Driver/Src/stm32f4xx_hal_wwdg.o
LOAD Drivers/STM32F4xx_HAL_Driver/Src/stm32f4xx_ll_fmc.o
LOAD Drivers/STM32F4xx_HAL_Driver/Src/stm32f4xx_ll_fsmc.o
LOAD Drivers/STM32F4xx_HAL_Driver/Src/stm32f4xx_ll_sdmmc.o
LOAD Drivers/STM32F4xx_HAL_Driver/Src/stm32f4xx_ll_usb.o
LOAD Middlewares/Third_Party/FreeRTOS/Source/croutine.o
LOAD Middlewares/Third_Party/FreeRTOS/Source/list.o
LOAD Middlewares/Third_Party/FreeRTOS/Source/queue.o
LOAD Middlewares/Third_Party/FreeRTOS/Source/tasks.o
LOAD Middlewares/Third_Party/FreeRTOS/Source/timers.o
LOAD Middlewares/Third_Party/FreeRTOS/Source/CMSIS_RTOS/cmsis_os.o
LOAD Middlewares/Third_Party/FreeRTOS/Source/portable/GCC/ARM_CM4F/port.o
LOAD Middlewares/Third_Party/FreeRTOS/Source/portable/MemMang/heap_2.o
LOAD Middlewares/Third_Party/FatFs/src/ff.o
LOAD Middlewares/Third_Party/FatFs/src/diskio.o
LOAD Middlewares/Third_Party/FatFs/src/ff_gen_drv.o
LOAD Middlewares/Third_Party/FatFs/src/option/unicode.o
LOAD I2CPeripherals/ioext.o
LOAD Utility/delay.o
LOAD Utility/syscalls.o
LOAD Utility/serial.o
LOAD Utility/shell.o
LOAD Utility/utility.o
LOAD Src/freertos.o
LOAD Src/gpio.o
LOAD Src/iwdg.o
LOAD Src/dma.o
LOAD Src/crc.o
LOAD Src/stm32f4xx_hal_msp.o
LOAD Src/stm32f4xx_it.o
LOAD Src/tim.o
LOAD Src/usart.o
LOAD Src/usb_otg.o
LOAD Src/user_diskio.o
LOAD Src/system_stm32f4xx.o
LOAD Src/i2c.o
LOAD Src/sharedi2c.o
LOAD Src/spi.o
LOAD Src/main.o
LOAD Src/startup_stm32f415xx.o
LOAD c:/chibistudio/tools/gnu tools arm embedded/4.7 2014q2/bin/../lib/gcc/arm-none-eabi/4.7.4/../../../../arm-none-eabi/lib/armv7e-m/fpu\libstdc++.a
LOAD c:/chibistudio/tools/gnu tools arm embedded/4.7 2014q2/bin/../lib/gcc/arm-none-eabi/4.7.4/../../../../arm-none-eabi/lib/armv7e-m/fpu\libsupc++.a
LOAD c:/chibistudio/tools/gnu tools arm embedded/4.7 2014q2/bin/../lib/gcc/arm-none-eabi/4.7.4/../../../../arm-none-eabi/lib/armv7e-m/fpu\libm.a
LOAD c:/chibistudio/tools/gnu tools arm embedded/4.7 2014q2/bin/../lib/gcc/arm-none-eabi/4.7.4/../../../../arm-none-eabi/lib/armv7e-m/fpu\libc.a
LOAD c:/chibistudio/tools/gnu tools arm embedded/4.7 2014q2/bin/../lib/gcc/arm-none-eabi/4.7.4/../../../../arm-none-eabi/lib/armv7e-m/fpu\libg.a
LOAD c:/chibistudio/tools/gnu tools arm embedded/4.7 2014q2/bin/../lib/gcc/arm-none-eabi/4.7.4/../../../../arm-none-eabi/lib/armv7e-m/fpu\libnosys.a
LOAD c:/chibistudio/tools/gnu tools arm embedded/4.7 2014q2/bin/../lib/gcc/arm-none-eabi/4.7.4/../../../../arm-none-eabi/lib/armv7e-m/fpu\libstdc++.a
LOAD c:/chibistudio/tools/gnu tools arm embedded/4.7 2014q2/bin/../lib/gcc/arm-none-eabi/4.7.4/../../../../arm-none-eabi/lib/armv7e-m/fpu\libsupc++.a
LOAD c:/chibistudio/tools/gnu tools arm embedded/4.7 2014q2/bin/../lib/gcc/arm-none-eabi/4.7.4/../../../../arm-none-eabi/lib/armv7e-m/fpu\libm.a
LOAD c:/chibistudio/tools/gnu tools arm embedded/4.7 2014q2/bin/../lib/gcc/arm-none-eabi/4.7.4/../../../../arm-none-eabi/lib/armv7e-m/fpu\libc.a
LOAD c:/chibistudio/tools/gnu tools arm embedded/4.7 2014q2/bin/../lib/gcc/arm-none-eabi/4.7.4/../../../../arm-none-eabi/lib/armv7e-m/fpu\libg.a
LOAD c:/chibistudio/tools/gnu tools arm embedded/4.7 2014q2/bin/../lib/gcc/arm-none-eabi/4.7.4/../../../../arm-none-eabi/lib/armv7e-m/fpu\libnosys.a
START GROUP
LOAD c:/chibistudio/tools/gnu tools arm embedded/4.7 2014q2/bin/../lib/gcc/arm-none-eabi/4.7.4/armv7e-m/fpu\libgcc.a
LOAD c:/chibistudio/tools/gnu tools arm embedded/4.7 2014q2/bin/../lib/gcc/arm-none-eabi/4.7.4/../../../../arm-none-eabi/lib/armv7e-m/fpu\libc.a
END GROUP
LOAD c:/chibistudio/tools/gnu tools arm embedded/4.7 2014q2/bin/../lib/gcc/arm-none-eabi/4.7.4/armv7e-m/fpu/crtend.o
LOAD c:/chibistudio/tools/gnu tools arm embedded/4.7 2014q2/bin/../lib/gcc/arm-none-eabi/4.7.4/armv7e-m/fpu/crtn.o
                0x2001ffff                _estack = 0x2001ffff
                0x00000000                _Min_Heap_Size = 0x0
                0x00000400                _Min_Stack_Size = 0x400

.isr_vector     0x08000000      0x188
                0x08000000                . = ALIGN (0x4)
 *(.isr_vector)
 .isr_vector    0x08000000      0x188 Src/startup_stm32f415xx.o
                0x08000000                g_pfnVectors
                0x08000188                . = ALIGN (0x4)

.text           0x08000188    0x13744
                0x08000188                . = ALIGN (0x4)
 *(.text)
 .text          0x08000188       0x54 c:/chibistudio/tools/gnu tools arm embedded/4.7 2014q2/bin/../lib/gcc/arm-none-eabi/4.7.4/armv7e-m/fpu/crtbegin.o
 .text          0x080001dc      0x370 c:/chibistudio/tools/gnu tools arm embedded/4.7 2014q2/bin/../lib/gcc/arm-none-eabi/4.7.4/armv7e-m/fpu\libgcc.a(_arm_addsubdf3.o)
                0x080001dc                __aeabi_drsub
                0x080001e4                __aeabi_dsub
                0x080001e4                __subdf3
                0x080001e8                __aeabi_dadd
                0x080001e8                __adddf3
                0x08000460                __floatunsidf
                0x08000460                __aeabi_ui2d
                0x08000480                __floatsidf
                0x08000480                __aeabi_i2d
                0x080004a4                __aeabi_f2d
                0x080004a4                __extendsfdf2
                0x080004e0                __floatundidf
                0x080004e0                __aeabi_ul2d
                0x080004f0                __floatdidf
                0x080004f0                __aeabi_l2d
 .text          0x0800054c      0x424 c:/chibistudio/tools/gnu tools arm embedded/4.7 2014q2/bin/../lib/gcc/arm-none-eabi/4.7.4/armv7e-m/fpu\libgcc.a(_arm_muldivdf3.o)
                0x0800054c                __aeabi_dmul
                0x0800054c                __muldf3
                0x080007a0                __divdf3
                0x080007a0                __aeabi_ddiv
 .text          0x08000970      0x110 c:/chibistudio/tools/gnu tools arm embedded/4.7 2014q2/bin/../lib/gcc/arm-none-eabi/4.7.4/armv7e-m/fpu\libgcc.a(_arm_cmpdf2.o)
                0x08000970                __gtdf2
                0x08000970                __gedf2
                0x08000978                __ltdf2
                0x08000978                __ledf2
                0x08000980                __nedf2
                0x08000980                __eqdf2
                0x08000980                __cmpdf2
                0x080009fc                __aeabi_cdrcmple
                0x08000a0c                __aeabi_cdcmpeq
                0x08000a0c                __aeabi_cdcmple
                0x08000a1c                __aeabi_dcmpeq
                0x08000a30                __aeabi_dcmplt
                0x08000a44                __aeabi_dcmple
                0x08000a58                __aeabi_dcmpge
                0x08000a6c                __aeabi_dcmpgt
 .text          0x08000a80       0x50 c:/chibistudio/tools/gnu tools arm embedded/4.7 2014q2/bin/../lib/gcc/arm-none-eabi/4.7.4/armv7e-m/fpu\libgcc.a(_arm_fixdfsi.o)
                0x08000a80                __aeabi_d2iz
                0x08000a80                __fixdfsi
 .text          0x08000ad0       0x2c c:/chibistudio/tools/gnu tools arm embedded/4.7 2014q2/bin/../lib/gcc/arm-none-eabi/4.7.4/armv7e-m/fpu\libgcc.a(_aeabi_uldivmod.o)
                0x08000ad0                __aeabi_uldivmod
 .text          0x08000afc       0x58 c:/chibistudio/tools/gnu tools arm embedded/4.7 2014q2/bin/../lib/gcc/arm-none-eabi/4.7.4/armv7e-m/fpu\libgcc.a(bpabi.o)
                0x08000afc                __gnu_ldivmod_helper
                0x08000b28                __gnu_uldivmod_helper
 .text          0x08000b54        0x4 c:/chibistudio/tools/gnu tools arm embedded/4.7 2014q2/bin/../lib/gcc/arm-none-eabi/4.7.4/armv7e-m/fpu\libgcc.a(_dvmd_tls.o)
                0x08000b54                __aeabi_idiv0
                0x08000b54                __aeabi_ldiv0
 .text          0x08000b58      0x2bc c:/chibistudio/tools/gnu tools arm embedded/4.7 2014q2/bin/../lib/gcc/arm-none-eabi/4.7.4/armv7e-m/fpu\libgcc.a(_divdi3.o)
                0x08000b58                __divdi3
 .text          0x08000e14      0x288 c:/chibistudio/tools/gnu tools arm embedded/4.7 2014q2/bin/../lib/gcc/arm-none-eabi/4.7.4/armv7e-m/fpu\libgcc.a(_udivdi3.o)
                0x08000e14                __udivdi3
 *(.text*)
 .text.HAL_Init
                0x0800109c       0x68 Drivers/STM32F4xx_HAL_Driver/Src/stm32f4xx_hal.o
                0x0800109c                HAL_Init
 .text.HAL_InitTick
                0x08001104       0x40 Drivers/STM32F4xx_HAL_Driver/Src/stm32f4xx_hal.o
                0x08001104                HAL_InitTick
 .text.HAL_IncTick
                0x08001144       0x24 Drivers/STM32F4xx_HAL_Driver/Src/stm32f4xx_hal.o
                0x08001144                HAL_IncTick
 .text.HAL_GetTick
                0x08001168       0x18 Drivers/STM32F4xx_HAL_Driver/Src/stm32f4xx_hal.o
                0x08001168                HAL_GetTick
 .text.NVIC_SetPriorityGrouping
                0x08001180       0x50 Drivers/STM32F4xx_HAL_Driver/Src/stm32f4xx_hal_cortex.o
 .text.NVIC_GetPriorityGrouping
                0x080011d0       0x20 Drivers/STM32F4xx_HAL_Driver/Src/stm32f4xx_hal_cortex.o
 .text.NVIC_EnableIRQ
                0x080011f0       0x38 Drivers/STM32F4xx_HAL_Driver/Src/stm32f4xx_hal_cortex.o
 .text.NVIC_ClearPendingIRQ
                0x08001228       0x3c Drivers/STM32F4xx_HAL_Driver/Src/stm32f4xx_hal_cortex.o
 .text.NVIC_SetPriority
                0x08001264       0x5c Drivers/STM32F4xx_HAL_Driver/Src/stm32f4xx_hal_cortex.o
 .text.NVIC_EncodePriority
                0x080012c0       0x78 Drivers/STM32F4xx_HAL_Driver/Src/stm32f4xx_hal_cortex.o
 .text.SysTick_Config
                0x08001338       0x64 Drivers/STM32F4xx_HAL_Driver/Src/stm32f4xx_hal_cortex.o
 .text.HAL_NVIC_SetPriorityGrouping
                0x0800139c       0x18 Drivers/STM32F4xx_HAL_Driver/Src/stm32f4xx_hal_cortex.o
                0x0800139c                HAL_NVIC_SetPriorityGrouping
 .text.HAL_NVIC_SetPriority
                0x080013b4       0x3c Drivers/STM32F4xx_HAL_Driver/Src/stm32f4xx_hal_cortex.o
                0x080013b4                HAL_NVIC_SetPriority
 .text.HAL_NVIC_EnableIRQ
                0x080013f0       0x1c Drivers/STM32F4xx_HAL_Driver/Src/stm32f4xx_hal_cortex.o
                0x080013f0                HAL_NVIC_EnableIRQ
 .text.HAL_SYSTICK_Config
                0x0800140c       0x1c Drivers/STM32F4xx_HAL_Driver/Src/stm32f4xx_hal_cortex.o
                0x0800140c                HAL_SYSTICK_Config
 .text.HAL_NVIC_ClearPendingIRQ
                0x08001428       0x1c Drivers/STM32F4xx_HAL_Driver/Src/stm32f4xx_hal_cortex.o
                0x08001428                HAL_NVIC_ClearPendingIRQ
 .text.HAL_CRC_Init
                0x08001444       0x44 Drivers/STM32F4xx_HAL_Driver/Src/stm32f4xx_hal_crc.o
                0x08001444                HAL_CRC_Init
 .text.HAL_DMA_Init
                0x08001488       0xe4 Drivers/STM32F4xx_HAL_Driver/Src/stm32f4xx_hal_dma.o
                0x08001488                HAL_DMA_Init
 .text.HAL_DMA_IRQHandler
                0x0800156c     0x4064 Drivers/STM32F4xx_HAL_Driver/Src/stm32f4xx_hal_dma.o
                0x0800156c                HAL_DMA_IRQHandler
 .text.HAL_GPIO_Init
                0x080055d0      0x3fc Drivers/STM32F4xx_HAL_Driver/Src/stm32f4xx_hal_gpio.o
                0x080055d0                HAL_GPIO_Init
 .text.HAL_GPIO_TogglePin
                0x080059cc       0x24 Drivers/STM32F4xx_HAL_Driver/Src/stm32f4xx_hal_gpio.o
                0x080059cc                HAL_GPIO_TogglePin
 .text.HAL_GPIO_EXTI_IRQHandler
                0x080059f0       0x38 Drivers/STM32F4xx_HAL_Driver/Src/stm32f4xx_hal_gpio.o
                0x080059f0                HAL_GPIO_EXTI_IRQHandler
 .text.HAL_GPIO_EXTI_Callback
                0x08005a28       0x14 Drivers/STM32F4xx_HAL_Driver/Src/stm32f4xx_hal_gpio.o
                0x08005a28                HAL_GPIO_EXTI_Callback
 .text.HAL_I2C_Master_Transmit
                0x08005a3c      0x1a4 Drivers/STM32F4xx_HAL_Driver/Src/stm32f4xx_hal_i2c.o
                0x08005a3c                HAL_I2C_Master_Transmit
 .text.I2C_MasterRequestWrite
                0x08005be0       0xe0 Drivers/STM32F4xx_HAL_Driver/Src/stm32f4xx_hal_i2c.o
 .text.I2C_WaitOnFlagUntilTimeout
                0x08005cc0      0x14c Drivers/STM32F4xx_HAL_Driver/Src/stm32f4xx_hal_i2c.o
 .text.I2C_WaitOnMasterAddressFlagUntilTimeout
                0x08005e0c      0x100 Drivers/STM32F4xx_HAL_Driver/Src/stm32f4xx_hal_i2c.o
 .text.HAL_IWDG_Init
                0x08005f0c       0x7c Drivers/STM32F4xx_HAL_Driver/Src/stm32f4xx_hal_iwdg.o
                0x08005f0c                HAL_IWDG_Init
 .text.HAL_RCC_OscConfig
                0x08005f88      0x5e0 Drivers/STM32F4xx_HAL_Driver/Src/stm32f4xx_hal_rcc.o
                0x08005f88                HAL_RCC_OscConfig
 .text.HAL_RCC_ClockConfig
                0x08006568      0x380 Drivers/STM32F4xx_HAL_Driver/Src/stm32f4xx_hal_rcc.o
                0x08006568                HAL_RCC_ClockConfig
 .text.HAL_RCC_GetSysClockFreq
                0x080068e8      0x184 Drivers/STM32F4xx_HAL_Driver/Src/stm32f4xx_hal_rcc.o
                0x080068e8                HAL_RCC_GetSysClockFreq
 .text.HAL_RCC_GetHCLKFreq
                0x08006a6c       0x68 Drivers/STM32F4xx_HAL_Driver/Src/stm32f4xx_hal_rcc.o
                0x08006a6c                HAL_RCC_GetHCLKFreq
 .text.HAL_RCC_GetPCLK1Freq
                0x08006ad4       0x54 Drivers/STM32F4xx_HAL_Driver/Src/stm32f4xx_hal_rcc.o
                0x08006ad4                HAL_RCC_GetPCLK1Freq
 .text.HAL_RCC_GetPCLK2Freq
                0x08006b28       0x54 Drivers/STM32F4xx_HAL_Driver/Src/stm32f4xx_hal_rcc.o
                0x08006b28                HAL_RCC_GetPCLK2Freq
 .text.HAL_SPI_IRQHandler
                0x08006b7c      0x1b4 Drivers/STM32F4xx_HAL_Driver/Src/stm32f4xx_hal_spi.o
                0x08006b7c                HAL_SPI_IRQHandler
 .text.HAL_SPI_ErrorCallback
                0x08006d30       0x14 Drivers/STM32F4xx_HAL_Driver/Src/stm32f4xx_hal_spi.o
                0x08006d30                HAL_SPI_ErrorCallback
 .text.HAL_TIM_Base_Init
                0x08006d44       0x5c Drivers/STM32F4xx_HAL_Driver/Src/stm32f4xx_hal_tim.o
                0x08006d44                HAL_TIM_Base_Init
 .text.HAL_TIM_ConfigClockSource
                0x08006da0      0x1e4 Drivers/STM32F4xx_HAL_Driver/Src/stm32f4xx_hal_tim.o
                0x08006da0                HAL_TIM_ConfigClockSource
 .text.TIM_Base_SetConfig
                0x08006f84      0x1a0 Drivers/STM32F4xx_HAL_Driver/Src/stm32f4xx_hal_tim.o
                0x08006f84                TIM_Base_SetConfig
 .text.TIM_TI1_ConfigInputStage
                0x08007124       0x6c Drivers/STM32F4xx_HAL_Driver/Src/stm32f4xx_hal_tim.o
 .text.TIM_TI2_ConfigInputStage
                0x08007190       0x70 Drivers/STM32F4xx_HAL_Driver/Src/stm32f4xx_hal_tim.o
 .text.TIM_ITRx_SetConfig
                0x08007200       0x40 Drivers/STM32F4xx_HAL_Driver/Src/stm32f4xx_hal_tim.o
 .text.TIM_ETR_SetConfig
                0x08007240       0x48 Drivers/STM32F4xx_HAL_Driver/Src/stm32f4xx_hal_tim.o
 .text.HAL_TIMEx_MasterConfigSynchronization
                0x08007288       0x98 Drivers/STM32F4xx_HAL_Driver/Src/stm32f4xx_hal_tim_ex.o
                0x08007288                HAL_TIMEx_MasterConfigSynchronization
 .text.HAL_UART_Init
                0x08007320       0x98 Drivers/STM32F4xx_HAL_Driver/Src/stm32f4xx_hal_uart.o
                0x08007320                HAL_UART_Init
 .text.HAL_UART_Transmit
                0x080073b8      0x18c Drivers/STM32F4xx_HAL_Driver/Src/stm32f4xx_hal_uart.o
                0x080073b8                HAL_UART_Transmit
 .text.HAL_UART_Receive
                0x08007544      0x1ac Drivers/STM32F4xx_HAL_Driver/Src/stm32f4xx_hal_uart.o
                0x08007544                HAL_UART_Receive
 .text.UART_WaitOnFlagUntilTimeout
                0x080076f0      0x148 Drivers/STM32F4xx_HAL_Driver/Src/stm32f4xx_hal_uart.o
 .text.UART_SetConfig
                0x08007838      0x3ac Drivers/STM32F4xx_HAL_Driver/Src/stm32f4xx_hal_uart.o
 .text.vListInitialise
                0x08007be4       0x40 Middlewares/Third_Party/FreeRTOS/Source/list.o
                0x08007be4                vListInitialise
 .text.vListInitialiseItem
                0x08007c24       0x1c Middlewares/Third_Party/FreeRTOS/Source/list.o
                0x08007c24                vListInitialiseItem
 .text.vListInsertEnd
                0x08007c40       0x48 Middlewares/Third_Party/FreeRTOS/Source/list.o
                0x08007c40                vListInsertEnd
 .text.vListInsert
                0x08007c88       0x74 Middlewares/Third_Party/FreeRTOS/Source/list.o
                0x08007c88                vListInsert
 .text.uxListRemove
                0x08007cfc       0x58 Middlewares/Third_Party/FreeRTOS/Source/list.o
                0x08007cfc                uxListRemove
 .text.xQueueCreateMutex
                0x08007d54       0xac Middlewares/Third_Party/FreeRTOS/Source/queue.o
                0x08007d54                xQueueCreateMutex
 .text.xQueueGenericSend
                0x08007e00      0x178 Middlewares/Third_Party/FreeRTOS/Source/queue.o
                0x08007e00                xQueueGenericSend
 .text.xQueueGenericReceive
                0x08007f78      0x1b8 Middlewares/Third_Party/FreeRTOS/Source/queue.o
                0x08007f78                xQueueGenericReceive
 .text.prvCopyDataToQueue
                0x08008130       0xdc Middlewares/Third_Party/FreeRTOS/Source/queue.o
 .text.prvCopyDataFromQueue
                0x0800820c       0x50 Middlewares/Third_Party/FreeRTOS/Source/queue.o
 .text.prvUnlockQueue
                0x0800825c       0xa0 Middlewares/Third_Party/FreeRTOS/Source/queue.o
 .text.prvIsQueueEmpty
                0x080082fc       0x34 Middlewares/Third_Party/FreeRTOS/Source/queue.o
 .text.prvIsQueueFull
                0x08008330       0x38 Middlewares/Third_Party/FreeRTOS/Source/queue.o
 .text.xTaskGenericCreate
                0x08008368      0x1c0 Middlewares/Third_Party/FreeRTOS/Source/tasks.o
                0x08008368                xTaskGenericCreate
 .text.vTaskDelay
                0x08008528       0x5c Middlewares/Third_Party/FreeRTOS/Source/tasks.o
                0x08008528                vTaskDelay
 .text.vTaskStartScheduler
                0x08008584       0x7c Middlewares/Third_Party/FreeRTOS/Source/tasks.o
                0x08008584                vTaskStartScheduler
 .text.vTaskSuspendAll
                0x08008600       0x24 Middlewares/Third_Party/FreeRTOS/Source/tasks.o
                0x08008600                vTaskSuspendAll
 .text.xTaskResumeAll
                0x08008624      0x174 Middlewares/Third_Party/FreeRTOS/Source/tasks.o
                0x08008624                xTaskResumeAll
 .text.uxTaskGetSystemState
                0x08008798      0x128 Middlewares/Third_Party/FreeRTOS/Source/tasks.o
                0x08008798                uxTaskGetSystemState
 .text.xTaskIncrementTick
                0x080088c0      0x25c Middlewares/Third_Party/FreeRTOS/Source/tasks.o
                0x080088c0                xTaskIncrementTick
 .text.vTaskSwitchContext
                0x08008b1c       0xe4 Middlewares/Third_Party/FreeRTOS/Source/tasks.o
                0x08008b1c                vTaskSwitchContext
 .text.vTaskPlaceOnEventList
                0x08008c00       0x84 Middlewares/Third_Party/FreeRTOS/Source/tasks.o
                0x08008c00                vTaskPlaceOnEventList
 .text.xTaskRemoveFromEventList
                0x08008c84       0xdc Middlewares/Third_Party/FreeRTOS/Source/tasks.o
                0x08008c84                xTaskRemoveFromEventList
 .text.vTaskSetTimeOutState
                0x08008d60       0x38 Middlewares/Third_Party/FreeRTOS/Source/tasks.o
                0x08008d60                vTaskSetTimeOutState
 .text.xTaskCheckForTimeOut
                0x08008d98       0xb0 Middlewares/Third_Party/FreeRTOS/Source/tasks.o
                0x08008d98                xTaskCheckForTimeOut
 .text.vTaskMissedYield
                0x08008e48       0x18 Middlewares/Third_Party/FreeRTOS/Source/tasks.o
                0x08008e48                vTaskMissedYield
 .text.prvIdleTask
                0x08008e60       0x24 Middlewares/Third_Party/FreeRTOS/Source/tasks.o
 .text.prvInitialiseTCBVariables
                0x08008e84       0xa0 Middlewares/Third_Party/FreeRTOS/Source/tasks.o
 .text.prvInitialiseTaskLists
                0x08008f24       0xa4 Middlewares/Third_Party/FreeRTOS/Source/tasks.o
 .text.prvCheckTasksWaitingTermination
                0x08008fc8       0x9c Middlewares/Third_Party/FreeRTOS/Source/tasks.o
 .text.prvAddCurrentTaskToDelayedList
                0x08009064       0x8c Middlewares/Third_Party/FreeRTOS/Source/tasks.o
 .text.prvAllocateTCBAndStack
                0x080090f0       0x70 Middlewares/Third_Party/FreeRTOS/Source/tasks.o
 .text.prvListTaskWithinSingleList
                0x08009160      0x11c Middlewares/Third_Party/FreeRTOS/Source/tasks.o
 .text.prvTaskCheckFreeStackSpace
                0x0800927c       0x40 Middlewares/Third_Party/FreeRTOS/Source/tasks.o
 .text.prvDeleteTCB
                0x080092bc       0x20 Middlewares/Third_Party/FreeRTOS/Source/tasks.o
 .text.xTaskGetCurrentTaskHandle
                0x080092dc       0x20 Middlewares/Third_Party/FreeRTOS/Source/tasks.o
                0x080092dc                xTaskGetCurrentTaskHandle
 .text.vTaskPriorityInherit
                0x080092fc       0xe8 Middlewares/Third_Party/FreeRTOS/Source/tasks.o
                0x080092fc                vTaskPriorityInherit
 .text.vTaskPriorityDisinherit
                0x080093e4       0x90 Middlewares/Third_Party/FreeRTOS/Source/tasks.o
                0x080093e4                vTaskPriorityDisinherit
 .text.vTaskList
                0x08009474      0x118 Middlewares/Third_Party/FreeRTOS/Source/tasks.o
                0x08009474                vTaskList
 .text.makeFreeRtosPriority
                0x0800958c       0x34 Middlewares/Third_Party/FreeRTOS/Source/CMSIS_RTOS/cmsis_os.o
 .text.inHandlerMode
                0x080095c0       0x24 Middlewares/Third_Party/FreeRTOS/Source/CMSIS_RTOS/cmsis_os.o
 .text.osKernelStart
                0x080095e4       0x2c Middlewares/Third_Party/FreeRTOS/Source/CMSIS_RTOS/cmsis_os.o
                0x080095e4                osKernelStart
 .text.osThreadCreate
                0x08009610       0x54 Middlewares/Third_Party/FreeRTOS/Source/CMSIS_RTOS/cmsis_os.o
                0x08009610                osThreadCreate
 .text.osDelay  0x08009664       0x30 Middlewares/Third_Party/FreeRTOS/Source/CMSIS_RTOS/cmsis_os.o
                0x08009664                osDelay
 .text.osMutexCreate
                0x08009694       0x1c Middlewares/Third_Party/FreeRTOS/Source/CMSIS_RTOS/cmsis_os.o
                0x08009694                osMutexCreate
 .text.osMutexWait
                0x080096b0       0x7c Middlewares/Third_Party/FreeRTOS/Source/CMSIS_RTOS/cmsis_os.o
                0x080096b0                osMutexWait
 .text.osMutexRelease
                0x0800972c       0x48 Middlewares/Third_Party/FreeRTOS/Source/CMSIS_RTOS/cmsis_os.o
                0x0800972c                osMutexRelease
 .text.pxPortInitialiseStack
                0x08009774       0x74 Middlewares/Third_Party/FreeRTOS/Source/portable/GCC/ARM_CM4F/port.o
                0x08009774                pxPortInitialiseStack
 .text.prvTaskExitError
                0x080097e8       0x20 Middlewares/Third_Party/FreeRTOS/Source/portable/GCC/ARM_CM4F/port.o
 .text.SVC_Handler
                0x08009808       0x1c Middlewares/Third_Party/FreeRTOS/Source/portable/GCC/ARM_CM4F/port.o
                0x08009808                SVC_Handler
 .text.prvPortStartFirstTask
                0x08009824       0x14 Middlewares/Third_Party/FreeRTOS/Source/portable/GCC/ARM_CM4F/port.o
 .text.xPortStartScheduler
                0x08009838      0x128 Middlewares/Third_Party/FreeRTOS/Source/portable/GCC/ARM_CM4F/port.o
                0x08009838                xPortStartScheduler
 .text.vPortYield
                0x08009960       0x20 Middlewares/Third_Party/FreeRTOS/Source/portable/GCC/ARM_CM4F/port.o
                0x08009960                vPortYield
 .text.vPortEnterCritical
                0x08009980       0x2c Middlewares/Third_Party/FreeRTOS/Source/portable/GCC/ARM_CM4F/port.o
                0x08009980                vPortEnterCritical
 .text.vPortExitCritical
                0x080099ac       0x34 Middlewares/Third_Party/FreeRTOS/Source/portable/GCC/ARM_CM4F/port.o
                0x080099ac                vPortExitCritical
 .text.ulPortSetInterruptMask
                0x080099e0       0x14 Middlewares/Third_Party/FreeRTOS/Source/portable/GCC/ARM_CM4F/port.o
                0x080099e0                ulPortSetInterruptMask
 .text.vPortClearInterruptMask
                0x080099f4        0x8 Middlewares/Third_Party/FreeRTOS/Source/portable/GCC/ARM_CM4F/port.o
                0x080099f4                vPortClearInterruptMask
 .text.PendSV_Handler
                0x080099fc       0x50 Middlewares/Third_Party/FreeRTOS/Source/portable/GCC/ARM_CM4F/port.o
                0x080099fc                PendSV_Handler
 .text.xPortSysTickHandler
                0x08009a4c       0x2c Middlewares/Third_Party/FreeRTOS/Source/portable/GCC/ARM_CM4F/port.o
                0x08009a4c                xPortSysTickHandler
 .text.vPortSetupTimerInterrupt
                0x08009a78       0x40 Middlewares/Third_Party/FreeRTOS/Source/portable/GCC/ARM_CM4F/port.o
                0x08009a78                vPortSetupTimerInterrupt
 .text.vPortEnableVFP
                0x08009ab8       0x14 Middlewares/Third_Party/FreeRTOS/Source/portable/GCC/ARM_CM4F/port.o
 .text.pvPortMalloc
                0x08009acc      0x15c Middlewares/Third_Party/FreeRTOS/Source/portable/MemMang/heap_2.o
                0x08009acc                pvPortMalloc
 .text.vPortFree
                0x08009c28       0x88 Middlewares/Third_Party/FreeRTOS/Source/portable/MemMang/heap_2.o
                0x08009c28                vPortFree
 .text.xPortGetFreeHeapSize
                0x08009cb0       0x18 Middlewares/Third_Party/FreeRTOS/Source/portable/MemMang/heap_2.o
                0x08009cb0                xPortGetFreeHeapSize
 .text.prvHeapInit
                0x08009cc8       0x6c Middlewares/Third_Party/FreeRTOS/Source/portable/MemMang/heap_2.o
 .text.FATFS_LinkDriver
                0x08009d34       0xc4 Middlewares/Third_Party/FatFs/src/ff_gen_drv.o
                0x08009d34                FATFS_LinkDriver
 .text._ZN5LedIOC2ER3I2Ctm
                0x08009df8       0x38 I2CPeripherals/ioext.o
                0x08009df8                LedIO::LedIO(I2C&, unsigned short, unsigned long)
                0x08009df8                LedIO::LedIO(I2C&, unsigned short, unsigned long)
 .text._ZN5LedIO4initEv
                0x08009e30       0x3c I2CPeripherals/ioext.o
                0x08009e30                LedIO::init()
 .text._ZN5LedIO5writeEh
                0x08009e6c       0x3c I2CPeripherals/ioext.o
                0x08009e6c                LedIO::write(unsigned char)
 .text.init_delay_timer
                0x08009ea8       0x40 Utility/delay.o
                0x08009ea8                init_delay_timer
 .text._read    0x08009ee8       0x44 Utility/syscalls.o
                0x08009ee8                _read
 .text._write   0x08009f2c       0x44 Utility/syscalls.o
                0x08009f2c                _write
 .text._sbrk    0x08009f70       0x84 Utility/syscalls.o
                0x08009f70                _sbrk
 .text._close   0x08009ff4       0x18 Utility/syscalls.o
                0x08009ff4                _close
 .text._fstat   0x0800a00c       0x24 Utility/syscalls.o
                0x0800a00c                _fstat
 .text._isatty  0x0800a030       0x18 Utility/syscalls.o
                0x0800a030                _isatty
 .text._lseek   0x0800a048       0x1c Utility/syscalls.o
                0x0800a048                _lseek
 .text.serialInit
                0x0800a064       0x20 Utility/serial.o
                0x0800a064                serialInit
 .text.serialPutChar
                0x0800a084       0x78 Utility/serial.o
                0x0800a084                serialPutChar
 .text.serialGetChar
                0x0800a0fc       0x6c Utility/serial.o
                0x0800a0fc                serialGetChar
 .text.shellUsage
                0x0800a168       0x20 Utility/shell.o
                0x0800a168                shellUsage
 .text.list_commands
                0x0800a188       0x34 Utility/shell.o
 .text.cmd_info
                0x0800a1bc       0x68 Utility/shell.o
 .text.cmd_tasks
                0x0800a224       0x6c Utility/shell.o
 .text.cmdexec  0x0800a290       0x50 Utility/shell.o
 .text.shellStart
                0x0800a2e0      0x1d0 Utility/shell.o
                0x0800a2e0                shellStart
 .text.shellGetLine
                0x0800a4b0       0xd4 Utility/shell.o
                0x0800a4b0                shellGetLine
 .text._strtok  0x0800a584       0x7c Utility/utility.o
                0x0800a584                _strtok
 .text.vApplicationTickHook
                0x0800a600        0xc Src/freertos.o
                0x0800a600                vApplicationTickHook
 .text.MX_GPIO_Init
                0x0800a60c      0x1d4 Src/gpio.o
                0x0800a60c                MX_GPIO_Init
 .text.MX_IWDG_Init
                0x0800a7e0       0x40 Src/iwdg.o
                0x0800a7e0                MX_IWDG_Init
 .text.HAL_IWDG_MspInit
                0x0800a820       0x14 Src/iwdg.o
                0x0800a820                HAL_IWDG_MspInit
 .text.MX_DMA_Init
                0x0800a834       0x78 Src/dma.o
                0x0800a834                MX_DMA_Init
 .text.MX_CRC_Init
                0x0800a8ac       0x24 Src/crc.o
                0x0800a8ac                MX_CRC_Init
 .text.HAL_CRC_MspInit
                0x0800a8d0       0x3c Src/crc.o
                0x0800a8d0                HAL_CRC_MspInit
 .text.HAL_MspInit
                0x0800a90c       0x20 Src/stm32f4xx_hal_msp.o
                0x0800a90c                HAL_MspInit
 .text.DMA2_Stream0_IRQHandler
                0x0800a92c       0x1c Src/stm32f4xx_it.o
                0x0800a92c                DMA2_Stream0_IRQHandler
 .text.SysTick_Handler
                0x0800a948       0x10 Src/stm32f4xx_it.o
                0x0800a948                SysTick_Handler
 .text.SPI1_IRQHandler
                0x0800a958       0x1c Src/stm32f4xx_it.o
                0x0800a958                SPI1_IRQHandler
 .text.DMA2_Stream3_IRQHandler
                0x0800a974       0x1c Src/stm32f4xx_it.o
                0x0800a974                DMA2_Stream3_IRQHandler
 .text.EXTI4_IRQHandler
                0x0800a990       0x18 Src/stm32f4xx_it.o
                0x0800a990                EXTI4_IRQHandler
 .text.EXTI9_5_IRQHandler
                0x0800a9a8       0x28 Src/stm32f4xx_it.o
                0x0800a9a8                EXTI9_5_IRQHandler
 .text.MX_TIM3_Init
                0x0800a9d0       0x98 Src/tim.o
                0x0800a9d0                MX_TIM3_Init
 .text.HAL_TIM_Base_MspInit
                0x0800aa68       0x3c Src/tim.o
                0x0800aa68                HAL_TIM_Base_MspInit
 .text.MX_USART1_UART_Init
                0x0800aaa4       0x88 Src/usart.o
                0x0800aaa4                MX_USART1_UART_Init
 .text.MX_USART3_UART_Init
                0x0800ab2c       0x88 Src/usart.o
                0x0800ab2c                MX_USART3_UART_Init
 .text.HAL_UART_MspInit
                0x0800abb4       0xc4 Src/usart.o
                0x0800abb4                HAL_UART_MspInit
 .text.MX_USB_OTG_FS_USB_Init
                0x0800ac78        0xc Src/usb_otg.o
                0x0800ac78                MX_USB_OTG_FS_USB_Init
 .text.USER_initialize
                0x0800ac84       0x44 Src/user_diskio.o
                0x0800ac84                USER_initialize
 .text.USER_status
                0x0800acc8       0x44 Src/user_diskio.o
                0x0800acc8                USER_status
 .text.USER_read
                0x0800ad0c       0x20 Src/user_diskio.o
                0x0800ad0c                USER_read
 .text.USER_write
                0x0800ad2c       0x20 Src/user_diskio.o
                0x0800ad2c                USER_write
 .text.USER_ioctl
                0x0800ad4c       0x20 Src/user_diskio.o
                0x0800ad4c                USER_ioctl
 .text.SystemInit
                0x0800ad6c       0xb0 Src/system_stm32f4xx.o
                0x0800ad6c                SystemInit
 .text._ZN3I2CC2EP11I2C_TypeDef12I2C_PinsPackmmm
                0x0800ae1c       0x70 Src/i2c.o
                0x0800ae1c                I2C::I2C(I2C_TypeDef*, I2C_PinsPack, unsigned long, unsigned long, unsigned long)
                0x0800ae1c                I2C::I2C(I2C_TypeDef*, I2C_PinsPack, unsigned long, unsigned long, unsigned long)
 .text._ZN3I2C8initGPIOEP12I2C_GpioPins
                0x0800ae8c       0x74 Src/i2c.o
                0x0800ae8c                I2C::initGPIO(I2C_GpioPins*)
 .text._ZN3I2C4initEv
                0x0800af00      0x29c Src/i2c.o
                0x0800af00                I2C::init()
 .text._ZN3I2C4lockEm
                0x0800b19c       0x48 Src/i2c.o
                0x0800b19c                I2C::lock(unsigned long)
 .text._ZN3I2C6unlockEv
                0x0800b1e4       0x44 Src/i2c.o
                0x0800b1e4                I2C::unlock()
 .text._ZN3I2C5writeEtPhtm
                0x0800b228       0x30 Src/i2c.o
                0x0800b228                I2C::write(unsigned short, unsigned char*, unsigned short, unsigned long)
 .text._Z41__static_initialization_and_destruction_0ii
                0x0800b258       0x7c Src/i2c.o
 .text._GLOBAL__sub_I_I2C_1
                0x0800b2d4       0x14 Src/i2c.o
 .text._ZN3I2C9getHandleEv
                0x0800b2e8       0x18 Src/sharedi2c.o
                0x0800b2e8                I2C::getHandle()
 .text._ZN9SharedI2CC2ER3I2Cmmm
                0x0800b300       0x34 Src/sharedi2c.o
                0x0800b300                SharedI2C::SharedI2C(I2C&, unsigned long, unsigned long, unsigned long)
                0x0800b300                SharedI2C::SharedI2C(I2C&, unsigned long, unsigned long, unsigned long)
 .text._ZN9SharedI2C10acquireBusEv
                0x0800b334       0x8c Src/sharedi2c.o
                0x0800b334                SharedI2C::acquireBus()
 .text._ZN9SharedI2C10releaseBusEv
                0x0800b3c0       0x1c Src/sharedi2c.o
                0x0800b3c0                SharedI2C::releaseBus()
 .text._ZN9SharedI2C5writeEtPht
                0x0800b3dc       0x58 Src/sharedi2c.o
                0x0800b3dc                SharedI2C::write(unsigned short, unsigned char*, unsigned short)
 .text._Z13getDMATypeDefP11SPI_TypeDefb
                0x0800b434       0x6c Src/spi.o
                0x0800b434                getDMATypeDef(SPI_TypeDef*, bool)
 .text._Z13getSPITypeDefP11SPI_TypeDef
                0x0800b4a0       0x48 Src/spi.o
                0x0800b4a0                getSPITypeDef(SPI_TypeDef*)
 .text._ZN3SPIC2EP11SPI_TypeDef12SPI_PinsPack8SPI_Modemm
                0x0800b4e8       0xe8 Src/spi.o
                0x0800b4e8                SPI::SPI(SPI_TypeDef*, SPI_PinsPack, SPI_Mode, unsigned long, unsigned long)
                0x0800b4e8                SPI::SPI(SPI_TypeDef*, SPI_PinsPack, SPI_Mode, unsigned long, unsigned long)
 .text._ZN3SPI8initGPIOEP12SPI_GpioPins
                0x0800b5d0       0xa4 Src/spi.o
                0x0800b5d0                SPI::initGPIO(SPI_GpioPins*)
 .text._ZN3SPI7initDMAEP13DMA_StreamMapmmmm
                0x0800b674      0x110 Src/spi.o
                0x0800b674                SPI::initDMA(DMA_StreamMap*, unsigned long, unsigned long, unsigned long, unsigned long)
 .text._ZN3SPI4initEv
                0x0800b784      0x24c Src/spi.o
                0x0800b784                SPI::init()
 .text._Z41__static_initialization_and_destruction_0ii
                0x0800b9d0       0x74 Src/spi.o
 .text._GLOBAL__sub_I_hspi1
                0x0800ba44       0x14 Src/spi.o
 .text.main     0x0800ba58       0xfc Src/main.o
                0x0800ba58                main
 .text._Z18SystemClock_Configv
                0x0800bb54       0xb0 Src/main.o
                0x0800bb54                SystemClock_Config()
 .text._ZL11ExtIOThreadPKv
                0x0800bc04       0x64 Src/main.o
 .text._ZL11StartThreadPKv
                0x0800bc68       0x50 Src/main.o
 .text.Reset_Handler
                0x0800bcb8       0x58 Src/startup_stm32f415xx.o
                0x0800bcb8                Reset_Handler
 .text.Default_Handler
                0x0800bd10        0x4 Src/startup_stm32f415xx.o
                0x0800bd10                RTC_Alarm_IRQHandler
                0x0800bd10                HASH_RNG_IRQHandler
                0x0800bd10                EXTI2_IRQHandler
                0x0800bd10                TIM8_CC_IRQHandler
                0x0800bd10                DebugMon_Handler
                0x0800bd10                TIM1_CC_IRQHandler
                0x0800bd10                DMA2_Stream5_IRQHandler
                0x0800bd10                HardFault_Handler
                0x0800bd10                DMA1_Stream5_IRQHandler
                0x0800bd10                PVD_IRQHandler
                0x0800bd10                SDIO_IRQHandler
                0x0800bd10                TAMP_STAMP_IRQHandler
                0x0800bd10                NMI_Handler
                0x0800bd10                CAN2_RX1_IRQHandler
                0x0800bd10                EXTI3_IRQHandler
                0x0800bd10                TIM8_TRG_COM_TIM14_IRQHandler
                0x0800bd10                TIM1_UP_TIM10_IRQHandler
                0x0800bd10                TIM8_UP_TIM13_IRQHandler
                0x0800bd10                I2C3_ER_IRQHandler
                0x0800bd10                EXTI0_IRQHandler
                0x0800bd10                I2C2_EV_IRQHandler
                0x0800bd10                DMA1_Stream2_IRQHandler
                0x0800bd10                CAN1_RX0_IRQHandler
                0x0800bd10                FPU_IRQHandler
                0x0800bd10                OTG_HS_WKUP_IRQHandler
                0x0800bd10                UsageFault_Handler
                0x0800bd10                CAN2_SCE_IRQHandler
                0x0800bd10                DMA2_Stream2_IRQHandler
                0x0800bd10                TIM6_DAC_IRQHandler
                0x0800bd10                TIM1_BRK_TIM9_IRQHandler
                0x0800bd10                CAN2_RX0_IRQHandler
                0x0800bd10                USART6_IRQHandler
                0x0800bd10                USART3_IRQHandler
                0x0800bd10                CRYP_IRQHandler
                0x0800bd10                CAN1_RX1_IRQHandler
                0x0800bd10                UART5_IRQHandler
                0x0800bd10                TIM4_IRQHandler
                0x0800bd10                I2C1_EV_IRQHandler
                0x0800bd10                DMA1_Stream6_IRQHandler
                0x0800bd10                DMA1_Stream1_IRQHandler
                0x0800bd10                UART4_IRQHandler
                0x0800bd10                TIM3_IRQHandler
                0x0800bd10                RCC_IRQHandler
                0x0800bd10                TIM8_BRK_TIM12_IRQHandler
                0x0800bd10                Default_Handler
                0x0800bd10                EXTI15_10_IRQHandler
                0x0800bd10                ADC_IRQHandler
                0x0800bd10                DMA1_Stream7_IRQHandler
                0x0800bd10                TIM7_IRQHandler
                0x0800bd10                CAN2_TX_IRQHandler
                0x0800bd10                TIM5_IRQHandler
                0x0800bd10                DMA2_Stream7_IRQHandler
                0x0800bd10                I2C3_EV_IRQHandler
                0x0800bd10                RTC_WKUP_IRQHandler
                0x0800bd10                SPI2_IRQHandler
                0x0800bd10                OTG_HS_EP1_IN_IRQHandler
                0x0800bd10                MemManage_Handler
                0x0800bd10                DMA1_Stream0_IRQHandler
                0x0800bd10                CAN1_TX_IRQHandler
                0x0800bd10                FSMC_IRQHandler
                0x0800bd10                OTG_HS_EP1_OUT_IRQHandler
                0x0800bd10                WWDG_IRQHandler
                0x0800bd10                TIM2_IRQHandler
                0x0800bd10                OTG_FS_WKUP_IRQHandler
                0x0800bd10                TIM1_TRG_COM_TIM11_IRQHandler
                0x0800bd10                OTG_HS_IRQHandler
                0x0800bd10                EXTI1_IRQHandler
                0x0800bd10                USART2_IRQHandler
                0x0800bd10                I2C2_ER_IRQHandler
                0x0800bd10                DMA2_Stream1_IRQHandler
                0x0800bd10                CAN1_SCE_IRQHandler
                0x0800bd10                FLASH_IRQHandler
                0x0800bd10                DMA2_Stream4_IRQHandler
                0x0800bd10                BusFault_Handler
                0x0800bd10                USART1_IRQHandler
                0x0800bd10                OTG_FS_IRQHandler
                0x0800bd10                SPI3_IRQHandler
                0x0800bd10                DMA1_Stream4_IRQHandler
                0x0800bd10                I2C1_ER_IRQHandler
                0x0800bd10                DMA2_Stream6_IRQHandler
                0x0800bd10                DMA1_Stream3_IRQHandler
 .text.__register_exitproc
                0x0800bd14       0xac c:/chibistudio/tools/gnu tools arm embedded/4.7 2014q2/bin/../lib/gcc/arm-none-eabi/4.7.4/../../../../arm-none-eabi/lib/armv7e-m/fpu\libc.a(lib_a-__atexit.o)
                0x0800bd14                __register_exitproc
 .text.__libc_fini_array
                0x0800bdc0       0x50 c:/chibistudio/tools/gnu tools arm embedded/4.7 2014q2/bin/../lib/gcc/arm-none-eabi/4.7.4/../../../../arm-none-eabi/lib/armv7e-m/fpu\libc.a(lib_a-fini.o)
                0x0800bdc0                __libc_fini_array
 .text.__libc_init_array
                0x0800be10       0x94 c:/chibistudio/tools/gnu tools arm embedded/4.7 2014q2/bin/../lib/gcc/arm-none-eabi/4.7.4/../../../../arm-none-eabi/lib/armv7e-m/fpu\libc.a(lib_a-init.o)
                0x0800be10                __libc_init_array
 .text.memcpy   0x0800bea4      0x144 c:/chibistudio/tools/gnu tools arm embedded/4.7 2014q2/bin/../lib/gcc/arm-none-eabi/4.7.4/../../../../arm-none-eabi/lib/armv7e-m/fpu\libc.a(lib_a-memcpy.o)
                0x0800bea4                memcpy
 .text.memset   0x0800bfe8      0x12c c:/chibistudio/tools/gnu tools arm embedded/4.7 2014q2/bin/../lib/gcc/arm-none-eabi/4.7.4/../../../../arm-none-eabi/lib/armv7e-m/fpu\libc.a(lib_a-memset.o)
                0x0800bfe8                memset
 .text.printf   0x0800c114       0x28 c:/chibistudio/tools/gnu tools arm embedded/4.7 2014q2/bin/../lib/gcc/arm-none-eabi/4.7.4/../../../../arm-none-eabi/lib/armv7e-m/fpu\libc.a(lib_a-printf.o)
                0x0800c114                printf
 .text._puts_r  0x0800c13c       0x68 c:/chibistudio/tools/gnu tools arm embedded/4.7 2014q2/bin/../lib/gcc/arm-none-eabi/4.7.4/../../../../arm-none-eabi/lib/armv7e-m/fpu\libc.a(lib_a-puts.o)
                0x0800c13c                _puts_r
 .text.puts     0x0800c1a4       0x10 c:/chibistudio/tools/gnu tools arm embedded/4.7 2014q2/bin/../lib/gcc/arm-none-eabi/4.7.4/../../../../arm-none-eabi/lib/armv7e-m/fpu\libc.a(lib_a-puts.o)
                0x0800c1a4                puts
 .text.sprintf  0x0800c1b4       0x50 c:/chibistudio/tools/gnu tools arm embedded/4.7 2014q2/bin/../lib/gcc/arm-none-eabi/4.7.4/../../../../arm-none-eabi/lib/armv7e-m/fpu\libc.a(lib_a-sprintf.o)
                0x0800c1b4                sprintf
 .text.strcasecmp
                0x0800c204       0x44 c:/chibistudio/tools/gnu tools arm embedded/4.7 2014q2/bin/../lib/gcc/arm-none-eabi/4.7.4/../../../../arm-none-eabi/lib/armv7e-m/fpu\libc.a(lib_a-strcasecmp.o)
                0x0800c204                strcasecmp
 .text.strlen   0x0800c248       0x60 c:/chibistudio/tools/gnu tools arm embedded/4.7 2014q2/bin/../lib/gcc/arm-none-eabi/4.7.4/../../../../arm-none-eabi/lib/armv7e-m/fpu\libc.a(lib_a-strlen.o)
                0x0800c248                strlen
 .text.strpbrk  0x0800c2a8       0x4c c:/chibistudio/tools/gnu tools arm embedded/4.7 2014q2/bin/../lib/gcc/arm-none-eabi/4.7.4/../../../../arm-none-eabi/lib/armv7e-m/fpu\libc.a(lib_a-strpbrk.o)
                0x0800c2a8                strpbrk
 .text.strspn   0x0800c2f4       0x40 c:/chibistudio/tools/gnu tools arm embedded/4.7 2014q2/bin/../lib/gcc/arm-none-eabi/4.7.4/../../../../arm-none-eabi/lib/armv7e-m/fpu\libc.a(lib_a-strspn.o)
                0x0800c2f4                strspn
 .text._svfprintf_r
                0x0800c334     0x1b14 c:/chibistudio/tools/gnu tools arm embedded/4.7 2014q2/bin/../lib/gcc/arm-none-eabi/4.7.4/../../../../arm-none-eabi/lib/armv7e-m/fpu\libc.a(lib_a-svfprintf.o)
                0x0800c334                _svfprintf_r
 .text._vfprintf_r
                0x0800de48     0x1cd4 c:/chibistudio/tools/gnu tools arm embedded/4.7 2014q2/bin/../lib/gcc/arm-none-eabi/4.7.4/../../../../arm-none-eabi/lib/armv7e-m/fpu\libc.a(lib_a-vfprintf.o)
                0x0800de48                _vfprintf_r
 .text.__sbprintf
                0x0800fb1c       0x78 c:/chibistudio/tools/gnu tools arm embedded/4.7 2014q2/bin/../lib/gcc/arm-none-eabi/4.7.4/../../../../arm-none-eabi/lib/armv7e-m/fpu\libc.a(lib_a-vfprintf.o)
 .text.__swsetup_r
                0x0800fb94       0xc4 c:/chibistudio/tools/gnu tools arm embedded/4.7 2014q2/bin/../lib/gcc/arm-none-eabi/4.7.4/../../../../arm-none-eabi/lib/armv7e-m/fpu\libc.a(lib_a-wsetup.o)
                0x0800fb94                __swsetup_r
 .text.startup.register_fini
                0x0800fc58       0x14 c:/chibistudio/tools/gnu tools arm embedded/4.7 2014q2/bin/../lib/gcc/arm-none-eabi/4.7.4/../../../../arm-none-eabi/lib/armv7e-m/fpu\libc.a(lib_a-__call_atexit.o)
 .text.atexit   0x0800fc6c        0xc c:/chibistudio/tools/gnu tools arm embedded/4.7 2014q2/bin/../lib/gcc/arm-none-eabi/4.7.4/../../../../arm-none-eabi/lib/armv7e-m/fpu\libc.a(lib_a-atexit.o)
                0x0800fc6c                atexit
 .text.quorem   0x0800fc78      0x2ec c:/chibistudio/tools/gnu tools arm embedded/4.7 2014q2/bin/../lib/gcc/arm-none-eabi/4.7.4/../../../../arm-none-eabi/lib/armv7e-m/fpu\libc.a(lib_a-dtoa.o)
 *fill*         0x0800ff64        0x4 00
 .text._dtoa_r  0x0800ff68     0x1260 c:/chibistudio/tools/gnu tools arm embedded/4.7 2014q2/bin/../lib/gcc/arm-none-eabi/4.7.4/../../../../arm-none-eabi/lib/armv7e-m/fpu\libc.a(lib_a-dtoa.o)
                0x0800ff68                _dtoa_r
 .text._fflush_r
                0x080111c8      0x168 c:/chibistudio/tools/gnu tools arm embedded/4.7 2014q2/bin/../lib/gcc/arm-none-eabi/4.7.4/../../../../arm-none-eabi/lib/armv7e-m/fpu\libc.a(lib_a-fflush.o)
                0x080111c8                _fflush_r
 .text._cleanup_r
                0x08011330        0xc c:/chibistudio/tools/gnu tools arm embedded/4.7 2014q2/bin/../lib/gcc/arm-none-eabi/4.7.4/../../../../arm-none-eabi/lib/armv7e-m/fpu\libc.a(lib_a-findfp.o)
                0x08011330                _cleanup_r
 .text.std.isra.0
                0x0801133c       0x50 c:/chibistudio/tools/gnu tools arm embedded/4.7 2014q2/bin/../lib/gcc/arm-none-eabi/4.7.4/../../../../arm-none-eabi/lib/armv7e-m/fpu\libc.a(lib_a-findfp.o)
 .text.__sinit  0x0801138c       0x4c c:/chibistudio/tools/gnu tools arm embedded/4.7 2014q2/bin/../lib/gcc/arm-none-eabi/4.7.4/../../../../arm-none-eabi/lib/armv7e-m/fpu\libc.a(lib_a-findfp.o)
                0x0801138c                __sinit
 .text.__sfp_lock_acquire
                0x080113d8        0x4 c:/chibistudio/tools/gnu tools arm embedded/4.7 2014q2/bin/../lib/gcc/arm-none-eabi/4.7.4/../../../../arm-none-eabi/lib/armv7e-m/fpu\libc.a(lib_a-findfp.o)
                0x080113d8                __sfp_lock_acquire
 .text.__sfp_lock_release
                0x080113dc        0x4 c:/chibistudio/tools/gnu tools arm embedded/4.7 2014q2/bin/../lib/gcc/arm-none-eabi/4.7.4/../../../../arm-none-eabi/lib/armv7e-m/fpu\libc.a(lib_a-findfp.o)
                0x080113dc                __sfp_lock_release
 .text._malloc_trim_r
                0x080113e0       0x98 c:/chibistudio/tools/gnu tools arm embedded/4.7 2014q2/bin/../lib/gcc/arm-none-eabi/4.7.4/../../../../arm-none-eabi/lib/armv7e-m/fpu\libc.a(lib_a-freer.o)
                0x080113e0                _malloc_trim_r
 .text._free_r  0x08011478      0x194 c:/chibistudio/tools/gnu tools arm embedded/4.7 2014q2/bin/../lib/gcc/arm-none-eabi/4.7.4/../../../../arm-none-eabi/lib/armv7e-m/fpu\libc.a(lib_a-freer.o)
                0x08011478                _free_r
 .text.__sfvwrite_r
                0x0801160c      0x314 c:/chibistudio/tools/gnu tools arm embedded/4.7 2014q2/bin/../lib/gcc/arm-none-eabi/4.7.4/../../../../arm-none-eabi/lib/armv7e-m/fpu\libc.a(lib_a-fvwrite.o)
                0x0801160c                __sfvwrite_r
 .text._fwalk   0x08011920       0xb8 c:/chibistudio/tools/gnu tools arm embedded/4.7 2014q2/bin/../lib/gcc/arm-none-eabi/4.7.4/../../../../arm-none-eabi/lib/armv7e-m/fpu\libc.a(lib_a-fwalk.o)
                0x08011920                _fwalk
 .text.__locale_charset
                0x080119d8        0xc c:/chibistudio/tools/gnu tools arm embedded/4.7 2014q2/bin/../lib/gcc/arm-none-eabi/4.7.4/../../../../arm-none-eabi/lib/armv7e-m/fpu\libc.a(lib_a-locale.o)
                0x080119d8                __locale_charset
 .text.__locale_mb_cur_max
                0x080119e4        0xc c:/chibistudio/tools/gnu tools arm embedded/4.7 2014q2/bin/../lib/gcc/arm-none-eabi/4.7.4/../../../../arm-none-eabi/lib/armv7e-m/fpu\libc.a(lib_a-locale.o)
                0x080119e4                __locale_mb_cur_max
 .text._localeconv_r
                0x080119f0        0xc c:/chibistudio/tools/gnu tools arm embedded/4.7 2014q2/bin/../lib/gcc/arm-none-eabi/4.7.4/../../../../arm-none-eabi/lib/armv7e-m/fpu\libc.a(lib_a-locale.o)
                0x080119f0                _localeconv_r
 .text.__smakebuf_r
                0x080119fc       0xe8 c:/chibistudio/tools/gnu tools arm embedded/4.7 2014q2/bin/../lib/gcc/arm-none-eabi/4.7.4/../../../../arm-none-eabi/lib/armv7e-m/fpu\libc.a(lib_a-makebuf.o)
                0x080119fc                __smakebuf_r
 .text._malloc_r
                0x08011ae4      0x55c c:/chibistudio/tools/gnu tools arm embedded/4.7 2014q2/bin/../lib/gcc/arm-none-eabi/4.7.4/../../../../arm-none-eabi/lib/armv7e-m/fpu\libc.a(lib_a-mallocr.o)
                0x08011ae4                _malloc_r
 .text.memchr   0x08012040      0x140 c:/chibistudio/tools/gnu tools arm embedded/4.7 2014q2/bin/../lib/gcc/arm-none-eabi/4.7.4/../../../../arm-none-eabi/lib/armv7e-m/fpu\libc.a(lib_a-memchr.o)
                0x08012040                memchr
 .text.memmove  0x08012180      0x198 c:/chibistudio/tools/gnu tools arm embedded/4.7 2014q2/bin/../lib/gcc/arm-none-eabi/4.7.4/../../../../arm-none-eabi/lib/armv7e-m/fpu\libc.a(lib_a-memmove.o)
                0x08012180                memmove
 .text.__malloc_lock
                0x08012318        0x4 c:/chibistudio/tools/gnu tools arm embedded/4.7 2014q2/bin/../lib/gcc/arm-none-eabi/4.7.4/../../../../arm-none-eabi/lib/armv7e-m/fpu\libc.a(lib_a-mlock.o)
                0x08012318                __malloc_lock
 .text.__malloc_unlock
                0x0801231c        0x4 c:/chibistudio/tools/gnu tools arm embedded/4.7 2014q2/bin/../lib/gcc/arm-none-eabi/4.7.4/../../../../arm-none-eabi/lib/armv7e-m/fpu\libc.a(lib_a-mlock.o)
                0x0801231c                __malloc_unlock
 .text._Balloc  0x08012320       0x4c c:/chibistudio/tools/gnu tools arm embedded/4.7 2014q2/bin/../lib/gcc/arm-none-eabi/4.7.4/../../../../arm-none-eabi/lib/armv7e-m/fpu\libc.a(lib_a-mprec.o)
                0x08012320                _Balloc
 .text._Bfree   0x0801236c       0x14 c:/chibistudio/tools/gnu tools arm embedded/4.7 2014q2/bin/../lib/gcc/arm-none-eabi/4.7.4/../../../../arm-none-eabi/lib/armv7e-m/fpu\libc.a(lib_a-mprec.o)
                0x0801236c                _Bfree
 .text.__multadd
                0x08012380       0xf8 c:/chibistudio/tools/gnu tools arm embedded/4.7 2014q2/bin/../lib/gcc/arm-none-eabi/4.7.4/../../../../arm-none-eabi/lib/armv7e-m/fpu\libc.a(lib_a-mprec.o)
                0x08012380                __multadd
 .text.__hi0bits
                0x08012478       0x3c c:/chibistudio/tools/gnu tools arm embedded/4.7 2014q2/bin/../lib/gcc/arm-none-eabi/4.7.4/../../../../arm-none-eabi/lib/armv7e-m/fpu\libc.a(lib_a-mprec.o)
                0x08012478                __hi0bits
 .text.__lo0bits
                0x080124b4       0x5c c:/chibistudio/tools/gnu tools arm embedded/4.7 2014q2/bin/../lib/gcc/arm-none-eabi/4.7.4/../../../../arm-none-eabi/lib/armv7e-m/fpu\libc.a(lib_a-mprec.o)
                0x080124b4                __lo0bits
 .text.__i2b    0x08012510       0x14 c:/chibistudio/tools/gnu tools arm embedded/4.7 2014q2/bin/../lib/gcc/arm-none-eabi/4.7.4/../../../../arm-none-eabi/lib/armv7e-m/fpu\libc.a(lib_a-mprec.o)
                0x08012510                __i2b
 .text.__multiply
                0x08012524      0x2d0 c:/chibistudio/tools/gnu tools arm embedded/4.7 2014q2/bin/../lib/gcc/arm-none-eabi/4.7.4/../../../../arm-none-eabi/lib/armv7e-m/fpu\libc.a(lib_a-mprec.o)
                0x08012524                __multiply
 .text.__pow5mult
                0x080127f4       0x94 c:/chibistudio/tools/gnu tools arm embedded/4.7 2014q2/bin/../lib/gcc/arm-none-eabi/4.7.4/../../../../arm-none-eabi/lib/armv7e-m/fpu\libc.a(lib_a-mprec.o)
                0x080127f4                __pow5mult
 .text.__lshift
                0x08012888      0x188 c:/chibistudio/tools/gnu tools arm embedded/4.7 2014q2/bin/../lib/gcc/arm-none-eabi/4.7.4/../../../../arm-none-eabi/lib/armv7e-m/fpu\libc.a(lib_a-mprec.o)
                0x08012888                __lshift
 .text.__mcmp   0x08012a10       0x5c c:/chibistudio/tools/gnu tools arm embedded/4.7 2014q2/bin/../lib/gcc/arm-none-eabi/4.7.4/../../../../arm-none-eabi/lib/armv7e-m/fpu\libc.a(lib_a-mprec.o)
                0x08012a10                __mcmp
 .text.__mdiff  0x08012a6c      0x20c c:/chibistudio/tools/gnu tools arm embedded/4.7 2014q2/bin/../lib/gcc/arm-none-eabi/4.7.4/../../../../arm-none-eabi/lib/armv7e-m/fpu\libc.a(lib_a-mprec.o)
                0x08012a6c                __mdiff
 .text.__d2b    0x08012c78       0xb4 c:/chibistudio/tools/gnu tools arm embedded/4.7 2014q2/bin/../lib/gcc/arm-none-eabi/4.7.4/../../../../arm-none-eabi/lib/armv7e-m/fpu\libc.a(lib_a-mprec.o)
                0x08012c78                __d2b
 .text._realloc_r
                0x08012d2c      0x3dc c:/chibistudio/tools/gnu tools arm embedded/4.7 2014q2/bin/../lib/gcc/arm-none-eabi/4.7.4/../../../../arm-none-eabi/lib/armv7e-m/fpu\libc.a(lib_a-reallocr.o)
                0x08012d2c                _realloc_r
 .text.__fpclassifyd
                0x08013108       0x70 c:/chibistudio/tools/gnu tools arm embedded/4.7 2014q2/bin/../lib/gcc/arm-none-eabi/4.7.4/../../../../arm-none-eabi/lib/armv7e-m/fpu\libc.a(lib_a-s_fpclassify.o)
                0x08013108                __fpclassifyd
 .text._sbrk_r  0x08013178       0x24 c:/chibistudio/tools/gnu tools arm embedded/4.7 2014q2/bin/../lib/gcc/arm-none-eabi/4.7.4/../../../../arm-none-eabi/lib/armv7e-m/fpu\libc.a(lib_a-sbrkr.o)
                0x08013178                _sbrk_r
 .text.__sread  0x0801319c       0x24 c:/chibistudio/tools/gnu tools arm embedded/4.7 2014q2/bin/../lib/gcc/arm-none-eabi/4.7.4/../../../../arm-none-eabi/lib/armv7e-m/fpu\libc.a(lib_a-stdio.o)
                0x0801319c                __sread
 .text.__swrite
                0x080131c0       0x44 c:/chibistudio/tools/gnu tools arm embedded/4.7 2014q2/bin/../lib/gcc/arm-none-eabi/4.7.4/../../../../arm-none-eabi/lib/armv7e-m/fpu\libc.a(lib_a-stdio.o)
                0x080131c0                __swrite
 .text.__sseek  0x08013204       0x24 c:/chibistudio/tools/gnu tools arm embedded/4.7 2014q2/bin/../lib/gcc/arm-none-eabi/4.7.4/../../../../arm-none-eabi/lib/armv7e-m/fpu\libc.a(lib_a-stdio.o)
                0x08013204                __sseek
 .text.__sclose
                0x08013228        0x8 c:/chibistudio/tools/gnu tools arm embedded/4.7 2014q2/bin/../lib/gcc/arm-none-eabi/4.7.4/../../../../arm-none-eabi/lib/armv7e-m/fpu\libc.a(lib_a-stdio.o)
                0x08013228                __sclose
 .text.__ssprint_r
                0x08013230      0x100 c:/chibistudio/tools/gnu tools arm embedded/4.7 2014q2/bin/../lib/gcc/arm-none-eabi/4.7.4/../../../../arm-none-eabi/lib/armv7e-m/fpu\libc.a(lib_a-svfiprintf.o)
                0x08013230                __ssprint_r
 .text.__sprint_r
                0x08013330       0xc0 c:/chibistudio/tools/gnu tools arm embedded/4.7 2014q2/bin/../lib/gcc/arm-none-eabi/4.7.4/../../../../arm-none-eabi/lib/armv7e-m/fpu\libc.a(lib_a-vfiprintf.o)
                0x08013330                __sprint_r
 .text._write_r
                0x080133f0       0x28 c:/chibistudio/tools/gnu tools arm embedded/4.7 2014q2/bin/../lib/gcc/arm-none-eabi/4.7.4/../../../../arm-none-eabi/lib/armv7e-m/fpu\libc.a(lib_a-writer.o)
                0x080133f0                _write_r
 .text._calloc_r
                0x08013418       0x60 c:/chibistudio/tools/gnu tools arm embedded/4.7 2014q2/bin/../lib/gcc/arm-none-eabi/4.7.4/../../../../arm-none-eabi/lib/armv7e-m/fpu\libc.a(lib_a-callocr.o)
                0x08013418                _calloc_r
 .text._close_r
                0x08013478       0x24 c:/chibistudio/tools/gnu tools arm embedded/4.7 2014q2/bin/../lib/gcc/arm-none-eabi/4.7.4/../../../../arm-none-eabi/lib/armv7e-m/fpu\libc.a(lib_a-closer.o)
                0x08013478                _close_r
 .text._fclose_r
                0x0801349c       0x94 c:/chibistudio/tools/gnu tools arm embedded/4.7 2014q2/bin/../lib/gcc/arm-none-eabi/4.7.4/../../../../arm-none-eabi/lib/armv7e-m/fpu\libc.a(lib_a-fclose.o)
                0x0801349c                _fclose_r
 .text.fclose   0x08013530       0x10 c:/chibistudio/tools/gnu tools arm embedded/4.7 2014q2/bin/../lib/gcc/arm-none-eabi/4.7.4/../../../../arm-none-eabi/lib/armv7e-m/fpu\libc.a(lib_a-fclose.o)
                0x08013530                fclose
 .text._fputwc_r
                0x08013540      0x1b0 c:/chibistudio/tools/gnu tools arm embedded/4.7 2014q2/bin/../lib/gcc/arm-none-eabi/4.7.4/../../../../arm-none-eabi/lib/armv7e-m/fpu\libc.a(lib_a-fputwc.o)
                0x08013540                _fputwc_r
 .text._fstat_r
                0x080136f0       0x28 c:/chibistudio/tools/gnu tools arm embedded/4.7 2014q2/bin/../lib/gcc/arm-none-eabi/4.7.4/../../../../arm-none-eabi/lib/armv7e-m/fpu\libc.a(lib_a-fstatr.o)
                0x080136f0                _fstat_r
 .text._isatty_r
                0x08013718       0x24 c:/chibistudio/tools/gnu tools arm embedded/4.7 2014q2/bin/../lib/gcc/arm-none-eabi/4.7.4/../../../../arm-none-eabi/lib/armv7e-m/fpu\libc.a(lib_a-isattyr.o)
                0x08013718                _isatty_r
 .text._lseek_r
                0x0801373c       0x28 c:/chibistudio/tools/gnu tools arm embedded/4.7 2014q2/bin/../lib/gcc/arm-none-eabi/4.7.4/../../../../arm-none-eabi/lib/armv7e-m/fpu\libc.a(lib_a-lseekr.o)
                0x0801373c                _lseek_r
 .text._read_r  0x08013764       0x28 c:/chibistudio/tools/gnu tools arm embedded/4.7 2014q2/bin/../lib/gcc/arm-none-eabi/4.7.4/../../../../arm-none-eabi/lib/armv7e-m/fpu\libc.a(lib_a-readr.o)
                0x08013764                _read_r
 .text.__swbuf_r
                0x0801378c       0xbc c:/chibistudio/tools/gnu tools arm embedded/4.7 2014q2/bin/../lib/gcc/arm-none-eabi/4.7.4/../../../../arm-none-eabi/lib/armv7e-m/fpu\libc.a(lib_a-wbuf.o)
                0x0801378c                __swbuf_r
 .text._wcrtomb_r
                0x08013848       0x50 c:/chibistudio/tools/gnu tools arm embedded/4.7 2014q2/bin/../lib/gcc/arm-none-eabi/4.7.4/../../../../arm-none-eabi/lib/armv7e-m/fpu\libc.a(lib_a-wcrtomb.o)
                0x08013848                _wcrtomb_r
 .text.__ascii_wctomb
                0x08013898       0x1c c:/chibistudio/tools/gnu tools arm embedded/4.7 2014q2/bin/../lib/gcc/arm-none-eabi/4.7.4/../../../../arm-none-eabi/lib/armv7e-m/fpu\libc.a(lib_a-wctomb_r.o)
                0x08013898                __ascii_wctomb
 *(.glue_7)
 .glue_7        0x00000000        0x0 linker stubs
 *(.glue_7t)
 .glue_7t       0x00000000        0x0 linker stubs
 *(.eh_frame)
 .eh_frame      0x080138b4        0x0 c:/chibistudio/tools/gnu tools arm embedded/4.7 2014q2/bin/../lib/gcc/arm-none-eabi/4.7.4/armv7e-m/fpu/crtbegin.o
 *(.init)
 .init          0x080138b4        0x4 c:/chibistudio/tools/gnu tools arm embedded/4.7 2014q2/bin/../lib/gcc/arm-none-eabi/4.7.4/armv7e-m/fpu/crti.o
                0x080138b4                _init
 .init          0x080138b8        0x8 c:/chibistudio/tools/gnu tools arm embedded/4.7 2014q2/bin/../lib/gcc/arm-none-eabi/4.7.4/armv7e-m/fpu/crtn.o
 *(.fini)
 .fini          0x080138c0        0x4 c:/chibistudio/tools/gnu tools arm embedded/4.7 2014q2/bin/../lib/gcc/arm-none-eabi/4.7.4/armv7e-m/fpu/crti.o
                0x080138c0                _fini
 .fini          0x080138c4        0x8 c:/chibistudio/tools/gnu tools arm embedded/4.7 2014q2/bin/../lib/gcc/arm-none-eabi/4.7.4/armv7e-m/fpu/crtn.o
                0x080138cc                . = ALIGN (0x4)
                0x080138cc                _etext = .

.vfp11_veneer   0x080138cc        0x0
 .vfp11_veneer  0x00000000        0x0 linker stubs

.v4_bx          0x080138cc        0x0
 .v4_bx         0x00000000        0x0 linker stubs

.iplt           0x080138cc        0x0
 .iplt          0x00000000        0x0 c:/chibistudio/tools/gnu tools arm embedded/4.7 2014q2/bin/../lib/gcc/arm-none-eabi/4.7.4/armv7e-m/fpu/crtbegin.o

.rodata         0x080138d0      0x680
                0x080138d0                . = ALIGN (0x4)
 *(.rodata)
 .rodata        0x080138d0       0x1c Middlewares/Third_Party/FreeRTOS/Source/tasks.o
 .rodata        0x080138ec      0x138 Utility/shell.o
 .rodata        0x08013a24       0xa4 Src/main.o
 *(.rodata*)
 .rodata.APBAHBPrescTable
                0x08013ac8       0x10 Drivers/STM32F4xx_HAL_Driver/Src/stm32f4xx_hal_rcc.o
                0x08013ac8                APBAHBPrescTable
 .rodata.heapSTRUCT_SIZE
                0x08013ad8        0x2 Middlewares/Third_Party/FreeRTOS/Source/portable/MemMang/heap_2.o
 *fill*         0x08013ada        0x2 00
 .rodata._ZL21os_mutex_def_MutexI2C
                0x08013adc        0x4 Src/i2c.o
 .rodata._ZL12I2C1_PinPack
                0x08013ae0       0x38 Src/i2c.o
 .rodata._ZL12I2C2_PinPack
                0x08013b18       0x54 Src/i2c.o
 .rodata._ZL8spi1pins
                0x08013b6c       0x38 Src/spi.o
 .rodata._ZL8spi2pins
                0x08013ba4       0x54 Src/spi.o
 .rodata._ZL8spi3pins
                0x08013bf8       0x38 Src/spi.o
 .rodata._ZL11spiModeType
                0x08013c30       0x20 Src/spi.o
 .rodata._ZL13spi1StreamMap
                0x08013c50       0x20 Src/spi.o
 .rodata._ZL13spi2StreamMap
                0x08013c70       0x10 Src/spi.o
 .rodata._ZL13spi3StreamMap
                0x08013c80       0x20 Src/spi.o
 .rodata._ctype_
                0x08013ca0      0x104 c:/chibistudio/tools/gnu tools arm embedded/4.7 2014q2/bin/../lib/gcc/arm-none-eabi/4.7.4/../../../../arm-none-eabi/lib/armv7e-m/fpu\libc.a(lib_a-ctype_.o)
                0x08013ca0                _ctype_
 .rodata.str1.4
                0x08013da4        0x2 c:/chibistudio/tools/gnu tools arm embedded/4.7 2014q2/bin/../lib/gcc/arm-none-eabi/4.7.4/../../../../arm-none-eabi/lib/armv7e-m/fpu\libc.a(lib_a-impure.o)
                                  0x4 (size before relaxing)
 *fill*         0x08013da6        0x2 00
 .rodata._global_impure_ptr
                0x08013da8        0x4 c:/chibistudio/tools/gnu tools arm embedded/4.7 2014q2/bin/../lib/gcc/arm-none-eabi/4.7.4/../../../../arm-none-eabi/lib/armv7e-m/fpu\libc.a(lib_a-impure.o)
                0x08013da8                _global_impure_ptr
 .rodata.str1.4
                0x08013dac        0x2 c:/chibistudio/tools/gnu tools arm embedded/4.7 2014q2/bin/../lib/gcc/arm-none-eabi/4.7.4/../../../../arm-none-eabi/lib/armv7e-m/fpu\libc.a(lib_a-puts.o)
                                  0x4 (size before relaxing)
 *fill*         0x08013dae        0x2 00
 .rodata.str1.4
                0x08013db0       0x42 c:/chibistudio/tools/gnu tools arm embedded/4.7 2014q2/bin/../lib/gcc/arm-none-eabi/4.7.4/../../../../arm-none-eabi/lib/armv7e-m/fpu\libc.a(lib_a-svfprintf.o)
                                 0x44 (size before relaxing)
 *fill*         0x08013df2        0x2 00
 .rodata.zeroes.6721
                0x08013df4       0x10 c:/chibistudio/tools/gnu tools arm embedded/4.7 2014q2/bin/../lib/gcc/arm-none-eabi/4.7.4/../../../../arm-none-eabi/lib/armv7e-m/fpu\libc.a(lib_a-svfprintf.o)
 .rodata.blanks.6720
                0x08013e04       0x10 c:/chibistudio/tools/gnu tools arm embedded/4.7 2014q2/bin/../lib/gcc/arm-none-eabi/4.7.4/../../../../arm-none-eabi/lib/armv7e-m/fpu\libc.a(lib_a-svfprintf.o)
 .rodata.blanks.6735
                0x08013e14       0x10 c:/chibistudio/tools/gnu tools arm embedded/4.7 2014q2/bin/../lib/gcc/arm-none-eabi/4.7.4/../../../../arm-none-eabi/lib/armv7e-m/fpu\libc.a(lib_a-vfprintf.o)
 .rodata.str1.4
                0x00000000       0x44 c:/chibistudio/tools/gnu tools arm embedded/4.7 2014q2/bin/../lib/gcc/arm-none-eabi/4.7.4/../../../../arm-none-eabi/lib/armv7e-m/fpu\libc.a(lib_a-vfprintf.o)
 .rodata.zeroes.6736
                0x08013e24       0x10 c:/chibistudio/tools/gnu tools arm embedded/4.7 2014q2/bin/../lib/gcc/arm-none-eabi/4.7.4/../../../../arm-none-eabi/lib/armv7e-m/fpu\libc.a(lib_a-vfprintf.o)
 .rodata.str1.4
                0x08013e34       0x10 c:/chibistudio/tools/gnu tools arm embedded/4.7 2014q2/bin/../lib/gcc/arm-none-eabi/4.7.4/../../../../arm-none-eabi/lib/armv7e-m/fpu\libc.a(lib_a-dtoa.o)
                                 0x14 (size before relaxing)
 .rodata.str1.4
                0x08013e44        0xc c:/chibistudio/tools/gnu tools arm embedded/4.7 2014q2/bin/../lib/gcc/arm-none-eabi/4.7.4/../../../../arm-none-eabi/lib/armv7e-m/fpu\libc.a(lib_a-locale.o)
                                 0x14 (size before relaxing)
 .rodata.p05.5242
                0x08013e50        0xc c:/chibistudio/tools/gnu tools arm embedded/4.7 2014q2/bin/../lib/gcc/arm-none-eabi/4.7.4/../../../../arm-none-eabi/lib/armv7e-m/fpu\libc.a(lib_a-mprec.o)
 *fill*         0x08013e5c        0x4 00
 .rodata.__mprec_tens
                0x08013e60       0xc8 c:/chibistudio/tools/gnu tools arm embedded/4.7 2014q2/bin/../lib/gcc/arm-none-eabi/4.7.4/../../../../arm-none-eabi/lib/armv7e-m/fpu\libc.a(lib_a-mprec.o)
                0x08013e60                __mprec_tens
 .rodata.__mprec_bigtens
                0x08013f28       0x28 c:/chibistudio/tools/gnu tools arm embedded/4.7 2014q2/bin/../lib/gcc/arm-none-eabi/4.7.4/../../../../arm-none-eabi/lib/armv7e-m/fpu\libc.a(lib_a-mprec.o)
                0x08013f28                __mprec_bigtens
                0x08013f50                . = ALIGN (0x4)

.ARM.extab
 *(.ARM.extab* .gnu.linkonce.armextab.*)

.ARM            0x08013f50        0x8
                0x08013f50                __exidx_start = .
 *(.ARM.exidx*)
 .ARM.exidx     0x08013f50        0x8 c:/chibistudio/tools/gnu tools arm embedded/4.7 2014q2/bin/../lib/gcc/arm-none-eabi/4.7.4/armv7e-m/fpu\libgcc.a(_divdi3.o)
 .ARM.exidx     0x08013f58        0x0 c:/chibistudio/tools/gnu tools arm embedded/4.7 2014q2/bin/../lib/gcc/arm-none-eabi/4.7.4/armv7e-m/fpu\libgcc.a(_udivdi3.o)
                                  0x8 (size before relaxing)
                0x08013f58                __exidx_end = .

.rel.dyn        0x08013f58        0x0
 .rel.iplt      0x00000000        0x0 c:/chibistudio/tools/gnu tools arm embedded/4.7 2014q2/bin/../lib/gcc/arm-none-eabi/4.7.4/armv7e-m/fpu/crtbegin.o

.preinit_array  0x08013f58        0x0
                0x08013f58                PROVIDE (__preinit_array_start, .)
 *(.preinit_array*)
                0x08013f58                PROVIDE (__preinit_array_end, .)

.init_array     0x08013f58       0x10
                0x08013f58                PROVIDE (__init_array_start, .)
 *(SORT(.init_array.*))
 .init_array.00000
                0x08013f58        0x4 c:/chibistudio/tools/gnu tools arm embedded/4.7 2014q2/bin/../lib/gcc/arm-none-eabi/4.7.4/../../../../arm-none-eabi/lib/armv7e-m/fpu\libc.a(lib_a-__call_atexit.o)
 *(.init_array*)
 .init_array    0x08013f5c        0x4 c:/chibistudio/tools/gnu tools arm embedded/4.7 2014q2/bin/../lib/gcc/arm-none-eabi/4.7.4/armv7e-m/fpu/crtbegin.o
 .init_array    0x08013f60        0x4 Src/i2c.o
 .init_array    0x08013f64        0x4 Src/spi.o
                0x08013f68                PROVIDE (__init_array_end, .)

.fini_array     0x08013f68        0x4
                0x08013f68                PROVIDE (__fini_array_start, .)
 *(SORT(.fini_array.*))
 *(.fini_array*)
 .fini_array    0x08013f68        0x4 c:/chibistudio/tools/gnu tools arm embedded/4.7 2014q2/bin/../lib/gcc/arm-none-eabi/4.7.4/armv7e-m/fpu/crtbegin.o
                0x08013f6c                PROVIDE (__fini_array_end, .)
                0x08013f6c                _sidata = LOADADDR (.data)

.data           0x20000000      0x8e4 load address 0x08013f6c
                0x20000000                . = ALIGN (0x4)
                0x20000000                _sdata = .
 *(.data)
 *(.data*)
 .data.xNextTaskUnblockTime
                0x20000000        0x4 Middlewares/Third_Party/FreeRTOS/Source/tasks.o
 .data.uxCriticalNesting
                0x20000004        0x4 Middlewares/Third_Party/FreeRTOS/Source/portable/GCC/ARM_CM4F/port.o
 .data.xFreeBytesRemaining
                0x20000008        0x4 Middlewares/Third_Party/FreeRTOS/Source/portable/MemMang/heap_2.o
 .data.local_commands
                0x2000000c       0x18 Utility/shell.o
 .data.Stat     0x20000024        0x1 Src/user_diskio.o
 *fill*         0x20000025        0x3 00
 .data.USER_Driver
                0x20000028       0x14 Src/user_diskio.o
                0x20000028                USER_Driver
 .data.SystemCoreClock
                0x2000003c        0x4 Src/system_stm32f4xx.o
                0x2000003c                SystemCoreClock
 .data.__ctype_ptr__
                0x20000040        0x4 c:/chibistudio/tools/gnu tools arm embedded/4.7 2014q2/bin/../lib/gcc/arm-none-eabi/4.7.4/../../../../arm-none-eabi/lib/armv7e-m/fpu\libc.a(lib_a-ctype_.o)
                0x20000040                __ctype_ptr__
 *fill*         0x20000044        0x4 00
 .data.impure_data
                0x20000048      0x428 c:/chibistudio/tools/gnu tools arm embedded/4.7 2014q2/bin/../lib/gcc/arm-none-eabi/4.7.4/../../../../arm-none-eabi/lib/armv7e-m/fpu\libc.a(lib_a-impure.o)
 .data._impure_ptr
                0x20000470        0x4 c:/chibistudio/tools/gnu tools arm embedded/4.7 2014q2/bin/../lib/gcc/arm-none-eabi/4.7.4/../../../../arm-none-eabi/lib/armv7e-m/fpu\libc.a(lib_a-impure.o)
                0x20000470                _impure_ptr
 .data.lconv    0x20000474       0x38 c:/chibistudio/tools/gnu tools arm embedded/4.7 2014q2/bin/../lib/gcc/arm-none-eabi/4.7.4/../../../../arm-none-eabi/lib/armv7e-m/fpu\libc.a(lib_a-locale.o)
 .data.lc_ctype_charset
                0x200004ac       0x20 c:/chibistudio/tools/gnu tools arm embedded/4.7 2014q2/bin/../lib/gcc/arm-none-eabi/4.7.4/../../../../arm-none-eabi/lib/armv7e-m/fpu\libc.a(lib_a-locale.o)
 .data.__mb_cur_max
                0x200004cc        0x4 c:/chibistudio/tools/gnu tools arm embedded/4.7 2014q2/bin/../lib/gcc/arm-none-eabi/4.7.4/../../../../arm-none-eabi/lib/armv7e-m/fpu\libc.a(lib_a-locale.o)
                0x200004cc                __mb_cur_max
 .data.__malloc_av_
                0x200004d0      0x408 c:/chibistudio/tools/gnu tools arm embedded/4.7 2014q2/bin/../lib/gcc/arm-none-eabi/4.7.4/../../../../arm-none-eabi/lib/armv7e-m/fpu\libc.a(lib_a-mallocr.o)
                0x200004d0                __malloc_av_
 .data.__malloc_trim_threshold
                0x200008d8        0x4 c:/chibistudio/tools/gnu tools arm embedded/4.7 2014q2/bin/../lib/gcc/arm-none-eabi/4.7.4/../../../../arm-none-eabi/lib/armv7e-m/fpu\libc.a(lib_a-mallocr.o)
                0x200008d8                __malloc_trim_threshold
 .data.__malloc_sbrk_base
                0x200008dc        0x4 c:/chibistudio/tools/gnu tools arm embedded/4.7 2014q2/bin/../lib/gcc/arm-none-eabi/4.7.4/../../../../arm-none-eabi/lib/armv7e-m/fpu\libc.a(lib_a-mallocr.o)
                0x200008dc                __malloc_sbrk_base
 .data.__wctomb
                0x200008e0        0x4 c:/chibistudio/tools/gnu tools arm embedded/4.7 2014q2/bin/../lib/gcc/arm-none-eabi/4.7.4/../../../../arm-none-eabi/lib/armv7e-m/fpu\libc.a(lib_a-wctomb_r.o)
                0x200008e0                __wctomb
                0x200008e4                . = ALIGN (0x4)
                0x200008e4                _edata = .
                0x08014850                _siccmram = LOADADDR (.ccmram)

.jcr            0x200008e4        0x0 load address 0x08014850
 .jcr           0x200008e4        0x0 c:/chibistudio/tools/gnu tools arm embedded/4.7 2014q2/bin/../lib/gcc/arm-none-eabi/4.7.4/armv7e-m/fpu/crtbegin.o

.igot.plt       0x200008e4        0x0 load address 0x08014850
 .igot.plt      0x00000000        0x0 c:/chibistudio/tools/gnu tools arm embedded/4.7 2014q2/bin/../lib/gcc/arm-none-eabi/4.7.4/armv7e-m/fpu/crtbegin.o

.ccmram         0x10000000        0x0 load address 0x08014850
                0x10000000                . = ALIGN (0x4)
                0x10000000                _sccmram = .
 *(.ccmram)
 *(.ccmram*)
                0x10000000                . = ALIGN (0x4)
                0x10000000                _eccmram = .
                0x10000000                . = ALIGN (0x4)

.bss            0x200008e4    0x1051c
                0x200008e4                _sbss = .
                0x200008e4                __bss_start__ = _sbss
 *(.bss)
 .bss           0x200008e4       0x1c c:/chibistudio/tools/gnu tools arm embedded/4.7 2014q2/bin/../lib/gcc/arm-none-eabi/4.7.4/armv7e-m/fpu/crtbegin.o
 *(.bss*)
 .bss.uwTick    0x20000900        0x4 Drivers/STM32F4xx_HAL_Driver/Src/stm32f4xx_hal.o
 .bss.pxCurrentTCB
                0x20000904        0x4 Middlewares/Third_Party/FreeRTOS/Source/tasks.o
                0x20000904                pxCurrentTCB
 .bss.pxReadyTasksLists
                0x20000908       0x8c Middlewares/Third_Party/FreeRTOS/Source/tasks.o
 .bss.xDelayedTaskList1
                0x20000994       0x14 Middlewares/Third_Party/FreeRTOS/Source/tasks.o
 .bss.xDelayedTaskList2
                0x200009a8       0x14 Middlewares/Third_Party/FreeRTOS/Source/tasks.o
 .bss.pxDelayedTaskList
                0x200009bc        0x4 Middlewares/Third_Party/FreeRTOS/Source/tasks.o
 .bss.pxOverflowDelayedTaskList
                0x200009c0        0x4 Middlewares/Third_Party/FreeRTOS/Source/tasks.o
 .bss.xPendingReadyList
                0x200009c4       0x14 Middlewares/Third_Party/FreeRTOS/Source/tasks.o
 .bss.xTasksWaitingTermination
                0x200009d8       0x14 Middlewares/Third_Party/FreeRTOS/Source/tasks.o
 .bss.uxTasksDeleted
                0x200009ec        0x4 Middlewares/Third_Party/FreeRTOS/Source/tasks.o
 .bss.xSuspendedTaskList
                0x200009f0       0x14 Middlewares/Third_Party/FreeRTOS/Source/tasks.o
 .bss.uxCurrentNumberOfTasks
                0x20000a04        0x4 Middlewares/Third_Party/FreeRTOS/Source/tasks.o
 .bss.xTickCount
                0x20000a08        0x4 Middlewares/Third_Party/FreeRTOS/Source/tasks.o
 .bss.uxTopReadyPriority
                0x20000a0c        0x4 Middlewares/Third_Party/FreeRTOS/Source/tasks.o
 .bss.xSchedulerRunning
                0x20000a10        0x4 Middlewares/Third_Party/FreeRTOS/Source/tasks.o
 .bss.uxSchedulerSuspended
                0x20000a14        0x4 Middlewares/Third_Party/FreeRTOS/Source/tasks.o
 .bss.uxPendedTicks
                0x20000a18        0x4 Middlewares/Third_Party/FreeRTOS/Source/tasks.o
 .bss.xYieldPending
                0x20000a1c        0x4 Middlewares/Third_Party/FreeRTOS/Source/tasks.o
 .bss.xNumOfOverflows
                0x20000a20        0x4 Middlewares/Third_Party/FreeRTOS/Source/tasks.o
 .bss.uxTaskNumber
                0x20000a24        0x4 Middlewares/Third_Party/FreeRTOS/Source/tasks.o
 .bss.ucMaxSysCallPriority
                0x20000a28        0x1 Middlewares/Third_Party/FreeRTOS/Source/portable/GCC/ARM_CM4F/port.o
 *fill*         0x20000a29        0x3 00
 .bss.ulMaxPRIGROUPValue
                0x20000a2c        0x4 Middlewares/Third_Party/FreeRTOS/Source/portable/GCC/ARM_CM4F/port.o
 .bss.ucHeap    0x20000a30    0x10000 Middlewares/Third_Party/FreeRTOS/Source/portable/MemMang/heap_2.o
 .bss.xStart    0x20010a30        0x8 Middlewares/Third_Party/FreeRTOS/Source/portable/MemMang/heap_2.o
 .bss.xEnd      0x20010a38        0x8 Middlewares/Third_Party/FreeRTOS/Source/portable/MemMang/heap_2.o
 .bss.xHeapHasBeenInitialised.4880
                0x20010a40        0x4 Middlewares/Third_Party/FreeRTOS/Source/portable/MemMang/heap_2.o
 .bss.disk      0x20010a44        0xc Middlewares/Third_Party/FatFs/src/ff_gen_drv.o
                0x20010a44                disk
 .bss.phtim     0x20010a50        0x4 Utility/delay.o
 .bss.heap_end.8781
                0x20010a54        0x4 Utility/syscalls.o
 .bss.phuart    0x20010a58        0x4 Utility/serial.o
 .bss.hiwdg     0x20010a5c       0x10 Src/iwdg.o
                0x20010a5c                hiwdg
 .bss.hcrc      0x20010a6c        0x8 Src/crc.o
                0x20010a6c                hcrc
 .bss.htim3     0x20010a74       0x3c Src/tim.o
                0x20010a74                htim3
 .bss.huart1    0x20010ab0       0x3c Src/usart.o
                0x20010ab0                huart1
 .bss.huart3    0x20010aec       0x3c Src/usart.o
                0x20010aec                huart3
 .bss.I2C_1     0x20010b28       0x40 Src/i2c.o
                0x20010b28                I2C_1
 .bss.I2C_2     0x20010b68       0x40 Src/i2c.o
                0x20010b68                I2C_2
 .bss.hspi1     0x20010ba8       0x54 Src/spi.o
                0x20010ba8                hspi1
 .bss.hdma_spi1_rx
                0x20010bfc       0x50 Src/spi.o
                0x20010bfc                hdma_spi1_rx
 .bss.hdma_spi1_tx
                0x20010c4c       0x50 Src/spi.o
                0x20010c4c                hdma_spi1_tx
 .bss.SPI_1     0x20010c9c       0x18 Src/spi.o
                0x20010c9c                SPI_1
 .bss.hspi2     0x20010cb4       0x54 Src/spi.o
                0x20010cb4                hspi2
 .bss.hdma_spi2_rx
                0x20010d08       0x50 Src/spi.o
                0x20010d08                hdma_spi2_rx
 .bss.hdma_spi2_tx
                0x20010d58       0x50 Src/spi.o
                0x20010d58                hdma_spi2_tx
 .bss.SPI_2     0x20010da8       0x18 Src/spi.o
                0x20010da8                SPI_2
 .bss.USER_DriverNum
                0x20010dc0        0x1 Src/main.o
                0x20010dc0                USER_DriverNum
 *fill*         0x20010dc1        0x3 00
 .bss.USER_Path
                0x20010dc4        0x4 Src/main.o
                0x20010dc4                USER_Path
 .bss.__malloc_max_total_mem
                0x20010dc8        0x4 c:/chibistudio/tools/gnu tools arm embedded/4.7 2014q2/bin/../lib/gcc/arm-none-eabi/4.7.4/../../../../arm-none-eabi/lib/armv7e-m/fpu\libc.a(lib_a-mallocr.o)
                0x20010dc8                __malloc_max_total_mem
 .bss.__malloc_max_sbrked_mem
                0x20010dcc        0x4 c:/chibistudio/tools/gnu tools arm embedded/4.7 2014q2/bin/../lib/gcc/arm-none-eabi/4.7.4/../../../../arm-none-eabi/lib/armv7e-m/fpu\libc.a(lib_a-mallocr.o)
                0x20010dcc                __malloc_max_sbrked_mem
 .bss.__malloc_top_pad
                0x20010dd0        0x4 c:/chibistudio/tools/gnu tools arm embedded/4.7 2014q2/bin/../lib/gcc/arm-none-eabi/4.7.4/../../../../arm-none-eabi/lib/armv7e-m/fpu\libc.a(lib_a-mallocr.o)
                0x20010dd0                __malloc_top_pad
 .bss.__malloc_current_mallinfo
                0x20010dd4       0x28 c:/chibistudio/tools/gnu tools arm embedded/4.7 2014q2/bin/../lib/gcc/arm-none-eabi/4.7.4/../../../../arm-none-eabi/lib/armv7e-m/fpu\libc.a(lib_a-mallocr.o)
                0x20010dd4                __malloc_current_mallinfo
 *(COMMON)
 COMMON         0x20010dfc        0x4 c:/chibistudio/tools/gnu tools arm embedded/4.7 2014q2/bin/../lib/gcc/arm-none-eabi/4.7.4/../../../../arm-none-eabi/lib/armv7e-m/fpu\libc.a(lib_a-reent.o)
                0x20010dfc                errno
                0x20010e00                . = ALIGN (0x4)
                0x20010e00                _ebss = .
                0x20010e00                __bss_end__ = _ebss

._user_heap_stack
                0x20010e00      0x400
                0x20010e00                . = ALIGN (0x4)
                0x20010e00                PROVIDE (end, .)
                0x20010e00                PROVIDE (_end, .)
                0x20010e00                . = (. + _Min_Heap_Size)
                0x20011200                . = (. + _Min_Stack_Size)
 *fill*         0x20010e00      0x400 00
                0x20011200                . = ALIGN (0x4)

/DISCARD/
 libc.a(*)
 libm.a(*)
 libgcc.a(*)

.ARM.attributes
                0x00000000       0x32
 *(.ARM.attributes)
 .ARM.attributes
                0x00000000       0x24 c:/chibistudio/tools/gnu tools arm embedded/4.7 2014q2/bin/../lib/gcc/arm-none-eabi/4.7.4/armv7e-m/fpu/crti.o
 .ARM.attributes
                0x00000024       0x36 c:/chibistudio/tools/gnu tools arm embedded/4.7 2014q2/bin/../lib/gcc/arm-none-eabi/4.7.4/armv7e-m/fpu/crtbegin.o
 .ARM.attributes
                0x0000005a       0x3b Drivers/STM32F4xx_HAL_Driver/Src/stm32f4xx_hal.o
 .ARM.attributes
                0x00000095       0x3b Drivers/STM32F4xx_HAL_Driver/Src/stm32f4xx_hal_cortex.o
 .ARM.attributes
                0x000000d0       0x3b Drivers/STM32F4xx_HAL_Driver/Src/stm32f4xx_hal_crc.o
 .ARM.attributes
                0x0000010b       0x3b Drivers/STM32F4xx_HAL_Driver/Src/stm32f4xx_hal_dma.o
 .ARM.attributes
                0x00000146       0x3b Drivers/STM32F4xx_HAL_Driver/Src/stm32f4xx_hal_gpio.o
 .ARM.attributes
                0x00000181       0x3b Drivers/STM32F4xx_HAL_Driver/Src/stm32f4xx_hal_i2c.o
 .ARM.attributes
                0x000001bc       0x3b Drivers/STM32F4xx_HAL_Driver/Src/stm32f4xx_hal_iwdg.o
 .ARM.attributes
                0x000001f7       0x3b Drivers/STM32F4xx_HAL_Driver/Src/stm32f4xx_hal_rcc.o
 .ARM.attributes
                0x00000232       0x3b Drivers/STM32F4xx_HAL_Driver/Src/stm32f4xx_hal_spi.o
 .ARM.attributes
                0x0000026d       0x3b Drivers/STM32F4xx_HAL_Driver/Src/stm32f4xx_hal_tim.o
 .ARM.attributes
                0x000002a8       0x3b Drivers/STM32F4xx_HAL_Driver/Src/stm32f4xx_hal_tim_ex.o
 .ARM.attributes
                0x000002e3       0x3b Drivers/STM32F4xx_HAL_Driver/Src/stm32f4xx_hal_uart.o
 .ARM.attributes
                0x0000031e       0x3b Middlewares/Third_Party/FreeRTOS/Source/list.o
 .ARM.attributes
                0x00000359       0x3b Middlewares/Third_Party/FreeRTOS/Source/queue.o
 .ARM.attributes
                0x00000394       0x3b Middlewares/Third_Party/FreeRTOS/Source/tasks.o
 .ARM.attributes
                0x000003cf       0x3b Middlewares/Third_Party/FreeRTOS/Source/CMSIS_RTOS/cmsis_os.o
 .ARM.attributes
                0x0000040a       0x3b Middlewares/Third_Party/FreeRTOS/Source/portable/GCC/ARM_CM4F/port.o
 .ARM.attributes
                0x00000445       0x3b Middlewares/Third_Party/FreeRTOS/Source/portable/MemMang/heap_2.o
 .ARM.attributes
                0x00000480       0x3b Middlewares/Third_Party/FatFs/src/ff_gen_drv.o
 .ARM.attributes
                0x000004bb       0x3b I2CPeripherals/ioext.o
 .ARM.attributes
                0x000004f6       0x3b Utility/delay.o
 .ARM.attributes
                0x00000531       0x3b Utility/syscalls.o
 .ARM.attributes
                0x0000056c       0x3b Utility/serial.o
 .ARM.attributes
                0x000005a7       0x3b Utility/shell.o
 .ARM.attributes
                0x000005e2       0x3b Utility/utility.o
 .ARM.attributes
                0x0000061d       0x3b Src/freertos.o
 .ARM.attributes
                0x00000658       0x3b Src/gpio.o
 .ARM.attributes
                0x00000693       0x3b Src/iwdg.o
 .ARM.attributes
                0x000006ce       0x3b Src/dma.o
 .ARM.attributes
                0x00000709       0x3b Src/crc.o
 .ARM.attributes
                0x00000744       0x3b Src/stm32f4xx_hal_msp.o
 .ARM.attributes
                0x0000077f       0x3b Src/stm32f4xx_it.o
 .ARM.attributes
                0x000007ba       0x3b Src/tim.o
 .ARM.attributes
                0x000007f5       0x3b Src/usart.o
 .ARM.attributes
                0x00000830       0x3b Src/usb_otg.o
 .ARM.attributes
                0x0000086b       0x3b Src/user_diskio.o
 .ARM.attributes
                0x000008a6       0x3b Src/system_stm32f4xx.o
 .ARM.attributes
                0x000008e1       0x3b Src/i2c.o
 .ARM.attributes
                0x0000091c       0x3b Src/sharedi2c.o
 .ARM.attributes
                0x00000957       0x3b Src/spi.o
 .ARM.attributes
                0x00000992       0x3b Src/main.o
 .ARM.attributes
                0x000009cd       0x21 Src/startup_stm32f415xx.o
 .ARM.attributes
                0x000009ee       0x36 c:/chibistudio/tools/gnu tools arm embedded/4.7 2014q2/bin/../lib/gcc/arm-none-eabi/4.7.4/../../../../arm-none-eabi/lib/armv7e-m/fpu\libc.a(lib_a-__atexit.o)
 .ARM.attributes
                0x00000a24       0x36 c:/chibistudio/tools/gnu tools arm embedded/4.7 2014q2/bin/../lib/gcc/arm-none-eabi/4.7.4/../../../../arm-none-eabi/lib/armv7e-m/fpu\libc.a(lib_a-ctype_.o)
 .ARM.attributes
                0x00000a5a       0x36 c:/chibistudio/tools/gnu tools arm embedded/4.7 2014q2/bin/../lib/gcc/arm-none-eabi/4.7.4/../../../../arm-none-eabi/lib/armv7e-m/fpu\libc.a(lib_a-fini.o)
 .ARM.attributes
                0x00000a90       0x36 c:/chibistudio/tools/gnu tools arm embedded/4.7 2014q2/bin/../lib/gcc/arm-none-eabi/4.7.4/../../../../arm-none-eabi/lib/armv7e-m/fpu\libc.a(lib_a-impure.o)
 .ARM.attributes
                0x00000ac6       0x36 c:/chibistudio/tools/gnu tools arm embedded/4.7 2014q2/bin/../lib/gcc/arm-none-eabi/4.7.4/../../../../arm-none-eabi/lib/armv7e-m/fpu\libc.a(lib_a-init.o)
 .ARM.attributes
                0x00000afc       0x36 c:/chibistudio/tools/gnu tools arm embedded/4.7 2014q2/bin/../lib/gcc/arm-none-eabi/4.7.4/../../../../arm-none-eabi/lib/armv7e-m/fpu\libc.a(lib_a-memcpy.o)
 .ARM.attributes
                0x00000b32       0x36 c:/chibistudio/tools/gnu tools arm embedded/4.7 2014q2/bin/../lib/gcc/arm-none-eabi/4.7.4/../../../../arm-none-eabi/lib/armv7e-m/fpu\libc.a(lib_a-memset.o)
 .ARM.attributes
                0x00000b68       0x36 c:/chibistudio/tools/gnu tools arm embedded/4.7 2014q2/bin/../lib/gcc/arm-none-eabi/4.7.4/../../../../arm-none-eabi/lib/armv7e-m/fpu\libc.a(lib_a-printf.o)
 .ARM.attributes
                0x00000b9e       0x36 c:/chibistudio/tools/gnu tools arm embedded/4.7 2014q2/bin/../lib/gcc/arm-none-eabi/4.7.4/../../../../arm-none-eabi/lib/armv7e-m/fpu\libc.a(lib_a-puts.o)
 .ARM.attributes
                0x00000bd4       0x36 c:/chibistudio/tools/gnu tools arm embedded/4.7 2014q2/bin/../lib/gcc/arm-none-eabi/4.7.4/../../../../arm-none-eabi/lib/armv7e-m/fpu\libc.a(lib_a-reent.o)
 .ARM.attributes
                0x00000c0a       0x36 c:/chibistudio/tools/gnu tools arm embedded/4.7 2014q2/bin/../lib/gcc/arm-none-eabi/4.7.4/../../../../arm-none-eabi/lib/armv7e-m/fpu\libc.a(lib_a-sprintf.o)
 .ARM.attributes
                0x00000c40       0x36 c:/chibistudio/tools/gnu tools arm embedded/4.7 2014q2/bin/../lib/gcc/arm-none-eabi/4.7.4/../../../../arm-none-eabi/lib/armv7e-m/fpu\libc.a(lib_a-strcasecmp.o)
 .ARM.attributes
                0x00000c76       0x36 c:/chibistudio/tools/gnu tools arm embedded/4.7 2014q2/bin/../lib/gcc/arm-none-eabi/4.7.4/../../../../arm-none-eabi/lib/armv7e-m/fpu\libc.a(lib_a-strlen.o)
 .ARM.attributes
                0x00000cac       0x36 c:/chibistudio/tools/gnu tools arm embedded/4.7 2014q2/bin/../lib/gcc/arm-none-eabi/4.7.4/../../../../arm-none-eabi/lib/armv7e-m/fpu\libc.a(lib_a-strpbrk.o)
 .ARM.attributes
                0x00000ce2       0x36 c:/chibistudio/tools/gnu tools arm embedded/4.7 2014q2/bin/../lib/gcc/arm-none-eabi/4.7.4/../../../../arm-none-eabi/lib/armv7e-m/fpu\libc.a(lib_a-strspn.o)
 .ARM.attributes
                0x00000d18       0x36 c:/chibistudio/tools/gnu tools arm embedded/4.7 2014q2/bin/../lib/gcc/arm-none-eabi/4.7.4/../../../../arm-none-eabi/lib/armv7e-m/fpu\libc.a(lib_a-svfprintf.o)
 .ARM.attributes
                0x00000d4e       0x36 c:/chibistudio/tools/gnu tools arm embedded/4.7 2014q2/bin/../lib/gcc/arm-none-eabi/4.7.4/../../../../arm-none-eabi/lib/armv7e-m/fpu\libc.a(lib_a-vfprintf.o)
 .ARM.attributes
                0x00000d84       0x36 c:/chibistudio/tools/gnu tools arm embedded/4.7 2014q2/bin/../lib/gcc/arm-none-eabi/4.7.4/../../../../arm-none-eabi/lib/armv7e-m/fpu\libc.a(lib_a-wsetup.o)
 .ARM.attributes
                0x00000dba       0x36 c:/chibistudio/tools/gnu tools arm embedded/4.7 2014q2/bin/../lib/gcc/arm-none-eabi/4.7.4/../../../../arm-none-eabi/lib/armv7e-m/fpu\libc.a(lib_a-__call_atexit.o)
 .ARM.attributes
                0x00000df0       0x36 c:/chibistudio/tools/gnu tools arm embedded/4.7 2014q2/bin/../lib/gcc/arm-none-eabi/4.7.4/../../../../arm-none-eabi/lib/armv7e-m/fpu\libc.a(lib_a-atexit.o)
 .ARM.attributes
                0x00000e26       0x36 c:/chibistudio/tools/gnu tools arm embedded/4.7 2014q2/bin/../lib/gcc/arm-none-eabi/4.7.4/../../../../arm-none-eabi/lib/armv7e-m/fpu\libc.a(lib_a-dtoa.o)
 .ARM.attributes
                0x00000e5c       0x36 c:/chibistudio/tools/gnu tools arm embedded/4.7 2014q2/bin/../lib/gcc/arm-none-eabi/4.7.4/../../../../arm-none-eabi/lib/armv7e-m/fpu\libc.a(lib_a-fflush.o)
 .ARM.attributes
                0x00000e92       0x36 c:/chibistudio/tools/gnu tools arm embedded/4.7 2014q2/bin/../lib/gcc/arm-none-eabi/4.7.4/../../../../arm-none-eabi/lib/armv7e-m/fpu\libc.a(lib_a-findfp.o)
 .ARM.attributes