Component: ARM Compiler 5.05 (build 41) Tool: armlink [4d0eb9]

==============================================================================

Section Cross References

    startup_stm32f415xx.o(RESET) refers to startup_stm32f415xx.o(STACK) for __initial_sp
    startup_stm32f415xx.o(RESET) refers to startup_stm32f415xx.o(.text) for Reset_Handler
    startup_stm32f415xx.o(RESET) refers to port.o(.emb_text) for SVC_Handler
    startup_stm32f415xx.o(RESET) refers to stm32f4xx_it.o(i.SysTick_Handler) for SysTick_Handler
    startup_stm32f415xx.o(RESET) refers to stm32f4xx_it.o(i.EXTI4_IRQHandler) for EXTI4_IRQHandler
    startup_stm32f415xx.o(RESET) refers to stm32f4xx_it.o(i.EXTI9_5_IRQHandler) for EXTI9_5_IRQHandler
    startup_stm32f415xx.o(RESET) refers to stm32f4xx_it.o(i.SPI1_IRQHandler) for SPI1_IRQHandler
    startup_stm32f415xx.o(RESET) refers to stm32f4xx_it.o(i.DMA2_Stream0_IRQHandler) for DMA2_Stream0_IRQHandler
    startup_stm32f415xx.o(RESET) refers to stm32f4xx_it.o(i.DMA2_Stream3_IRQHandler) for DMA2_Stream3_IRQHandler
    startup_stm32f415xx.o(.text) refers to system_stm32f4xx.o(i.SystemInit) for SystemInit
    startup_stm32f415xx.o(.text) refers to entry.o(.ARM.Collect$$$$00000000) for __main
    crc.o(i.MX_CRC_Init) refers to stm32f4xx_hal_crc.o(i.HAL_CRC_Init) for HAL_CRC_Init
    crc.o(i.MX_CRC_Init) refers to crc.o(.data) for .data
    dma.o(i.MX_DMA_Init) refers to stm32f4xx_hal_cortex.o(i.HAL_NVIC_SetPriorityGrouping) for HAL_NVIC_SetPriorityGrouping
    dma.o(i.MX_DMA_Init) refers to stm32f4xx_hal_cortex.o(i.HAL_NVIC_SetPriority) for HAL_NVIC_SetPriority
    dma.o(i.MX_DMA_Init) refers to stm32f4xx_hal_cortex.o(i.HAL_NVIC_EnableIRQ) for HAL_NVIC_EnableIRQ
    gpio.o(i.MX_GPIO_Init) refers to stm32f4xx_hal_gpio.o(i.HAL_GPIO_Init) for HAL_GPIO_Init
    gpio.o(i.MX_GPIO_Init) refers to stm32f4xx_hal_cortex.o(i.HAL_NVIC_SetPriorityGrouping) for HAL_NVIC_SetPriorityGrouping
    gpio.o(i.MX_GPIO_Init) refers to stm32f4xx_hal_cortex.o(i.HAL_NVIC_SetPriority) for HAL_NVIC_SetPriority
    gpio.o(i.MX_GPIO_Init) refers to stm32f4xx_hal_cortex.o(i.HAL_NVIC_EnableIRQ) for HAL_NVIC_EnableIRQ
    iwdg.o(i.MX_IWDG_Init) refers to stm32f4xx_hal_iwdg.o(i.HAL_IWDG_Init) for HAL_IWDG_Init
    iwdg.o(i.MX_IWDG_Init) refers to iwdg.o(.bss) for .bss
    stm32f4xx_it.o(i.DMA2_Stream0_IRQHandler) refers to stm32f4xx_hal_cortex.o(i.HAL_NVIC_ClearPendingIRQ) for HAL_NVIC_ClearPendingIRQ
    stm32f4xx_it.o(i.DMA2_Stream0_IRQHandler) refers to stm32f4xx_hal_dma.o(i.HAL_DMA_IRQHandler) for HAL_DMA_IRQHandler
    stm32f4xx_it.o(i.DMA2_Stream0_IRQHandler) refers to spi.o(.bss) for hdma_spi1_rx
    stm32f4xx_it.o(i.DMA2_Stream3_IRQHandler) refers to stm32f4xx_hal_cortex.o(i.HAL_NVIC_ClearPendingIRQ) for HAL_NVIC_ClearPendingIRQ
    stm32f4xx_it.o(i.DMA2_Stream3_IRQHandler) refers to stm32f4xx_hal_dma.o(i.HAL_DMA_IRQHandler) for HAL_DMA_IRQHandler
    stm32f4xx_it.o(i.DMA2_Stream3_IRQHandler) refers to spi.o(.bss) for hdma_spi1_tx
    stm32f4xx_it.o(i.EXTI4_IRQHandler) refers to stm32f4xx_hal_cortex.o(i.HAL_NVIC_ClearPendingIRQ) for HAL_NVIC_ClearPendingIRQ
    stm32f4xx_it.o(i.EXTI4_IRQHandler) refers to stm32f4xx_hal_gpio.o(i.HAL_GPIO_EXTI_IRQHandler) for HAL_GPIO_EXTI_IRQHandler
    stm32f4xx_it.o(i.EXTI9_5_IRQHandler) refers to stm32f4xx_hal_cortex.o(i.HAL_NVIC_ClearPendingIRQ) for HAL_NVIC_ClearPendingIRQ
    stm32f4xx_it.o(i.EXTI9_5_IRQHandler) refers to stm32f4xx_hal_gpio.o(i.HAL_GPIO_EXTI_IRQHandler) for HAL_GPIO_EXTI_IRQHandler
    stm32f4xx_it.o(i.SPI1_IRQHandler) refers to stm32f4xx_hal_cortex.o(i.HAL_NVIC_ClearPendingIRQ) for HAL_NVIC_ClearPendingIRQ
    stm32f4xx_it.o(i.SPI1_IRQHandler) refers to stm32f4xx_hal_spi.o(i.HAL_SPI_IRQHandler) for HAL_SPI_IRQHandler
    stm32f4xx_it.o(i.SPI1_IRQHandler) refers to spi.o(.bss) for hspi1
    stm32f4xx_it.o(i.SysTick_Handler) refers to port.o(i.xPortSysTickHandler) for xPortSysTickHandler
    stm32f4xx_it.o(i.SysTick_Handler) refers to stm32f4xx_hal.o(i.HAL_IncTick) for HAL_IncTick
    tim.o(i.MX_TIM3_Init) refers to stm32f4xx_hal_tim.o(i.HAL_TIM_Base_Init) for HAL_TIM_Base_Init
    tim.o(i.MX_TIM3_Init) refers to stm32f4xx_hal_tim.o(i.HAL_TIM_ConfigClockSource) for HAL_TIM_ConfigClockSource
    tim.o(i.MX_TIM3_Init) refers to stm32f4xx_hal_tim_ex.o(i.HAL_TIMEx_MasterConfigSynchronization) for HAL_TIMEx_MasterConfigSynchronization
    tim.o(i.MX_TIM3_Init) refers to tim.o(.bss) for .bss
    usart.o(i.HAL_UART_MspDeInit) refers to stm32f4xx_hal_gpio.o(i.HAL_GPIO_DeInit) for HAL_GPIO_DeInit
    usart.o(i.HAL_UART_MspInit) refers to stm32f4xx_hal_gpio.o(i.HAL_GPIO_Init) for HAL_GPIO_Init
    usart.o(i.MX_USART1_UART_Init) refers to stm32f4xx_hal_uart.o(i.HAL_UART_Init) for HAL_UART_Init
    usart.o(i.MX_USART1_UART_Init) refers to usart.o(.bss) for .bss
    usart.o(i.MX_USART3_UART_Init) refers to stm32f4xx_hal_uart.o(i.HAL_UART_Init) for HAL_UART_Init
    usart.o(i.MX_USART3_UART_Init) refers to usart.o(.bss) for .bss
[...]
    $v0                                      0x080001a0   Number         0  port.o(.emb_text)
    .text                                    0x08000250   Section       36  startup_stm32f415xx.o(.text)
    $v0                                      0x08000250   Number         0  startup_stm32f415xx.o(.text)
    .text                                    0x08000274   Section        0  memcpya.o(.text)
    .text                                    0x08000298   Section        0  memseta.o(.text)
    .text                                    0x080002bc   Section        0  strlen.o(.text)
    .text                                    0x080002ca   Section        0  strspn.o(.text)
    .text                                    0x080002e6   Section        0  strpbrk.o(.text)
    .text                                    0x08000306   Section        0  strcasecmp.o(.text)
    .text                                    0x08000330   Section        0  cpp_init.o(.text)
    .text                                    0x08000350   Section        0  uidiv.o(.text)
    .text                                    0x0800037c   Section        0  tolower.o(.text)
    .text                                    0x08000388   Section       36  init.o(.text)
    i.DMA2_Stream0_IRQHandler                0x080003ac   Section        0  stm32f4xx_it.o(i.DMA2_Stream0_IRQHandler)
    i.DMA2_Stream3_IRQHandler                0x080003c4   Section        0  stm32f4xx_it.o(i.DMA2_Stream3_IRQHandler)
    i.EXTI4_IRQHandler                       0x080003dc   Section        0  stm32f4xx_it.o(i.EXTI4_IRQHandler)
    i.EXTI9_5_IRQHandler                     0x080003ee   Section        0  stm32f4xx_it.o(i.EXTI9_5_IRQHandler)
    i.FATFS_LinkDriver                       0x08000410   Section        0  ff_gen_drv.o(i.FATFS_LinkDriver)
    i.HAL_CRC_Init                           0x08000448   Section        0  stm32f4xx_hal_crc.o(i.HAL_CRC_Init)
    i.HAL_CRC_MspInit                        0x0800046c   Section        0  crc.o(i.HAL_CRC_MspInit)
    i.HAL_DMA_IRQHandler                     0x08000488   Section        0  stm32f4xx_hal_dma.o(i.HAL_DMA_IRQHandler)
    i.HAL_DMA_Init                           0x080013f4   Section        0  stm32f4xx_hal_dma.o(i.HAL_DMA_Init)
    i.HAL_GPIO_EXTI_Callback                 0x08001464   Section        0  stm32f4xx_hal_gpio.o(i.HAL_GPIO_EXTI_Callback)
    i.HAL_GPIO_EXTI_IRQHandler               0x08001468   Section        0  stm32f4xx_hal_gpio.o(i.HAL_GPIO_EXTI_IRQHandler)
    i.HAL_GPIO_Init                          0x08001480   Section        0  stm32f4xx_hal_gpio.o(i.HAL_GPIO_Init)
    i.HAL_GPIO_TogglePin                     0x08001644   Section        0  stm32f4xx_hal_gpio.o(i.HAL_GPIO_TogglePin)
    i.HAL_GetTick                            0x0800164c   Section        0  stm32f4xx_hal.o(i.HAL_GetTick)
    i.HAL_I2C_Master_Transmit                0x08001658   Section        0  stm32f4xx_hal_i2c.o(i.HAL_I2C_Master_Transmit)
    i.HAL_IWDG_Init                          0x08001734   Section        0  stm32f4xx_hal_iwdg.o(i.HAL_IWDG_Init)
    i.HAL_IWDG_MspInit                       0x0800177a   Section        0  iwdg.o(i.HAL_IWDG_MspInit)
    i.HAL_IncTick                            0x0800177c   Section        0  stm32f4xx_hal.o(i.HAL_IncTick)
    i.HAL_Init                               0x0800178c   Section        0  stm32f4xx_hal.o(i.HAL_Init)
    i.HAL_InitTick                           0x080017c0   Section        0  stm32f4xx_hal.o(i.HAL_InitTick)
    i.HAL_MspInit                            0x080017e2   Section        0  stm32f4xx_hal.o(i.HAL_MspInit)
    i.HAL_NVIC_ClearPendingIRQ               0x080017e4   Section        0  stm32f4xx_hal_cortex.o(i.HAL_NVIC_ClearPendingIRQ)
    i.HAL_NVIC_EnableIRQ                     0x080017fa   Section        0  stm32f4xx_hal_cortex.o(i.HAL_NVIC_EnableIRQ)
    i.HAL_NVIC_SetPriority                   0x08001810   Section        0  stm32f4xx_hal_cortex.o(i.HAL_NVIC_SetPriority)
    i.HAL_NVIC_SetPriorityGrouping           0x08001850   Section        0  stm32f4xx_hal_cortex.o(i.HAL_NVIC_SetPriorityGrouping)
    i.HAL_RCC_ClockConfig                    0x08001874   Section        0  stm32f4xx_hal_rcc.o(i.HAL_RCC_ClockConfig)
    i.HAL_RCC_GetHCLKFreq                    0x08001a2c   Section        0  stm32f4xx_hal_rcc.o(i.HAL_RCC_GetHCLKFreq)
    i.HAL_RCC_GetPCLK1Freq                   0x08001a60   Section        0  stm32f4xx_hal_rcc.o(i.HAL_RCC_GetPCLK1Freq)
    i.HAL_RCC_GetPCLK2Freq                   0x08001a8c   Section        0  stm32f4xx_hal_rcc.o(i.HAL_RCC_GetPCLK2Freq)
    i.HAL_RCC_GetSysClockFreq                0x08001ab8   Section        0  stm32f4xx_hal_rcc.o(i.HAL_RCC_GetSysClockFreq)
    i.HAL_RCC_OscConfig                      0x08001b18   Section        0  stm32f4xx_hal_rcc.o(i.HAL_RCC_OscConfig)
    i.HAL_SPI_ErrorCallback                  0x08001e50   Section        0  stm32f4xx_hal_spi.o(i.HAL_SPI_ErrorCallback)
    i.HAL_SPI_IRQHandler                     0x08001e52   Section        0  stm32f4xx_hal_spi.o(i.HAL_SPI_IRQHandler)
    i.HAL_SYSTICK_Config                     0x08001f18   Section        0  stm32f4xx_hal_cortex.o(i.HAL_SYSTICK_Config)
    i.HAL_TIMEx_MasterConfigSynchronization  0x08001f40   Section        0  stm32f4xx_hal_tim_ex.o(i.HAL_TIMEx_MasterConfigSynchronization)
    i.HAL_TIM_Base_Init                      0x08001f90   Section        0  stm32f4xx_hal_tim.o(i.HAL_TIM_Base_Init)
    i.HAL_TIM_Base_MspInit                   0x08001fc0   Section        0  tim.o(i.HAL_TIM_Base_MspInit)
    i.HAL_TIM_ConfigClockSource              0x08001fdc   Section        0  stm32f4xx_hal_tim.o(i.HAL_TIM_ConfigClockSource)
    i.HAL_UART_Init                          0x080020ce   Section        0  stm32f4xx_hal_uart.o(i.HAL_UART_Init)
    i.HAL_UART_MspInit                       0x0800212c   Section        0  usart.o(i.HAL_UART_MspInit)
    i.HAL_UART_Receive                       0x0800219c   Section        0  stm32f4xx_hal_uart.o(i.HAL_UART_Receive)
    i.HAL_UART_Transmit                      0x08002268   Section        0  stm32f4xx_hal_uart.o(i.HAL_UART_Transmit)
    i.I2C_MasterRequestWrite                 0x08002334   Section        0  stm32f4xx_hal_i2c.o(i.I2C_MasterRequestWrite)
    I2C_MasterRequestWrite                   0x08002335   Thumb Code   114  stm32f4xx_hal_i2c.o(i.I2C_MasterRequestWrite)
    i.I2C_WaitOnFlagUntilTimeout             0x080023ac   Section        0  stm32f4xx_hal_i2c.o(i.I2C_WaitOnFlagUntilTimeout)
    I2C_WaitOnFlagUntilTimeout               0x080023ad   Thumb Code   138  stm32f4xx_hal_i2c.o(i.I2C_WaitOnFlagUntilTimeout)
    i.I2C_WaitOnMasterAddressFlagUntilTimeout 0x08002436   Section        0  stm32f4xx_hal_i2c.o(i.I2C_WaitOnMasterAddressFlagUntilTimeout)
    I2C_WaitOnMasterAddressFlagUntilTimeout  0x08002437   Thumb Code   136  stm32f4xx_hal_i2c.o(i.I2C_WaitOnMasterAddressFlagUntilTimeout)
    i.MX_CRC_Init                            0x080024c0   Section        0  crc.o(i.MX_CRC_Init)
    i.MX_DMA_Init                            0x080024d4   Section        0  dma.o(i.MX_DMA_Init)
    i.MX_GPIO_Init                           0x0800251c   Section        0  gpio.o(i.MX_GPIO_Init)
    i.MX_IWDG_Init                           0x0800261c   Section        0  iwdg.o(i.MX_IWDG_Init)
    i.MX_TIM3_Init                           0x08002638   Section        0  tim.o(i.MX_TIM3_Init)
    i.MX_USART1_UART_Init                    0x08002678   Section        0  usart.o(i.MX_USART1_UART_Init)
    i.MX_USART3_UART_Init                    0x080026a0   Section        0  usart.o(i.MX_USART3_UART_Init)
    i.MX_USB_OTG_FS_USB_Init                 0x080026c8   Section        0  usb_otg.o(i.MX_USB_OTG_FS_USB_Init)
    i.NVIC_SetPriority                       0x080026ca   Section        0  stm32f4xx_hal_cortex.o(i.NVIC_SetPriority)
    NVIC_SetPriority                         0x080026cb   Thumb Code    32  stm32f4xx_hal_cortex.o(i.NVIC_SetPriority)
    i.SPI1_IRQHandler                        0x080026ec   Section        0  stm32f4xx_it.o(i.SPI1_IRQHandler)
    i.SysTick_Handler                        0x08002704   Section        0  stm32f4xx_it.o(i.SysTick_Handler)
    i.SystemInit                             0x08002714   Section        0  system_stm32f4xx.o(i.SystemInit)
    i.TIM_Base_SetConfig                     0x08002768   Section        0  stm32f4xx_hal_tim.o(i.TIM_Base_SetConfig)
    i.TIM_ETR_SetConfig                      0x08002828   Section        0  stm32f4xx_hal_tim.o(i.TIM_ETR_SetConfig)
    TIM_ETR_SetConfig                        0x08002829   Thumb Code    20  stm32f4xx_hal_tim.o(i.TIM_ETR_SetConfig)
    i.TIM_ITRx_SetConfig                     0x0800283c   Section        0  stm32f4xx_hal_tim.o(i.TIM_ITRx_SetConfig)
    TIM_ITRx_SetConfig                       0x0800283d   Thumb Code    16  stm32f4xx_hal_tim.o(i.TIM_ITRx_SetConfig)
    i.TIM_TI1_ConfigInputStage               0x0800284c   Section        0  stm32f4xx_hal_tim.o(i.TIM_TI1_ConfigInputStage)
    TIM_TI1_ConfigInputStage                 0x0800284d   Thumb Code    34  stm32f4xx_hal_tim.o(i.TIM_TI1_ConfigInputStage)
    i.TIM_TI2_ConfigInputStage               0x0800286e   Section        0  stm32f4xx_hal_tim.o(i.TIM_TI2_ConfigInputStage)
    TIM_TI2_ConfigInputStage                 0x0800286f   Thumb Code    36  stm32f4xx_hal_tim.o(i.TIM_TI2_ConfigInputStage)
    i.UART_SetConfig                         0x08002894   Section        0  stm32f4xx_hal_uart.o(i.UART_SetConfig)
    UART_SetConfig                           0x08002895   Thumb Code   366  stm32f4xx_hal_uart.o(i.UART_SetConfig)
    i.UART_WaitOnFlagUntilTimeout            0x08002a0c   Section        0  stm32f4xx_hal_uart.o(i.UART_WaitOnFlagUntilTimeout)
    UART_WaitOnFlagUntilTimeout              0x08002a0d   Thumb Code   146  stm32f4xx_hal_uart.o(i.UART_WaitOnFlagUntilTimeout)
    i.USER_initialize                        0x08002aa0   Section        0  user_diskio.o(i.USER_initialize)
    i.USER_ioctl                             0x08002ab8   Section        0  user_diskio.o(i.USER_ioctl)
    i.USER_read                              0x08002abc   Section        0  user_diskio.o(i.USER_read)
    i.USER_status                            0x08002ac0   Section        0  user_diskio.o(i.USER_status)
    i.USER_write                             0x08002ad8   Section        0  user_diskio.o(i.USER_write)
    i._Z11ExtIOThreadPKv                     0x08002adc   Section        0  main.o(i._Z11ExtIOThreadPKv)
    ExtIOThread(const void*)                 0x08002add   Thumb Code    48  main.o(i._Z11ExtIOThreadPKv)
    i._Z11StartThreadPKv                     0x08002b38   Section        0  main.o(i._Z11StartThreadPKv)
    StartThread(const void*)                 0x08002b39   Thumb Code    46  main.o(i._Z11StartThreadPKv)
    i._Z13getDMATypeDefP11SPI_TypeDefb       0x08002b90   Section        0  spi.o(i._Z13getDMATypeDefP11SPI_TypeDefb)
    i._Z13getSPITypeDefP11SPI_TypeDef        0x08002bc8   Section        0  spi.o(i._Z13getSPITypeDefP11SPI_TypeDef)
    i._Z18SystemClock_Configv                0x08002bf0   Section        0  main.o(i._Z18SystemClock_Configv)
    i._ZN3I2C4initEv                         0x08002c5c   Section        0  i2c.o(i._ZN3I2C4initEv)
    i._ZN3I2C4lockEj                         0x08002db4   Section        0  i2c.o(i._ZN3I2C4lockEj)
    i._ZN3I2C5writeEtPhtj                    0x08002dc8   Section        0  i2c.o(i._ZN3I2C5writeEtPhtj)
    i._ZN3I2C6unlockEv                       0x08002dd4   Section        0  i2c.o(i._ZN3I2C6unlockEv)
    i._ZN3I2C8initGPIOEP12I2C_GpioPins       0x08002de8   Section        0  i2c.o(i._ZN3I2C8initGPIOEP12I2C_GpioPins)
    i._ZN3I2CC1EP11I2C_TypeDef12I2C_PinsPackjjj 0x08002e2a   Section        0  i2c.o(i._ZN3I2CC1EP11I2C_TypeDef12I2C_PinsPackjjj)
    i._ZN3SPI4initEv                         0x08002e4c   Section        0  spi.o(i._ZN3SPI4initEv)
    i._ZN3SPI7initDMAEP13DMA_StreamMapjjjj   0x08002f98   Section        0  spi.o(i._ZN3SPI7initDMAEP13DMA_StreamMapjjjj)
    i._ZN3SPI8initGPIOEP12SPI_GpioPins       0x0800303a   Section        0  spi.o(i._ZN3SPI8initGPIOEP12SPI_GpioPins)
    i._ZN3SPIC1EP11SPI_TypeDef12SPI_PinsPack8SPI_Modejj 0x0800308c   Section        0  spi.o(i._ZN3SPIC1EP11SPI_TypeDef12SPI_PinsPack8SPI_Modejj)
    i._ZN5LedIO4initEv                       0x0800310c   Section        0  ioext.o(i._ZN5LedIO4initEv)
    i._ZN5LedIO5writeEh                      0x0800312c   Section        0  ioext.o(i._ZN5LedIO5writeEh)
    i._ZN5LedIOC1ER3I2Ctj                    0x0800314c   Section        0  ioext.o(i._ZN5LedIOC1ER3I2Ctj)
    i._ZN9SharedI2C10acquireBusEv            0x08003166   Section        0  sharedi2c.o(i._ZN9SharedI2C10acquireBusEv)
    i._ZN9SharedI2C5writeEtPht               0x080031a6   Section        0  sharedi2c.o(i._ZN9SharedI2C5writeEtPht)
    i._ZN9SharedI2CC1ER3I2Cjjj               0x080031dc   Section        0  sharedi2c.o(i._ZN9SharedI2CC1ER3I2Cjjj)
    i.__0printf$3                            0x080031e8   Section        0  printf3.o(i.__0printf$3)
    i.__0sprintf$3                           0x08003208   Section        0  printf3.o(i.__0sprintf$3)
    i.__scatterload_copy                     0x08003230   Section       14  handlers.o(i.__scatterload_copy)
    i.__scatterload_null                     0x0800323e   Section        2  handlers.o(i.__scatterload_null)
    i.__scatterload_zeroinit                 0x08003240   Section       14  handlers.o(i.__scatterload_zeroinit)
    i.__sti___7_i2c_cpp_I2C_1                0x08003250   Section        0  i2c.o(i.__sti___7_i2c_cpp_I2C_1)
    __sti___7_i2c_cpp_I2C_1                  0x08003251   Thumb Code    46  i2c.o(i.__sti___7_i2c_cpp_I2C_1)
    i.__sti___7_spi_cpp_SPI_1                0x08003290   Section        0  spi.o(i.__sti___7_spi_cpp_SPI_1)
    __sti___7_spi_cpp_SPI_1                  0x08003291   Thumb Code    38  spi.o(i.__sti___7_spi_cpp_SPI_1)
    i._printf_core                           0x080032c8   Section        0  printf3.o(i._printf_core)
    _printf_core                             0x080032c9   Thumb Code   436  printf3.o(i._printf_core)
    i._sputc                                 0x08003480   Section        0  printf3.o(i._sputc)
    _sputc                                   0x08003481   Thumb Code    10  printf3.o(i._sputc)
    i._strtok                                0x0800348a   Section        0  utility.o(i._strtok)
    i.cmd_info                               0x080034c4   Section        0  shell.o(i.cmd_info)
    cmd_info                                 0x080034c5   Thumb Code    52  shell.o(i.cmd_info)
    i.cmd_tasks                              0x08003560   Section        0  shell.o(i.cmd_tasks)
    cmd_tasks                                0x08003561   Thumb Code    54  shell.o(i.cmd_tasks)
    i.cmdexec                                0x080035d8   Section        0  shell.o(i.cmdexec)
    cmdexec                                  0x080035d9   Thumb Code    48  shell.o(i.cmdexec)
    i.fputc                                  0x08003608   Section        0  retarget.o(i.fputc)
    i.inHandlerMode                          0x0800360c   Section        0  cmsis_os.o(i.inHandlerMode)
    inHandlerMode                            0x0800360d   Thumb Code    12  cmsis_os.o(i.inHandlerMode)
    i.init_delay_timer                       0x08003618   Section        0  delay.o(i.init_delay_timer)
    i.list_commands                          0x0800362c   Section        0  shell.o(i.list_commands)
    list_commands                            0x0800362d   Thumb Code    22  shell.o(i.list_commands)
    i.main                                   0x08003648   Section        0  main.o(i.main)
    i.makeFreeRtosPriority                   0x080036fc   Section        0  cmsis_os.o(i.makeFreeRtosPriority)
    makeFreeRtosPriority                     0x080036fd   Thumb Code    12  cmsis_os.o(i.makeFreeRtosPriority)
    i.osDelay                                0x08003708   Section        0  cmsis_os.o(i.osDelay)
    i.osKernelStart                          0x08003716   Section        0  cmsis_os.o(i.osKernelStart)
    i.osMutexCreate                          0x08003726   Section        0  cmsis_os.o(i.osMutexCreate)
    i.osMutexRelease                         0x0800372c   Section        0  cmsis_os.o(i.osMutexRelease)
    i.osMutexWait                            0x08003752   Section        0  cmsis_os.o(i.osMutexWait)
    i.osThreadCreate                         0x0800378e   Section        0  cmsis_os.o(i.osThreadCreate)
    i.prvAddCurrentTaskToDelayedList         0x080037c0   Section        0  tasks.o(i.prvAddCurrentTaskToDelayedList)
    prvAddCurrentTaskToDelayedList           0x080037c1   Thumb Code    48  tasks.o(i.prvAddCurrentTaskToDelayedList)
    i.prvCheckTasksWaitingTermination        0x080037f4   Section        0  tasks.o(i.prvCheckTasksWaitingTermination)
    prvCheckTasksWaitingTermination          0x080037f5   Thumb Code    76  tasks.o(i.prvCheckTasksWaitingTermination)
    i.prvCopyDataFromQueue                   0x08003848   Section        0  queue.o(i.prvCopyDataFromQueue)
    prvCopyDataFromQueue                     0x08003849   Thumb Code    40  queue.o(i.prvCopyDataFromQueue)
    i.prvCopyDataToQueue                     0x08003870   Section        0  queue.o(i.prvCopyDataToQueue)
    prvCopyDataToQueue                       0x08003871   Thumb Code   104  queue.o(i.prvCopyDataToQueue)
    i.prvHeapInit                            0x080038d8   Section        0  heap_4.o(i.prvHeapInit)
    prvHeapInit                              0x080038d9   Thumb Code    64  heap_4.o(i.prvHeapInit)
    i.prvIdleTask                            0x08003920   Section        0  tasks.o(i.prvIdleTask)
    prvIdleTask                              0x08003921   Thumb Code    20  tasks.o(i.prvIdleTask)
    i.prvInsertBlockIntoFreeList             0x08003938   Section        0  heap_4.o(i.prvInsertBlockIntoFreeList)
    prvInsertBlockIntoFreeList               0x08003939   Thumb Code    72  heap_4.o(i.prvInsertBlockIntoFreeList)
    i.prvListTaskWithinSingleList            0x08003984   Section        0  tasks.o(i.prvListTaskWithinSingleList)
    prvListTaskWithinSingleList              0x08003985   Thumb Code   130  tasks.o(i.prvListTaskWithinSingleList)
    i.prvTaskExitError                       0x08003a08   Section        0  port.o(i.prvTaskExitError)
    prvTaskExitError                         0x08003a09   Thumb Code    20  port.o(i.prvTaskExitError)
    i.prvUnlockQueue                         0x08003a20   Section        0  queue.o(i.prvUnlockQueue)
    prvUnlockQueue                           0x08003a21   Thumb Code   100  queue.o(i.prvUnlockQueue)
    i.pvPortMalloc                           0x08003a84   Section        0  heap_4.o(i.pvPortMalloc)
    i.pxPortInitialiseStack                  0x08003b14   Section        0  port.o(i.pxPortInitialiseStack)
    i.serialGetChar                          0x08003b3c   Section        0  serial.o(i.serialGetChar)
    i.serialInit                             0x08003b74   Section        0  serial.o(i.serialInit)
    i.serialPutChar                          0x08003b80   Section        0  serial.o(i.serialPutChar)
    i.shellGetLine                           0x08003bb8   Section        0  shell.o(i.shellGetLine)
    i.shellStart                             0x08003c2c   Section        0  shell.o(i.shellStart)
    i.shellUsage                             0x08003da4   Section        0  shell.o(i.shellUsage)
    i.uxListRemove                           0x08003db8   Section        0  list.o(i.uxListRemove)
    i.uxTaskGetSystemState                   0x08003ddc   Section        0  tasks.o(i.uxTaskGetSystemState)
    i.vApplicationTickHook                   0x08003e70   Section        0  freertos.o(i.vApplicationTickHook)
    i.vListInitialise                        0x08003e72   Section        0  list.o(i.vListInitialise)
    i.vListInitialiseItem                    0x08003e88   Section        0  list.o(i.vListInitialiseItem)
    i.vListInsert                            0x08003e8e   Section        0  list.o(i.vListInsert)
    i.vListInsertEnd                         0x08003ebe   Section        0  list.o(i.vListInsertEnd)
    i.vPortEnterCritical                     0x08003ed8   Section        0  port.o(i.vPortEnterCritical)
    i.vPortExitCritical                      0x08003ef4   Section        0  port.o(i.vPortExitCritical)
    i.vPortFree                              0x08003f08   Section        0  heap_4.o(i.vPortFree)
    i.vPortSetupTimerInterrupt               0x08003f50   Section        0  port.o(i.vPortSetupTimerInterrupt)
    i.vPortYield                             0x08003f70   Section        0  port.o(i.vPortYield)
    i.vTaskDelay                             0x08003f88   Section        0  tasks.o(i.vTaskDelay)
    i.vTaskList                              0x08003fbc   Section        0  tasks.o(i.vTaskList)
    i.vTaskMissedYield                       0x08004060   Section        0  tasks.o(i.vTaskMissedYield)
    i.vTaskPlaceOnEventList                  0x0800406c   Section        0  tasks.o(i.vTaskPlaceOnEventList)
    i.vTaskPriorityDisinherit                0x080040b0   Section        0  tasks.o(i.vTaskPriorityDisinherit)
    i.vTaskPriorityInherit                   0x080040f8   Section        0  tasks.o(i.vTaskPriorityInherit)
    i.vTaskSetTimeOutState                   0x0800415c   Section        0  tasks.o(i.vTaskSetTimeOutState)
    i.vTaskStartScheduler                    0x08004178   Section        0  tasks.o(i.vTaskStartScheduler)
    i.vTaskSuspendAll                        0x080041c4   Section        0  tasks.o(i.vTaskSuspendAll)
    i.vTaskSwitchContext                     0x080041d4   Section        0  tasks.o(i.vTaskSwitchContext)
    i.xPortGetFreeHeapSize                   0x08004230   Section        0  heap_4.o(i.xPortGetFreeHeapSize)
    i.xPortStartScheduler                    0x0800423c   Section        0  port.o(i.xPortStartScheduler)
    i.xPortSysTickHandler                    0x080042c0   Section        0  port.o(i.xPortSysTickHandler)
    i.xQueueCreateMutex                      0x080042e4   Section        0  queue.o(i.xQueueCreateMutex)
    i.xQueueGenericReceive                   0x08004334   Section        0  queue.o(i.xQueueGenericReceive)
    i.xQueueGenericSend                      0x08004452   Section        0  queue.o(i.xQueueGenericSend)
    i.xTaskCheckForTimeOut                   0x08004554   Section        0  tasks.o(i.xTaskCheckForTimeOut)
    i.xTaskGenericCreate                     0x080045ac   Section        0  tasks.o(i.xTaskGenericCreate)
    i.xTaskGetCurrentTaskHandle              0x0800472c   Section        0  tasks.o(i.xTaskGetCurrentTaskHandle)
    i.xTaskIncrementTick                     0x08004738   Section        0  tasks.o(i.xTaskIncrementTick)
    i.xTaskRemoveFromEventList               0x08004814   Section        0  tasks.o(i.xTaskRemoveFromEventList)
    i.xTaskResumeAll                         0x08004878   Section        0  tasks.o(i.xTaskResumeAll)
    .constdata                               0x08004920   Section      144  i2c.o(.constdata)
    os_mutex_def_MutexI2C                    0x08004920   Data           4  i2c.o(.constdata)
    I2C1_PinPack                             0x08004924   Data          56  i2c.o(.constdata)
    I2C2_PinPack                             0x0800495c   Data          84  i2c.o(.constdata)
    .constdata                               0x080049b0   Section       60  main.o(.constdata)
    .constdata                               0x080049ec   Section      308  spi.o(.constdata)
    spi1pins                                 0x080049ec   Data          56  spi.o(.constdata)
    spi2pins                                 0x08004a24   Data          84  spi.o(.constdata)
    spi3pins                                 0x08004a78   Data          56  spi.o(.constdata)
    spiModeType                              0x08004ab0   Data          32  spi.o(.constdata)
    spi1StreamMap                            0x08004ad0   Data          32  spi.o(.constdata)
    spi2StreamMap                            0x08004af0   Data          16  spi.o(.constdata)
    spi3StreamMap                            0x08004b00   Data          32  spi.o(.constdata)
    .constdata                               0x08004b20   Section       16  stm32f4xx_hal_rcc.o(.constdata)
    .conststring                             0x08004b30   Section       40  main.o(.conststring)
    .conststring                             0x08004b58   Section       14  shell.o(.conststring)
    .init_array                              0x08004b88   Section        4  i2c.o(.init_array)
    .init_array                              0x08004b8c   Section        4  spi.o(.init_array)
    .init_array                              0x08004b90   Section        0  cpp_init.o(.init_array)
    .data                                    0x20000000   Section        8  crc.o(.data)
    .data                                    0x20000008   Section        1  user_diskio.o(.data)
    Stat                                     0x20000008   Data           1  user_diskio.o(.data)
    .data                                    0x2000000c   Section       20  user_diskio.o(.data)
    .data                                    0x20000020   Section        5  main.o(.data)
    .data                                    0x20000028   Section       20  system_stm32f4xx.o(.data)
    .data                                    0x2000003c   Section        4  stm32f4xx_hal.o(.data)
    uwTick                                   0x2000003c   Data           4  stm32f4xx_hal.o(.data)
    .data                                    0x20000040   Section       20  heap_4.o(.data)
    pxEnd                                    0x20000040   Data           4  heap_4.o(.data)
    xFreeBytesRemaining                      0x20000044   Data           4  heap_4.o(.data)
    xBlockAllocatedBit                       0x20000048   Data           4  heap_4.o(.data)
    xStart                                   0x2000004c   Data           8  heap_4.o(.data)
    .data                                    0x20000054   Section       12  port.o(.data)
    ucMaxSysCallPriority                     0x20000054   Data           1  port.o(.data)
    uxCriticalNesting                        0x20000058   Data           4  port.o(.data)
    ulMaxPRIGROUPValue                       0x2000005c   Data           4  port.o(.data)
    .data                                    0x20000060   Section       56  tasks.o(.data)
    uxTasksDeleted                           0x20000064   Data           4  tasks.o(.data)
    uxCurrentNumberOfTasks                   0x20000068   Data           4  tasks.o(.data)
    xTickCount                               0x2000006c   Data           4  tasks.o(.data)
    uxTopReadyPriority                       0x20000070   Data           4  tasks.o(.data)
    xSchedulerRunning                        0x20000074   Data           4  tasks.o(.data)
    uxSchedulerSuspended                     0x20000078   Data           4  tasks.o(.data)
    uxPendedTicks                            0x2000007c   Data           4  tasks.o(.data)
    xYieldPending                            0x20000080   Data           4  tasks.o(.data)
    xNumOfOverflows                          0x20000084   Data           4  tasks.o(.data)
    uxTaskNumber                             0x20000088   Data           4  tasks.o(.data)
    xNextTaskUnblockTime                     0x2000008c   Data           4  tasks.o(.data)
    pxDelayedTaskList                        0x20000090   Data           4  tasks.o(.data)
    pxOverflowDelayedTaskList                0x20000094   Data           4  tasks.o(.data)
    .data                                    0x20000098   Section        4  delay.o(.data)
    phtim                                    0x20000098   Data           4  delay.o(.data)
    .data                                    0x2000009c   Section        4  serial.o(.data)
    phuart                                   0x2000009c   Data           4  serial.o(.data)
    .data                                    0x200000a0   Section        4  retarget.o(.data)
    .data                                    0x200000a4   Section       24  shell.o(.data)
    local_commands                           0x200000a4   Data          24  shell.o(.data)
    .bss                                     0x200000bc   Section       16  iwdg.o(.bss)
    .bss                                     0x200000cc   Section       60  tim.o(.bss)
    .bss                                     0x20000108   Section      120  usart.o(.bss)
    .bss                                     0x20000180   Section      128  i2c.o(.bss)
    .bss                                     0x20000200   Section      536  spi.o(.bss)
    .bss                                     0x20000418   Section       12  ff_gen_drv.o(.bss)
    .bss                                     0x20000424   Section    65536  heap_4.o(.bss)
    ucHeap                                   0x20000424   Data       65536  heap_4.o(.bss)
    .bss                                     0x20010424   Section      240  tasks.o(.bss)
    pxReadyTasksLists                        0x20010424   Data         140  tasks.o(.bss)
    xDelayedTaskList1                        0x200104b0   Data          20  tasks.o(.bss)
    xDelayedTaskList2                        0x200104c4   Data          20  tasks.o(.bss)
    xPendingReadyList                        0x200104d8   Data          20  tasks.o(.bss)
    xTasksWaitingTermination                 0x200104ec   Data          20  tasks.o(.bss)
    xSuspendedTaskList                       0x20010500   Data          20  tasks.o(.bss)
    STACK                                    0x20010518   Section     1024  startup_stm32f415xx.o(STACK)

    Global Symbols

    Symbol Name                              Value     Ov Type        Size  Object(Section)

    BuildAttributes$$THM_ISAv4$E$P$D$K$B$S$7EM$VFPi3$EXTD16$VFPS$VFMA$PE$A:L22UL41UL21$X:L11$S22US41US21$IEEE1$IW$USESV6$~STKCKD$USESV7$~SHL$OSPACE$ROPI$EBA8$MICROLIB$REQ8$PRES8$EABIv2 0x00000000   Number         0  anon$$obj.o ABSOLUTE
    __ARM_use_no_argv                        0x00000000   Number         0  main.o ABSOLUTE
    __use_no_errno                           0x00000000   Number         0  useno.o ABSOLUTE
    __use_no_exception_handling              0x00000000   Number         0  useno.o ABSOLUTE
    __use_no_fp                              0x00000000   Number         0  useno.o ABSOLUTE
    __use_no_heap                            0x00000000   Number         0  useno.o ABSOLUTE
    __use_no_heap_region                     0x00000000   Number         0  useno.o ABSOLUTE
    __use_no_semihosting                     0x00000000   Number         0  useno.o ABSOLUTE
    __use_no_semihosting_swi                 0x00000000   Number         0  useno.o ABSOLUTE
    __use_no_signal_handling                 0x00000000   Number         0  useno.o ABSOLUTE
    _printf_a                                0x00000000   Number         0  stubs.o ABSOLUTE
    _printf_c                                0x00000000   Number         0  stubs.o ABSOLUTE
    _printf_charcount                        0x00000000   Number         0  stubs.o ABSOLUTE
    _printf_d                                0x00000000   Number         0  stubs.o ABSOLUTE
    _printf_e                                0x00000000   Number         0  stubs.o ABSOLUTE
    _printf_f                                0x00000000   Number         0  stubs.o ABSOLUTE
    _printf_flags                            0x00000000   Number         0  stubs.o ABSOLUTE
    _printf_fp_dec                           0x00000000   Number         0  stubs.o ABSOLUTE
    _printf_fp_hex                           0x00000000   Number         0  stubs.o ABSOLUTE
    _printf_g                                0x00000000   Number         0  stubs.o ABSOLUTE
    _printf_i                                0x00000000   Number         0  stubs.o ABSOLUTE
    _printf_int_dec                          0x00000000   Number         0  stubs.o ABSOLUTE
    _printf_l                                0x00000000   Number         0  stubs.o ABSOLUTE
    _printf_lc                               0x00000000   Number         0  stubs.o ABSOLUTE
    _printf_ll                               0x00000000   Number         0  stubs.o ABSOLUTE
    _printf_lld                              0x00000000   Number         0  stubs.o ABSOLUTE
    _printf_lli                              0x00000000   Number         0  stubs.o ABSOLUTE
    _printf_llo                              0x00000000   Number         0  stubs.o ABSOLUTE
    _printf_llu                              0x00000000   Number         0  stubs.o ABSOLUTE
    _printf_llx                              0x00000000   Number         0  stubs.o ABSOLUTE
    _printf_longlong_dec                     0x00000000   Number         0  stubs.o ABSOLUTE
    _printf_longlong_hex                     0x00000000   Number         0  stubs.o ABSOLUTE
    _printf_longlong_oct                     0x00000000   Number         0  stubs.o ABSOLUTE
    _printf_ls                               0x00000000   Number         0  stubs.o ABSOLUTE
    _printf_mbtowc                           0x00000000   Number         0  stubs.o ABSOLUTE
    _printf_n                                0x00000000   Number         0  stubs.o ABSOLUTE
    _printf_o                                0x00000000   Number         0  stubs.o ABSOLUTE
    _printf_p                                0x00000000   Number         0  stubs.o ABSOLUTE
    _printf_percent                          0x00000000   Number         0  stubs.o ABSOLUTE
    _printf_pre_padding                      0x00000000   Number         0  stubs.o ABSOLUTE
    _printf_return_value                     0x00000000   Number         0  stubs.o ABSOLUTE
    _printf_s                                0x00000000   Number         0  stubs.o ABSOLUTE
    _printf_sizespec                         0x00000000   Number         0  stubs.o ABSOLUTE
    _printf_str                              0x00000000   Number         0  stubs.o ABSOLUTE
    _printf_truncate_signed                  0x00000000   Number         0  stubs.o ABSOLUTE
    _printf_truncate_unsigned                0x00000000   Number         0  stubs.o ABSOLUTE
    _printf_u                                0x00000000   Number         0  stubs.o ABSOLUTE
    _printf_wc                               0x00000000   Number         0  stubs.o ABSOLUTE
    _printf_wctomb                           0x00000000   Number         0  stubs.o ABSOLUTE
    _printf_widthprec                        0x00000000   Number         0  stubs.o ABSOLUTE
    _printf_x                                0x00000000   Number         0  stubs.o ABSOLUTE
    __cxa_finalize                            - Undefined Weak Reference
    __decompress                              - Undefined Weak Reference
    _clock_init                               - Undefined Weak Reference
    _microlib_exit                            - Undefined Weak Reference
    __Vectors_Size                           0x00000188   Number         0  startup_stm32f415xx.o ABSOLUTE
    __Vectors                                0x08000000   Data           4  startup_stm32f415xx.o(RESET)
    __Vectors_End                            0x08000188   Data           0  startup_stm32f415xx.o(RESET)
    __main                                   0x08000189   Thumb Code     0  entry.o(.ARM.Collect$$$$00000000)
    _main_stk                                0x08000189   Thumb Code     0  entry2.o(.ARM.Collect$$$$00000001)
    _main_scatterload                        0x0800018d   Thumb Code     0  entry5.o(.ARM.Collect$$$$00000004)
    __main_after_scatterload                 0x08000191   Thumb Code     0  entry5.o(.ARM.Collect$$$$00000004)
    _main_clock                              0x08000191   Thumb Code     0  entry7b.o(.ARM.Collect$$$$00000008)
    _main_cpp_init$empty                     0x08000191   Thumb Code     0  entry8a.o(.ARM.Collect$$$$00000009)
    _main_cpp_init                           0x08000195   Thumb Code     0  entry8b.o(.ARM.Collect$$$$0000000A)
    _main_init                               0x08000195   Thumb Code     0  entry9a.o(.ARM.Collect$$$$0000000B)
    __rt_final_cpp                           0x0800019d   Thumb Code     0  entry10a.o(.ARM.Collect$$$$0000000D)
    __rt_final_exit                          0x0800019d   Thumb Code     0  entry11a.o(.ARM.Collect$$$$0000000F)
    SVC_Handler                              0x080001a1   Thumb Code    24  port.o(.emb_text)
    __asm___6_port_c_39a90d8d__prvStartFirstTask 0x080001bd   Thumb Code    16  port.o(.emb_text)
    __asm___6_port_c_39a90d8d__prvEnableVFP  0x080001d1   Thumb Code    16  port.o(.emb_text)
    PendSV_Handler                           0x080001e5   Thumb Code    76  port.o(.emb_text)
    ulPortSetInterruptMask                   0x08000235   Thumb Code    14  port.o(.emb_text)
    vPortClearInterruptMask                  0x08000243   Thumb Code     6  port.o(.emb_text)
    vPortGetIPSR                             0x08000249   Thumb Code     6  port.o(.emb_text)
    Reset_Handler                            0x08000251   Thumb Code     8  startup_stm32f415xx.o(.text)
    NMI_Handler                              0x08000259   Thumb Code     2  startup_stm32f415xx.o(.text)
    HardFault_Handler                        0x0800025b   Thumb Code     2  startup_stm32f415xx.o(.text)
    MemManage_Handler                        0x0800025d   Thumb Code     2  startup_stm32f415xx.o(.text)
    BusFault_Handler                         0x0800025f   Thumb Code     2  startup_stm32f415xx.o(.text)
    UsageFault_Handler                       0x08000261   Thumb Code     2  startup_stm32f415xx.o(.text)
    DebugMon_Handler                         0x08000265   Thumb Code     2  startup_stm32f415xx.o(.text)
    ADC_IRQHandler                           0x0800026b   Thumb Code     0  startup_stm32f415xx.o(.text)
    CAN1_RX0_IRQHandler                      0x0800026b   Thumb Code     0  startup_stm32f415xx.o(.text)
    CAN1_RX1_IRQHandler                      0x0800026b   Thumb Code     0  startup_stm32f415xx.o(.text)
    CAN1_SCE_IRQHandler                      0x0800026b   Thumb Code     0  startup_stm32f415xx.o(.text)
    CAN1_TX_IRQHandler                       0x0800026b   Thumb Code     0  startup_stm32f415xx.o(.text)
    CAN2_RX0_IRQHandler                      0x0800026b   Thumb Code     0  startup_stm32f415xx.o(.text)
    CAN2_RX1_IRQHandler                      0x0800026b   Thumb Code     0  startup_stm32f415xx.o(.text)
    CAN2_SCE_IRQHandler                      0x0800026b   Thumb Code     0  startup_stm32f415xx.o(.text)
    CAN2_TX_IRQHandler                       0x0800026b   Thumb Code     0  startup_stm32f415xx.o(.text)
    CRYP_IRQHandler                          0x0800026b   Thumb Code     0  startup_stm32f415xx.o(.text)
    DMA1_Stream0_IRQHandler                  0x0800026b   Thumb Code     0  startup_stm32f415xx.o(.text)
    DMA1_Stream1_IRQHandler                  0x0800026b   Thumb Code     0  startup_stm32f415xx.o(.text)
    DMA1_Stream2_IRQHandler                  0x0800026b   Thumb Code     0  startup_stm32f415xx.o(.text)
    DMA1_Stream3_IRQHandler                  0x0800026b   Thumb Code     0  startup_stm32f415xx.o(.text)
    DMA1_Stream4_IRQHandler                  0x0800026b   Thumb Code     0  startup_stm32f415xx.o(.text)
    DMA1_Stream5_IRQHandler                  0x0800026b   Thumb Code     0  startup_stm32f415xx.o(.text)
    DMA1_Stream6_IRQHandler                  0x0800026b   Thumb Code     0  startup_stm32f415xx.o(.text)
    DMA1_Stream7_IRQHandler                  0x0800026b   Thumb Code     0  startup_stm32f415xx.o(.text)
    DMA2_Stream1_IRQHandler                  0x0800026b   Thumb Code     0  startup_stm32f415xx.o(.text)
    DMA2_Stream2_IRQHandler                  0x0800026b   Thumb Code     0  startup_stm32f415xx.o(.text)
    DMA2_Stream4_IRQHandler                  0x0800026b   Thumb Code     0  startup_stm32f415xx.o(.text)
    DMA2_Stream5_IRQHandler                  0x0800026b   Thumb Code     0  startup_stm32f415xx.o(.text)
    DMA2_Stream6_IRQHandler                  0x0800026b   Thumb Code     0  startup_stm32f415xx.o(.text)
    DMA2_Stream7_IRQHandler                  0x0800026b   Thumb Code     0  startup_stm32f415xx.o(.text)
    EXTI0_IRQHandler                         0x0800026b   Thumb Code     0  startup_stm32f415xx.o(.text)
    EXTI15_10_IRQHandler                     0x0800026b   Thumb Code     0  startup_stm32f415xx.o(.text)
    EXTI1_IRQHandler                         0x0800026b   Thumb Code     0  startup_stm32f415xx.o(.text)
    EXTI2_IRQHandler                         0x0800026b   Thumb Code     0  startup_stm32f415xx.o(.text)
    EXTI3_IRQHandler                         0x0800026b   Thumb Code     0  startup_stm32f415xx.o(.text)
    FLASH_IRQHandler                         0x0800026b   Thumb Code     0  startup_stm32f415xx.o(.text)
    FMC_IRQHandler                           0x0800026b   Thumb Code     0  startup_stm32f415xx.o(.text)
    FPU_IRQHandler                           0x0800026b   Thumb Code     0  startup_stm32f415xx.o(.text)
    HASH_RNG_IRQHandler                      0x0800026b   Thumb Code     0  startup_stm32f415xx.o(.text)
    I2C1_ER_IRQHandler                       0x0800026b   Thumb Code     0  startup_stm32f415xx.o(.text)
    I2C1_EV_IRQHandler                       0x0800026b   Thumb Code     0  startup_stm32f415xx.o(.text)
    I2C2_ER_IRQHandler                       0x0800026b   Thumb Code     0  startup_stm32f415xx.o(.text)
    I2C2_EV_IRQHandler                       0x0800026b   Thumb Code     0  startup_stm32f415xx.o(.text)
    I2C3_ER_IRQHandler                       0x0800026b   Thumb Code     0  startup_stm32f415xx.o(.text)
    I2C3_EV_IRQHandler                       0x0800026b   Thumb Code     0  startup_stm32f415xx.o(.text)
    OTG_FS_IRQHandler                        0x0800026b   Thumb Code     0  startup_stm32f415xx.o(.text)
    OTG_FS_WKUP_IRQHandler                   0x0800026b   Thumb Code     0  startup_stm32f415xx.o(.text)
    OTG_HS_EP1_IN_IRQHandler                 0x0800026b   Thumb Code     0  startup_stm32f415xx.o(.text)
    OTG_HS_EP1_OUT_IRQHandler                0x0800026b   Thumb Code     0  startup_stm32f415xx.o(.text)
    OTG_HS_IRQHandler                        0x0800026b   Thumb Code     0  startup_stm32f415xx.o(.text)
    OTG_HS_WKUP_IRQHandler                   0x0800026b   Thumb Code     0  startup_stm32f415xx.o(.text)
    PVD_IRQHandler                           0x0800026b   Thumb Code     0  startup_stm32f415xx.o(.text)
    RCC_IRQHandler                           0x0800026b   Thumb Code     0  startup_stm32f415xx.o(.text)
    RTC_Alarm_IRQHandler                     0x0800026b   Thumb Code     0  startup_stm32f415xx.o(.text)
    RTC_WKUP_IRQHandler                      0x0800026b   Thumb Code     0  startup_stm32f415xx.o(.text)
    SDIO_IRQHandler                          0x0800026b   Thumb Code     0  startup_stm32f415xx.o(.text)
    SPI2_IRQHandler                          0x0800026b   Thumb Code     0  startup_stm32f415xx.o(.text)
    SPI3_IRQHandler                          0x0800026b   Thumb Code     0  startup_stm32f415xx.o(.text)
    TAMP_STAMP_IRQHandler                    0x0800026b   Thumb Code     0  startup_stm32f415xx.o(.text)
    TIM1_BRK_TIM9_IRQHandler                 0x0800026b   Thumb Code     0  startup_stm32f415xx.o(.text)
    TIM1_CC_IRQHandler                       0x0800026b   Thumb Code     0  startup_stm32f415xx.o(.text)
    TIM1_TRG_COM_TIM11_IRQHandler            0x0800026b   Thumb Code     0  startup_stm32f415xx.o(.text)
    TIM1_UP_TIM10_IRQHandler                 0x0800026b   Thumb Code     0  startup_stm32f415xx.o(.text)
    TIM2_IRQHandler                          0x0800026b   Thumb Code     0  startup_stm32f415xx.o(.text)
    TIM3_IRQHandler                          0x0800026b   Thumb Code     0  startup_stm32f415xx.o(.text)
    TIM4_IRQHandler                          0x0800026b   Thumb Code     0  startup_stm32f415xx.o(.text)
    TIM5_IRQHandler                          0x0800026b   Thumb Code     0  startup_stm32f415xx.o(.text)
    TIM6_DAC_IRQHandler                      0x0800026b   Thumb Code     0  startup_stm32f415xx.o(.text)
    TIM7_IRQHandler                          0x0800026b   Thumb Code     0  startup_stm32f415xx.o(.text)
    TIM8_BRK_TIM12_IRQHandler                0x0800026b   Thumb Code     0  startup_stm32f415xx.o(.text)
    TIM8_CC_IRQHandler                       0x0800026b   Thumb Code     0  startup_stm32f415xx.o(.text)
    TIM8_TRG_COM_TIM14_IRQHandler            0x0800026b   Thumb Code     0  startup_stm32f415xx.o(.text)
    TIM8_UP_TIM13_IRQHandler                 0x0800026b   Thumb Code     0  startup_stm32f415xx.o(.text)
    UART4_IRQHandler                         0x0800026b   Thumb Code     0  startup_stm32f415xx.o(.text)
    UART5_IRQHandler                         0x0800026b   Thumb Code     0  startup_stm32f415xx.o(.text)
    USART1_IRQHandler                        0x0800026b   Thumb Code     0  startup_stm32f415xx.o(.text)
    USART2_IRQHandler                        0x0800026b   Thumb Code     0  startup_stm32f415xx.o(.text)
    USART3_IRQHandler                        0x0800026b   Thumb Code     0  startup_stm32f415xx.o(.text)
    USART6_IRQHandler                        0x0800026b   Thumb Code     0  startup_stm32f415xx.o(.text)
    WWDG_IRQHandler                          0x0800026b   Thumb Code     0  startup_stm32f415xx.o(.text)
    __aeabi_memcpy                           0x08000275   Thumb Code    36  memcpya.o(.text)
    __aeabi_memcpy4                          0x08000275   Thumb Code     0  memcpya.o(.text)
    __aeabi_memcpy8                          0x08000275   Thumb Code     0  memcpya.o(.text)
    __aeabi_memset                           0x08000299   Thumb Code    14  memseta.o(.text)
    __aeabi_memset4                          0x08000299   Thumb Code     0  memseta.o(.text)
    __aeabi_memset8                          0x08000299   Thumb Code     0  memseta.o(.text)
    __aeabi_memclr                           0x080002a7   Thumb Code     4  memseta.o(.text)
    __aeabi_memclr4                          0x080002a7   Thumb Code     0  memseta.o(.text)
    __aeabi_memclr8                          0x080002a7   Thumb Code     0  memseta.o(.text)
    _memset$wrapper                          0x080002ab   Thumb Code    18  memseta.o(.text)
    strlen                                   0x080002bd   Thumb Code    14  strlen.o(.text)
    strspn                                   0x080002cb   Thumb Code    28  strspn.o(.text)
    strpbrk                                  0x080002e7   Thumb Code    32  strpbrk.o(.text)
    strcasecmp                               0x08000307   Thumb Code    42  strcasecmp.o(.text)
    __cpp_initialize__aeabi_                 0x08000331   Thumb Code    22  cpp_init.o(.text)
    __aeabi_uidiv                            0x08000351   Thumb Code     0  uidiv.o(.text)
    __aeabi_uidivmod                         0x08000351   Thumb Code    44  uidiv.o(.text)
    tolower                                  0x0800037d   Thumb Code    12  tolower.o(.text)
    __scatterload                            0x08000389   Thumb Code    28  init.o(.text)
    __scatterload_rt2                        0x08000389   Thumb Code     0  init.o(.text)
    DMA2_Stream0_IRQHandler                  0x080003ad   Thumb Code    18  stm32f4xx_it.o(i.DMA2_Stream0_IRQHandler)
    DMA2_Stream3_IRQHandler                  0x080003c5   Thumb Code    18  stm32f4xx_it.o(i.DMA2_Stream3_IRQHandler)
    EXTI4_IRQHandler                         0x080003dd   Thumb Code    18  stm32f4xx_it.o(i.EXTI4_IRQHandler)
    EXTI9_5_IRQHandler                       0x080003ef   Thumb Code    34  stm32f4xx_it.o(i.EXTI9_5_IRQHandler)
    FATFS_LinkDriver                         0x08000411   Thumb Code    52  ff_gen_drv.o(i.FATFS_LinkDriver)
    HAL_CRC_Init                             0x08000449   Thumb Code    34  stm32f4xx_hal_crc.o(i.HAL_CRC_Init)
    HAL_CRC_MspInit                          0x0800046d   Thumb Code    20  crc.o(i.HAL_CRC_MspInit)
    HAL_DMA_IRQHandler                       0x08000489   Thumb Code  3940  stm32f4xx_hal_dma.o(i.HAL_DMA_IRQHandler)
    HAL_DMA_Init                             0x080013f5   Thumb Code   108  stm32f4xx_hal_dma.o(i.HAL_DMA_Init)
    HAL_GPIO_EXTI_Callback                   0x08001465   Thumb Code     2  stm32f4xx_hal_gpio.o(i.HAL_GPIO_EXTI_Callback)
    HAL_GPIO_EXTI_IRQHandler                 0x08001469   Thumb Code    18  stm32f4xx_hal_gpio.o(i.HAL_GPIO_EXTI_IRQHandler)
    HAL_GPIO_Init                            0x08001481   Thumb Code   400  stm32f4xx_hal_gpio.o(i.HAL_GPIO_Init)
    HAL_GPIO_TogglePin                       0x08001645   Thumb Code     8  stm32f4xx_hal_gpio.o(i.HAL_GPIO_TogglePin)
    HAL_GetTick                              0x0800164d   Thumb Code     6  stm32f4xx_hal.o(i.HAL_GetTick)
    HAL_I2C_Master_Transmit                  0x08001659   Thumb Code   212  stm32f4xx_hal_i2c.o(i.HAL_I2C_Master_Transmit)
    HAL_IWDG_Init                            0x08001735   Thumb Code    70  stm32f4xx_hal_iwdg.o(i.HAL_IWDG_Init)
    HAL_IWDG_MspInit                         0x0800177b   Thumb Code     2  iwdg.o(i.HAL_IWDG_MspInit)
    HAL_IncTick                              0x0800177d   Thumb Code    10  stm32f4xx_hal.o(i.HAL_IncTick)
    HAL_Init                                 0x0800178d   Thumb Code    48  stm32f4xx_hal.o(i.HAL_Init)
    HAL_InitTick                             0x080017c1   Thumb Code    34  stm32f4xx_hal.o(i.HAL_InitTick)
    HAL_MspInit                              0x080017e3   Thumb Code     2  stm32f4xx_hal.o(i.HAL_MspInit)
    HAL_NVIC_ClearPendingIRQ                 0x080017e5   Thumb Code    22  stm32f4xx_hal_cortex.o(i.HAL_NVIC_ClearPendingIRQ)
    HAL_NVIC_EnableIRQ                       0x080017fb   Thumb Code    22  stm32f4xx_hal_cortex.o(i.HAL_NVIC_EnableIRQ)
    HAL_NVIC_SetPriority                     0x08001811   Thumb Code    60  stm32f4xx_hal_cortex.o(i.HAL_NVIC_SetPriority)
    HAL_NVIC_SetPriorityGrouping             0x08001851   Thumb Code    26  stm32f4xx_hal_cortex.o(i.HAL_NVIC_SetPriorityGrouping)
    HAL_RCC_ClockConfig                      0x08001875   Thumb Code   432  stm32f4xx_hal_rcc.o(i.HAL_RCC_ClockConfig)
    HAL_RCC_GetHCLKFreq                      0x08001a2d   Thumb Code    38  stm32f4xx_hal_rcc.o(i.HAL_RCC_GetHCLKFreq)
    HAL_RCC_GetPCLK1Freq                     0x08001a61   Thumb Code    36  stm32f4xx_hal_rcc.o(i.HAL_RCC_GetPCLK1Freq)
    HAL_RCC_GetPCLK2Freq                     0x08001a8d   Thumb Code    36  stm32f4xx_hal_rcc.o(i.HAL_RCC_GetPCLK2Freq)
    HAL_RCC_GetSysClockFreq                  0x08001ab9   Thumb Code    88  stm32f4xx_hal_rcc.o(i.HAL_RCC_GetSysClockFreq)
    HAL_RCC_OscConfig                        0x08001b19   Thumb Code   802  stm32f4xx_hal_rcc.o(i.HAL_RCC_OscConfig)
    HAL_SPI_ErrorCallback                    0x08001e51   Thumb Code     2  stm32f4xx_hal_spi.o(i.HAL_SPI_ErrorCallback)
    HAL_SPI_IRQHandler                       0x08001e53   Thumb Code   198  stm32f4xx_hal_spi.o(i.HAL_SPI_IRQHandler)
    HAL_SYSTICK_Config                       0x08001f19   Thumb Code    40  stm32f4xx_hal_cortex.o(i.HAL_SYSTICK_Config)
    HAL_TIMEx_MasterConfigSynchronization    0x08001f41   Thumb Code    80  stm32f4xx_hal_tim_ex.o(i.HAL_TIMEx_MasterConfigSynchronization)
    HAL_TIM_Base_Init                        0x08001f91   Thumb Code    48  stm32f4xx_hal_tim.o(i.HAL_TIM_Base_Init)
    HAL_TIM_Base_MspInit                     0x08001fc1   Thumb Code    20  tim.o(i.HAL_TIM_Base_MspInit)
    HAL_TIM_ConfigClockSource                0x08001fdd   Thumb Code   242  stm32f4xx_hal_tim.o(i.HAL_TIM_ConfigClockSource)
    HAL_UART_Init                            0x080020cf   Thumb Code    92  stm32f4xx_hal_uart.o(i.HAL_UART_Init)
    HAL_UART_MspInit                         0x0800212d   Thumb Code    90  usart.o(i.HAL_UART_MspInit)
    HAL_UART_Receive                         0x0800219d   Thumb Code   204  stm32f4xx_hal_uart.o(i.HAL_UART_Receive)
    HAL_UART_Transmit                        0x08002269   Thumb Code   204  stm32f4xx_hal_uart.o(i.HAL_UART_Transmit)
    MX_CRC_Init                              0x080024c1   Thumb Code    12  crc.o(i.MX_CRC_Init)
    MX_DMA_Init                              0x080024d5   Thumb Code    68  dma.o(i.MX_DMA_Init)
    MX_GPIO_Init                             0x0800251d   Thumb Code   230  gpio.o(i.MX_GPIO_Init)
    MX_IWDG_Init                             0x0800261d   Thumb Code    18  iwdg.o(i.MX_IWDG_Init)
    MX_TIM3_Init                             0x08002639   Thumb Code    54  tim.o(i.MX_TIM3_Init)
    MX_USART1_UART_Init                      0x08002679   Thumb Code    32  usart.o(i.MX_USART1_UART_Init)
    MX_USART3_UART_Init                      0x080026a1   Thumb Code    32  usart.o(i.MX_USART3_UART_Init)
    MX_USB_OTG_FS_USB_Init                   0x080026c9   Thumb Code     2  usb_otg.o(i.MX_USB_OTG_FS_USB_Init)
    SPI1_IRQHandler                          0x080026ed   Thumb Code    18  stm32f4xx_it.o(i.SPI1_IRQHandler)
    SysTick_Handler                          0x08002705   Thumb Code    14  stm32f4xx_it.o(i.SysTick_Handler)
    SystemInit                               0x08002715   Thumb Code    66  system_stm32f4xx.o(i.SystemInit)
    TIM_Base_SetConfig                       0x08002769   Thumb Code   148  stm32f4xx_hal_tim.o(i.TIM_Base_SetConfig)
    USER_initialize                          0x08002aa1   Thumb Code    18  user_diskio.o(i.USER_initialize)
    USER_ioctl                               0x08002ab9   Thumb Code     4  user_diskio.o(i.USER_ioctl)
    USER_read                                0x08002abd   Thumb Code     4  user_diskio.o(i.USER_read)
    USER_status                              0x08002ac1   Thumb Code    18  user_diskio.o(i.USER_status)
    USER_write                               0x08002ad9   Thumb Code     4  user_diskio.o(i.USER_write)
    getDMATypeDef(SPI_TypeDef*, bool)        0x08002b91   Thumb Code    40  spi.o(i._Z13getDMATypeDefP11SPI_TypeDefb)
    getSPITypeDef(SPI_TypeDef*)              0x08002bc9   Thumb Code    24  spi.o(i._Z13getSPITypeDefP11SPI_TypeDef)
    SystemClock_Config()                     0x08002bf1   Thumb Code    98  main.o(i._Z18SystemClock_Configv)
    I2C::init()                              0x08002c5d   Thumb Code   318  i2c.o(i._ZN3I2C4initEv)
    I2C::lock(unsigned)                      0x08002db5   Thumb Code    20  i2c.o(i._ZN3I2C4lockEj)
    I2C::write(unsigned short, unsigned char*, unsigned short, unsigned) 0x08002dc9   Thumb Code    12  i2c.o(i._ZN3I2C5writeEtPhtj)
    I2C::unlock()                            0x08002dd5   Thumb Code    20  i2c.o(i._ZN3I2C6unlockEv)
    I2C::initGPIO(I2C_GpioPins*)             0x08002de9   Thumb Code    66  i2c.o(i._ZN3I2C8initGPIOEP12I2C_GpioPins)
    I2C::I2C(I2C_TypeDef*, I2C_PinsPack, unsigned, unsigned, unsigned) 0x08002e2b   Thumb Code    34  i2c.o(i._ZN3I2CC1EP11I2C_TypeDef12I2C_PinsPackjjj)
    I2C::I2C__sub_object(I2C_TypeDef*, I2C_PinsPack, unsigned, unsigned, unsigned) 0x08002e2b   Thumb Code     0  i2c.o(i._ZN3I2CC1EP11I2C_TypeDef12I2C_PinsPackjjj)
    SPI::init()                              0x08002e4d   Thumb Code   308  spi.o(i._ZN3SPI4initEv)
    SPI::initDMA(DMA_StreamMap*, unsigned, unsigned, unsigned, unsigned) 0x08002f99   Thumb Code   162  spi.o(i._ZN3SPI7initDMAEP13DMA_StreamMapjjjj)
    SPI::initGPIO(SPI_GpioPins*)             0x0800303b   Thumb Code    82  spi.o(i._ZN3SPI8initGPIOEP12SPI_GpioPins)
    SPI::SPI(SPI_TypeDef*, SPI_PinsPack, SPI_Mode, unsigned, unsigned) 0x0800308d   Thumb Code   124  spi.o(i._ZN3SPIC1EP11SPI_TypeDef12SPI_PinsPack8SPI_Modejj)
    SPI::SPI__sub_object(SPI_TypeDef*, SPI_PinsPack, SPI_Mode, unsigned, unsigned) 0x0800308d   Thumb Code     0  spi.o(i._ZN3SPIC1EP11SPI_TypeDef12SPI_PinsPack8SPI_Modejj)
    LedIO::init()                            0x0800310d   Thumb Code    32  ioext.o(i._ZN5LedIO4initEv)
    LedIO::write(unsigned char)              0x0800312d   Thumb Code    32  ioext.o(i._ZN5LedIO5writeEh)
    LedIO::LedIO(I2C&, unsigned short, unsigned) 0x0800314d   Thumb Code    26  ioext.o(i._ZN5LedIOC1ER3I2Ctj)
    LedIO::LedIO__sub_object(I2C&, unsigned short, unsigned) 0x0800314d   Thumb Code     0  ioext.o(i._ZN5LedIOC1ER3I2Ctj)
    SharedI2C::acquireBus()                  0x08003167   Thumb Code    64  sharedi2c.o(i._ZN9SharedI2C10acquireBusEv)
    SharedI2C::write(unsigned short, unsigned char*, unsigned short) 0x080031a7   Thumb Code    54  sharedi2c.o(i._ZN9SharedI2C5writeEtPht)
    SharedI2C::SharedI2C(I2C&, unsigned, unsigned, unsigned) 0x080031dd   Thumb Code    10  sharedi2c.o(i._ZN9SharedI2CC1ER3I2Cjjj)
    SharedI2C::SharedI2C__sub_object(I2C&, unsigned, unsigned, unsigned) 0x080031dd   Thumb Code     0  sharedi2c.o(i._ZN9SharedI2CC1ER3I2Cjjj)
    __0printf$3                              0x080031e9   Thumb Code    22  printf3.o(i.__0printf$3)
    __1printf$3                              0x080031e9   Thumb Code     0  printf3.o(i.__0printf$3)
    __2printf                                0x080031e9   Thumb Code     0  printf3.o(i.__0printf$3)
    __0sprintf$3                             0x08003209   Thumb Code    34  printf3.o(i.__0sprintf$3)
    __1sprintf$3                             0x08003209   Thumb Code     0  printf3.o(i.__0sprintf$3)
    __2sprintf                               0x08003209   Thumb Code     0  printf3.o(i.__0sprintf$3)
    __scatterload_copy                       0x08003231   Thumb Code    14  handlers.o(i.__scatterload_copy)
    __scatterload_null                       0x0800323f   Thumb Code     2  handlers.o(i.__scatterload_null)
    __scatterload_zeroinit                   0x08003241   Thumb Code    14  handlers.o(i.__scatterload_zeroinit)
    _strtok                                  0x0800348b   Thumb Code    56  utility.o(i._strtok)
    fputc                                    0x08003609   Thumb Code     4  retarget.o(i.fputc)
    init_delay_timer                         0x08003619   Thumb Code    16  delay.o(i.init_delay_timer)
    main                                     0x08003649   Thumb Code   156  main.o(i.main)
    osDelay                                  0x08003709   Thumb Code    14  cmsis_os.o(i.osDelay)
    osKernelStart                            0x08003717   Thumb Code    16  cmsis_os.o(i.osKernelStart)
    osMutexCreate                            0x08003727   Thumb Code     6  cmsis_os.o(i.osMutexCreate)
    osMutexRelease                           0x0800372d   Thumb Code    38  cmsis_os.o(i.osMutexRelease)
    osMutexWait                              0x08003753   Thumb Code    60  cmsis_os.o(i.osMutexWait)
    osThreadCreate                           0x0800378f   Thumb Code    48  cmsis_os.o(i.osThreadCreate)
    pvPortMalloc                             0x08003a85   Thumb Code   140  heap_4.o(i.pvPortMalloc)
    pxPortInitialiseStack                    0x08003b15   Thumb Code    36  port.o(i.pxPortInitialiseStack)
    serialGetChar                            0x08003b3d   Thumb Code    50  serial.o(i.serialGetChar)
    serialInit                               0x08003b75   Thumb Code     6  serial.o(i.serialInit)
    serialPutChar                            0x08003b81   Thumb Code    52  serial.o(i.serialPutChar)
    shellGetLine                             0x08003bb9   Thumb Code   110  shell.o(i.shellGetLine)
    shellStart                               0x08003c2d   Thumb Code   230  shell.o(i.shellStart)
    shellUsage                               0x08003da5   Thumb Code     8  shell.o(i.shellUsage)
    uxListRemove                             0x08003db9   Thumb Code    36  list.o(i.uxListRemove)
    uxTaskGetSystemState                     0x08003ddd   Thumb Code   140  tasks.o(i.uxTaskGetSystemState)
    vApplicationTickHook                     0x08003e71   Thumb Code     2  freertos.o(i.vApplicationTickHook)
    vListInitialise                          0x08003e73   Thumb Code    22  list.o(i.vListInitialise)
    vListInitialiseItem                      0x08003e89   Thumb Code     6  list.o(i.vListInitialiseItem)
    vListInsert                              0x08003e8f   Thumb Code    48  list.o(i.vListInsert)
    vListInsertEnd                           0x08003ebf   Thumb Code    24  list.o(i.vListInsertEnd)
    vPortEnterCritical                       0x08003ed9   Thumb Code    24  port.o(i.vPortEnterCritical)
    vPortExitCritical                        0x08003ef5   Thumb Code    16  port.o(i.vPortExitCritical)
    vPortFree                                0x08003f09   Thumb Code    68  heap_4.o(i.vPortFree)
    vPortSetupTimerInterrupt                 0x08003f51   Thumb Code    26  port.o(i.vPortSetupTimerInterrupt)
    vPortYield                               0x08003f71   Thumb Code    18  port.o(i.vPortYield)
    vTaskDelay                               0x08003f89   Thumb Code    48  tasks.o(i.vTaskDelay)
    vTaskList                                0x08003fbd   Thumb Code   140  tasks.o(i.vTaskList)
    vTaskMissedYield                         0x08004061   Thumb Code     8  tasks.o(i.vTaskMissedYield)
    vTaskPlaceOnEventList                    0x0800406d   Thumb Code    60  tasks.o(i.vTaskPlaceOnEventList)
    vTaskPriorityDisinherit                  0x080040b1   Thumb Code    64  tasks.o(i.vTaskPriorityDisinherit)
    vTaskPriorityInherit                     0x080040f9   Thumb Code    92  tasks.o(i.vTaskPriorityInherit)
    vTaskSetTimeOutState                     0x0800415d   Thumb Code    22  tasks.o(i.vTaskSetTimeOutState)
    vTaskStartScheduler                      0x08004179   Thumb Code    60  tasks.o(i.vTaskStartScheduler)
    vTaskSuspendAll                          0x080041c5   Thumb Code    10  tasks.o(i.vTaskSuspendAll)
    vTaskSwitchContext                       0x080041d5   Thumb Code    84  tasks.o(i.vTaskSwitchContext)
    xPortGetFreeHeapSize                     0x08004231   Thumb Code     6  heap_4.o(i.xPortGetFreeHeapSize)
    xPortStartScheduler                      0x0800423d   Thumb Code   116  port.o(i.xPortStartScheduler)
    xPortSysTickHandler                      0x080042c1   Thumb Code    30  port.o(i.xPortSysTickHandler)
    xQueueCreateMutex                        0x080042e5   Thumb Code    80  queue.o(i.xQueueCreateMutex)
    xQueueGenericReceive                     0x08004335   Thumb Code   286  queue.o(i.xQueueGenericReceive)
    xQueueGenericSend                        0x08004453   Thumb Code   256  queue.o(i.xQueueGenericSend)
    xTaskCheckForTimeOut                     0x08004555   Thumb Code    82  tasks.o(i.xTaskCheckForTimeOut)
    xTaskGenericCreate                       0x080045ad   Thumb Code   374  tasks.o(i.xTaskGenericCreate)
    xTaskGetCurrentTaskHandle                0x0800472d   Thumb Code     6  tasks.o(i.xTaskGetCurrentTaskHandle)
    xTaskIncrementTick                       0x08004739   Thumb Code   210  tasks.o(i.xTaskIncrementTick)
    xTaskRemoveFromEventList                 0x08004815   Thumb Code    90  tasks.o(i.xTaskRemoveFromEventList)
    xTaskResumeAll                           0x08004879   Thumb Code   158  tasks.o(i.xTaskResumeAll)
    APBAHBPrescTable                         0x08004b20   Data          16  stm32f4xx_hal_rcc.o(.constdata)
    Region$$Table$$Base                      0x08004b68   Number         0  anon$$obj.o(Region$$Table)
    Region$$Table$$Limit                     0x08004b88   Number         0  anon$$obj.o(Region$$Table)
    SHT$$INIT_ARRAY$$Base                    0x08004b88   Number         0  i2c.o(.init_array)
    SHT$$INIT_ARRAY$$Limit                   0x08004b90   Number         0  cpp_init.o(.init_array)
    hcrc                                     0x20000000   Data           8  crc.o(.data)
    USER_Driver                              0x2000000c   Data          20  user_diskio.o(.data)
    USER_DriverNum                           0x20000020   Data           1  main.o(.data)
    USER_Path                                0x20000021   Data           4  main.o(.data)
    SystemCoreClock                          0x20000028   Data           4  system_stm32f4xx.o(.data)
    AHBPrescTable                            0x2000002c   Data          16  system_stm32f4xx.o(.data)
    pxCurrentTCB                             0x20000060   Data           4  tasks.o(.data)
    __stdout                                 0x200000a0   Data           4  retarget.o(.data)
    hiwdg                                    0x200000bc   Data          16  iwdg.o(.bss)
    htim3                                    0x200000cc   Data          60  tim.o(.bss)
    huart1                                   0x20000108   Data          60  usart.o(.bss)
    huart3                                   0x20000144   Data          60  usart.o(.bss)
    I2C_1                                    0x20000180   Data          64  i2c.o(.bss)
    I2C_2                                    0x200001c0   Data          64  i2c.o(.bss)
    hspi1                                    0x20000200   Data          84  spi.o(.bss)
    hdma_spi1_rx                             0x20000254   Data          80  spi.o(.bss)
    hdma_spi1_tx                             0x200002a4   Data          80  spi.o(.bss)
    SPI_1                                    0x200002f4   Data          24  spi.o(.bss)
    hspi2                                    0x2000030c   Data          84  spi.o(.bss)
    hdma_spi2_rx                             0x20000360   Data          80  spi.o(.bss)
    hdma_spi2_tx                             0x200003b0   Data          80  spi.o(.bss)
    SPI_2                                    0x20000400   Data          24  spi.o(.bss)
    disk                                     0x20000418   Data          12  ff_gen_drv.o(.bss)
    __initial_sp                             0x20010918   Data           0  startup_stm32f415xx.o(STACK)



==============================================================================

Memory Map of the image

  Image Entry point : 0x08000189

  Load Region LR_IROM1 (Base: 0x08000000, Size: 0x00004c4c, Max: 0x00100000, ABSOLUTE)

    Execution Region ER_IROM1 (Base: 0x08000000, Size: 0x00004b90, Max: 0x00100000, ABSOLUTE)

    Base Addr    Size         Type   Attr      Idx    E Section Name        Object

    0x08000000   0x00000188   Data   RO            3    RESET               startup_stm32f415xx.o
    0x08000188   0x00000000   Code   RO         5314  * .ARM.Collect$$$$00000000  mc_w.l(entry.o)
    0x08000188   0x00000004   Code   RO         5627    .ARM.Collect$$$$00000001  mc_w.l(entry2.o)
    0x0800018c   0x00000004   Code   RO         5630    .ARM.Collect$$$$00000004  mc_w.l(entry5.o)
    0x08000190   0x00000000   Code   RO         5632    .ARM.Collect$$$$00000008  mc_w.l(entry7b.o)
    0x08000190   0x00000004   Code   RO         5633    .ARM.Collect$$$$00000009  mc_w.l(entry8a.o)
    0x08000194   0x00000000   Code   RO         5634    .ARM.Collect$$$$0000000A  mc_w.l(entry8b.o)
    0x08000194   0x00000008   Code   RO         5635    .ARM.Collect$$$$0000000B  mc_w.l(entry9a.o)
    0x0800019c   0x00000000   Code   RO         5637    .ARM.Collect$$$$0000000D  mc_w.l(entry10a.o)
    0x0800019c   0x00000000   Code   RO         5639    .ARM.Collect$$$$0000000F  mc_w.l(entry11a.o)
    0x0800019c   0x00000004   Code   RO         5628    .ARM.Collect$$$$00002712  mc_w.l(entry2.o)
    0x080001a0   0x000000ae   Code   RO         4584    .emb_text           port.o
    0x0800024e   0x00000002   PAD
    0x08000250   0x00000024   Code   RO            4    .text               startup_stm32f415xx.o
    0x08000274   0x00000024   Code   RO         5319    .text               mc_w.l(memcpya.o)
    0x08000298   0x00000024   Code   RO         5321    .text               mc_w.l(memseta.o)
    0x080002bc   0x0000000e   Code   RO         5323    .text               mc_w.l(strlen.o)
    0x080002ca   0x0000001c   Code   RO         5325    .text               mc_w.l(strspn.o)
    0x080002e6   0x00000020   Code   RO         5327    .text               mc_w.l(strpbrk.o)
    0x08000306   0x0000002a   Code   RO         5331    .text               mc_w.l(strcasecmp.o)
    0x08000330   0x00000020   Code   RO         5625    .text               mc_w.l(cpp_init.o)
    0x08000350   0x0000002c   Code   RO         5641    .text               mc_w.l(uidiv.o)
    0x0800037c   0x0000000c   Code   RO         5645    .text               mc_w.l(tolower.o)
    0x08000388   0x00000024   Code   RO         5660    .text               mc_w.l(init.o)
    0x080003ac   0x00000018   Code   RO          270    i.DMA2_Stream0_IRQHandler  stm32f4xx_it.o
    0x080003c4   0x00000018   Code   RO          271    i.DMA2_Stream3_IRQHandler  stm32f4xx_it.o
    0x080003dc   0x00000012   Code   RO          272    i.EXTI4_IRQHandler  stm32f4xx_it.o
    0x080003ee   0x00000022   Code   RO          273    i.EXTI9_5_IRQHandler  stm32f4xx_it.o
    0x08000410   0x00000038   Code   RO         4006    i.FATFS_LinkDriver  ff_gen_drv.o
    0x08000448   0x00000022   Code   RO         1277    i.HAL_CRC_Init      stm32f4xx_hal_crc.o
    0x0800046a   0x00000002   PAD
    0x0800046c   0x0000001c   Code   RO           13    i.HAL_CRC_MspInit   crc.o
    0x08000488   0x00000f6c   Code   RO         1334    i.HAL_DMA_IRQHandler  stm32f4xx_hal_dma.o
    0x080013f4   0x00000070   Code   RO         1335    i.HAL_DMA_Init      stm32f4xx_hal_dma.o
    0x08001464   0x00000002   Code   RO         1618    i.HAL_GPIO_EXTI_Callback  stm32f4xx_hal_gpio.o
    0x08001466   0x00000002   PAD
    0x08001468   0x00000018   Code   RO         1619    i.HAL_GPIO_EXTI_IRQHandler  stm32f4xx_hal_gpio.o
    0x08001480   0x000001c4   Code   RO         1620    i.HAL_GPIO_Init     stm32f4xx_hal_gpio.o
    0x08001644   0x00000008   Code   RO         1623    i.HAL_GPIO_TogglePin  stm32f4xx_hal_gpio.o
    0x0800164c   0x0000000c   Code   RO         1031    i.HAL_GetTick       stm32f4xx_hal.o
    0x08001658   0x000000dc   Code   RO         1692    i.HAL_I2C_Master_Transmit  stm32f4xx_hal_i2c.o
    0x08001734   0x00000046   Code   RO         1992    i.HAL_IWDG_Init     stm32f4xx_hal_iwdg.o
    0x0800177a   0x00000002   Code   RO          233    i.HAL_IWDG_MspInit  iwdg.o
    0x0800177c   0x00000010   Code   RO         1032    i.HAL_IncTick       stm32f4xx_hal.o
    0x0800178c   0x00000034   Code   RO         1033    i.HAL_Init          stm32f4xx_hal.o
    0x080017c0   0x00000022   Code   RO         1034    i.HAL_InitTick      stm32f4xx_hal.o
    0x080017e2   0x00000002   Code   RO         1036    i.HAL_MspInit       stm32f4xx_hal.o
    0x080017e4   0x00000016   Code   RO         1160    i.HAL_NVIC_ClearPendingIRQ  stm32f4xx_hal_cortex.o
    0x080017fa   0x00000016   Code   RO         1162    i.HAL_NVIC_EnableIRQ  stm32f4xx_hal_cortex.o
    0x08001810   0x00000040   Code   RO         1168    i.HAL_NVIC_SetPriority  stm32f4xx_hal_cortex.o
    0x08001850   0x00000024   Code   RO         1169    i.HAL_NVIC_SetPriorityGrouping  stm32f4xx_hal_cortex.o
    0x08001874   0x000001b8   Code   RO         2166    i.HAL_RCC_ClockConfig  stm32f4xx_hal_rcc.o
    0x08001a2c   0x00000034   Code   RO         2171    i.HAL_RCC_GetHCLKFreq  stm32f4xx_hal_rcc.o
    0x08001a60   0x0000002c   Code   RO         2173    i.HAL_RCC_GetPCLK1Freq  stm32f4xx_hal_rcc.o
    0x08001a8c   0x0000002c   Code   RO         2174    i.HAL_RCC_GetPCLK2Freq  stm32f4xx_hal_rcc.o
    0x08001ab8   0x00000060   Code   RO         2175    i.HAL_RCC_GetSysClockFreq  stm32f4xx_hal_rcc.o
    0x08001b18   0x00000338   Code   RO         2178    i.HAL_RCC_OscConfig  stm32f4xx_hal_rcc.o
    0x08001e50   0x00000002   Code   RO         2296    i.HAL_SPI_ErrorCallback  stm32f4xx_hal_spi.o
    0x08001e52   0x000000c6   Code   RO         2299    i.HAL_SPI_IRQHandler  stm32f4xx_hal_spi.o
    0x08001f18   0x00000028   Code   RO         1173    i.HAL_SYSTICK_Config  stm32f4xx_hal_cortex.o
    0x08001f40   0x00000050   Code   RO         3161    i.HAL_TIMEx_MasterConfigSynchronization  stm32f4xx_hal_tim_ex.o
    0x08001f90   0x00000030   Code   RO         2529    i.HAL_TIM_Base_Init  stm32f4xx_hal_tim.o
    0x08001fc0   0x0000001c   Code   RO          325    i.HAL_TIM_Base_MspInit  tim.o
    0x08001fdc   0x000000f2   Code   RO         2538    i.HAL_TIM_ConfigClockSource  stm32f4xx_hal_tim.o
    0x080020ce   0x0000005c   Code   RO         3394    i.HAL_UART_Init     stm32f4xx_hal_uart.o
    0x0800212a   0x00000002   PAD
    0x0800212c   0x00000070   Code   RO          363    i.HAL_UART_MspInit  usart.o
    0x0800219c   0x000000cc   Code   RO         3397    i.HAL_UART_Receive  stm32f4xx_hal_uart.o
    0x08002268   0x000000cc   Code   RO         3402    i.HAL_UART_Transmit  stm32f4xx_hal_uart.o
    0x08002334   0x00000078   Code   RO         1723    i.I2C_MasterRequestWrite  stm32f4xx_hal_i2c.o
    0x080023ac   0x0000008a   Code   RO         1727    i.I2C_WaitOnFlagUntilTimeout  stm32f4xx_hal_i2c.o
    0x08002436   0x00000088   Code   RO         1728    i.I2C_WaitOnMasterAddressFlagUntilTimeout  stm32f4xx_hal_i2c.o
    0x080024be   0x00000002   PAD
    0x080024c0   0x00000014   Code   RO           14    i.MX_CRC_Init       crc.o
    0x080024d4   0x00000048   Code   RO          146    i.MX_DMA_Init       dma.o
    0x0800251c   0x00000100   Code   RO          209    i.MX_GPIO_Init      gpio.o
    0x0800261c   0x0000001c   Code   RO          234    i.MX_IWDG_Init      iwdg.o
    0x08002638   0x00000040   Code   RO          326    i.MX_TIM3_Init      tim.o
    0x08002678   0x00000028   Code   RO          364    i.MX_USART1_UART_Init  usart.o
    0x080026a0   0x00000028   Code   RO          365    i.MX_USART3_UART_Init  usart.o
    0x080026c8   0x00000002   Code   RO          406    i.MX_USB_OTG_FS_USB_Init  usb_otg.o
    0x080026ca   0x00000020   Code   RO         1175    i.NVIC_SetPriority  stm32f4xx_hal_cortex.o
    0x080026ea   0x00000002   PAD
    0x080026ec   0x00000018   Code   RO          274    i.SPI1_IRQHandler   stm32f4xx_it.o
    0x08002704   0x0000000e   Code   RO          275    i.SysTick_Handler   stm32f4xx_it.o
    0x08002712   0x00000002   PAD
    0x08002714   0x00000054   Code   RO          987    i.SystemInit        system_stm32f4xx.o
    0x08002768   0x000000c0   Code   RO         2615    i.TIM_Base_SetConfig  stm32f4xx_hal_tim.o
    0x08002828   0x00000014   Code   RO         2619    i.TIM_ETR_SetConfig  stm32f4xx_hal_tim.o
    0x0800283c   0x00000010   Code   RO         2620    i.TIM_ITRx_SetConfig  stm32f4xx_hal_tim.o
    0x0800284c   0x00000022   Code   RO         2625    i.TIM_TI1_ConfigInputStage  stm32f4xx_hal_tim.o
    0x0800286e   0x00000024   Code   RO         2627    i.TIM_TI2_ConfigInputStage  stm32f4xx_hal_tim.o
    0x08002892   0x00000002   PAD
    0x08002894   0x00000178   Code   RO         3413    i.UART_SetConfig    stm32f4xx_hal_uart.o
    0x08002a0c   0x00000092   Code   RO         3415    i.UART_WaitOnFlagUntilTimeout  stm32f4xx_hal_uart.o
    0x08002a9e   0x00000002   PAD
    0x08002aa0   0x00000018   Code   RO          429    i.USER_initialize   user_diskio.o
    0x08002ab8   0x00000004   Code   RO          430    i.USER_ioctl        user_diskio.o
    0x08002abc   0x00000004   Code   RO          431    i.USER_read         user_diskio.o
    0x08002ac0   0x00000018   Code   RO          432    i.USER_status       user_diskio.o
    0x08002ad8   0x00000004   Code   RO          433    i.USER_write        user_diskio.o
    0x08002adc   0x0000005c   Code   RO          745    i._Z11ExtIOThreadPKv  main.o
    0x08002b38   0x00000058   Code   RO          746    i._Z11StartThreadPKv  main.o
    0x08002b90   0x00000038   Code   RO          917    i._Z13getDMATypeDefP11SPI_TypeDefb  spi.o
    0x08002bc8   0x00000028   Code   RO          918    i._Z13getSPITypeDefP11SPI_TypeDef  spi.o
    0x08002bf0   0x0000006c   Code   RO          747    i._Z18SystemClock_Configv  main.o
    0x08002c5c   0x00000158   Code   RO          540    i._ZN3I2C4initEv    i2c.o
    0x08002db4   0x00000014   Code   RO          541    i._ZN3I2C4lockEj    i2c.o
    0x08002dc8   0x0000000c   Code   RO          543    i._ZN3I2C5writeEtPhtj  i2c.o
    0x08002dd4   0x00000014   Code   RO          544    i._ZN3I2C6unlockEv  i2c.o
    0x08002de8   0x00000042   Code   RO          545    i._ZN3I2C8initGPIOEP12I2C_GpioPins  i2c.o
    0x08002e2a   0x00000022   Code   RO          546    i._ZN3I2CC1EP11I2C_TypeDef12I2C_PinsPackjjj  i2c.o
    0x08002e4c   0x0000014c   Code   RO          920    i._ZN3SPI4initEv    spi.o
    0x08002f98   0x000000a2   Code   RO          921    i._ZN3SPI7initDMAEP13DMA_StreamMapjjjj  spi.o
    0x0800303a   0x00000052   Code   RO          922    i._ZN3SPI8initGPIOEP12SPI_GpioPins  spi.o
    0x0800308c   0x00000080   Code   RO          923    i._ZN3SPIC1EP11SPI_TypeDef12SPI_PinsPack8SPI_Modejj  spi.o
    0x0800310c   0x00000020   Code   RO         5271    i._ZN5LedIO4initEv  ioext.o
    0x0800312c   0x00000020   Code   RO         5272    i._ZN5LedIO5writeEh  ioext.o
    0x0800314c   0x0000001a   Code   RO         5273    i._ZN5LedIOC1ER3I2Ctj  ioext.o
    0x08003166   0x00000040   Code   RO          863    i._ZN9SharedI2C10acquireBusEv  sharedi2c.o
    0x080031a6   0x00000036   Code   RO          866    i._ZN9SharedI2C5writeEtPht  sharedi2c.o
    0x080031dc   0x0000000a   Code   RO          867    i._ZN9SharedI2CC1ER3I2Cjjj  sharedi2c.o
    0x080031e6   0x00000002   PAD
    0x080031e8   0x00000020   Code   RO         5422    i.__0printf$3       mc_w.l(printf3.o)
    0x08003208   0x00000028   Code   RO         5424    i.__0sprintf$3      mc_w.l(printf3.o)
    0x08003230   0x0000000e   Code   RO         5672    i.__scatterload_copy  mc_w.l(handlers.o)
    0x0800323e   0x00000002   Code   RO         5673    i.__scatterload_null  mc_w.l(handlers.o)
    0x08003240   0x0000000e   Code   RO         5674    i.__scatterload_zeroinit  mc_w.l(handlers.o)
    0x0800324e   0x00000002   PAD
    0x08003250   0x00000040   Code   RO          547    i.__sti___7_i2c_cpp_I2C_1  i2c.o
    0x08003290   0x00000038   Code   RO          924    i.__sti___7_spi_cpp_SPI_1  spi.o
    0x080032c8   0x000001b8   Code   RO         5429    i._printf_core      mc_w.l(printf3.o)
    0x08003480   0x0000000a   Code   RO         5431    i._sputc            mc_w.l(printf3.o)
    0x0800348a   0x00000038   Code   RO         5079    i._strtok           utility.o
    0x080034c2   0x00000002   PAD
    0x080034c4   0x0000009c   Code   RO         5197    i.cmd_info          shell.o
    0x08003560   0x00000078   Code   RO         5198    i.cmd_tasks         shell.o
    0x080035d8   0x00000030   Code   RO         5199    i.cmdexec           shell.o
    0x08003608   0x00000004   Code   RO         5146    i.fputc             retarget.o
    0x0800360c   0x0000000c   Code   RO         4128    i.inHandlerMode     cmsis_os.o
    0x08003618   0x00000014   Code   RO         5045    i.init_delay_timer  delay.o
    0x0800362c   0x0000001c   Code   RO         5200    i.list_commands     shell.o
    0x08003648   0x000000b4   Code   RO          748    i.main              main.o
    0x080036fc   0x0000000c   Code   RO         4129    i.makeFreeRtosPriority  cmsis_os.o
    0x08003708   0x0000000e   Code   RO         4130    i.osDelay           cmsis_os.o
    0x08003716   0x00000010   Code   RO         4133    i.osKernelStart     cmsis_os.o
    0x08003726   0x00000006   Code   RO         4145    i.osMutexCreate     cmsis_os.o
    0x0800372c   0x00000026   Code   RO         4147    i.osMutexRelease    cmsis_os.o
    0x08003752   0x0000003c   Code   RO         4148    i.osMutexWait       cmsis_os.o
    0x0800378e   0x00000030   Code   RO         4160    i.osThreadCreate    cmsis_os.o
    0x080037be   0x00000002   PAD
    0x080037c0   0x00000034   Code   RO         4814    i.prvAddCurrentTaskToDelayedList  tasks.o
    0x080037f4   0x00000054   Code   RO         4815    i.prvCheckTasksWaitingTermination  tasks.o
    0x08003848   0x00000028   Code   RO         4655    i.prvCopyDataFromQueue  queue.o
    0x08003870   0x00000068   Code   RO         4656    i.prvCopyDataToQueue  queue.o
    0x080038d8   0x00000048   Code   RO         4541    i.prvHeapInit       heap_4.o
    0x08003920   0x00000018   Code   RO         4816    i.prvIdleTask       tasks.o
    0x08003938   0x0000004c   Code   RO         4542    i.prvInsertBlockIntoFreeList  heap_4.o
    0x08003984   0x00000082   Code   RO         4817    i.prvListTaskWithinSingleList  tasks.o
    0x08003a06   0x00000002   PAD
    0x08003a08   0x00000018   Code   RO         4585    i.prvTaskExitError  port.o
    0x08003a20   0x00000064   Code   RO         4657    i.prvUnlockQueue    queue.o
    0x08003a84   0x00000090   Code   RO         4543    i.pvPortMalloc      heap_4.o
    0x08003b14   0x00000028   Code   RO         4586    i.pxPortInitialiseStack  port.o
    0x08003b3c   0x00000038   Code   RO         5105    i.serialGetChar     serial.o
    0x08003b74   0x0000000c   Code   RO         5106    i.serialInit        serial.o
    0x08003b80   0x00000038   Code   RO         5107    i.serialPutChar     serial.o
    0x08003bb8   0x00000074   Code   RO         5201    i.shellGetLine      shell.o
    0x08003c2c   0x00000178   Code   RO         5202    i.shellStart        shell.o
    0x08003da4   0x00000014   Code   RO         5203    i.shellUsage        shell.o
    0x08003db8   0x00000024   Code   RO         4505    i.uxListRemove      list.o
    0x08003ddc   0x00000094   Code   RO         4819    i.uxTaskGetSystemState  tasks.o
    0x08003e70   0x00000002   Code   RO          167    i.vApplicationTickHook  freertos.o
    0x08003e72   0x00000016   Code   RO         4506    i.vListInitialise   list.o
    0x08003e88   0x00000006   Code   RO         4507    i.vListInitialiseItem  list.o
    0x08003e8e   0x00000030   Code   RO         4508    i.vListInsert       list.o
    0x08003ebe   0x00000018   Code   RO         4509    i.vListInsertEnd    list.o
    0x08003ed6   0x00000002   PAD
    0x08003ed8   0x0000001c   Code   RO         4588    i.vPortEnterCritical  port.o
    0x08003ef4   0x00000014   Code   RO         4589    i.vPortExitCritical  port.o
    0x08003f08   0x00000048   Code   RO         4544    i.vPortFree         heap_4.o
    0x08003f50   0x00000020   Code   RO         4590    i.vPortSetupTimerInterrupt  port.o
    0x08003f70   0x00000018   Code   RO         4592    i.vPortYield        port.o
    0x08003f88   0x00000034   Code   RO         4822    i.vTaskDelay        tasks.o
    0x08003fbc   0x000000a4   Code   RO         4825    i.vTaskList         tasks.o
    0x08004060   0x0000000c   Code   RO         4826    i.vTaskMissedYield  tasks.o
    0x0800406c   0x00000044   Code   RO         4827    i.vTaskPlaceOnEventList  tasks.o
    0x080040b0   0x00000048   Code   RO         4828    i.vTaskPriorityDisinherit  tasks.o
    0x080040f8   0x00000064   Code   RO         4829    i.vTaskPriorityInherit  tasks.o
    0x0800415c   0x0000001c   Code   RO         4833    i.vTaskSetTimeOutState  tasks.o
    0x08004178   0x0000004c   Code   RO         4834    i.vTaskStartScheduler  tasks.o
    0x080041c4   0x00000010   Code   RO         4836    i.vTaskSuspendAll   tasks.o
    0x080041d4   0x0000005c   Code   RO         4837    i.vTaskSwitchContext  tasks.o
    0x08004230   0x0000000c   Code   RO         4546    i.xPortGetFreeHeapSize  heap_4.o
    0x0800423c   0x00000084   Code   RO         4593    i.xPortStartScheduler  port.o
    0x080042c0   0x00000024   Code   RO         4594    i.xPortSysTickHandler  port.o
    0x080042e4   0x00000050   Code   RO         4668    i.xQueueCreateMutex  queue.o
    0x08004334   0x0000011e   Code   RO         4670    i.xQueueGenericReceive  queue.o
    0x08004452   0x00000100   Code   RO         4672    i.xQueueGenericSend  queue.o
    0x08004552   0x00000002   PAD
    0x08004554   0x00000058   Code   RO         4838    i.xTaskCheckForTimeOut  tasks.o
    0x080045ac   0x00000180   Code   RO         4839    i.xTaskGenericCreate  tasks.o
    0x0800472c   0x0000000c   Code   RO         4840    i.xTaskGetCurrentTaskHandle  tasks.o
    0x08004738   0x000000dc   Code   RO         4844    i.xTaskIncrementTick  tasks.o
    0x08004814   0x00000064   Code   RO         4846    i.xTaskRemoveFromEventList  tasks.o
    0x08004878   0x000000a8   Code   RO         4847    i.xTaskResumeAll    tasks.o
    0x08004920   0x00000090   Data   RO          557    .constdata          i2c.o
    0x080049b0   0x0000003c   Data   RO          753    .constdata          main.o
    0x080049ec   0x00000134   Data   RO          934    .constdata          spi.o
    0x08004b20   0x00000010   Data   RO         2179    .constdata          stm32f4xx_hal_rcc.o
    0x08004b30   0x00000028   Data   RO          754    .conststring        main.o
    0x08004b58   0x0000000e   Data   RO         5204    .conststring        shell.o
    0x08004b66   0x00000002   PAD
    0x08004b68   0x00000020   Data   RO         5670    Region$$Table       anon$$obj.o
    0x08004b88   0x00000004   Data   RO          558    .init_array         i2c.o
    0x08004b8c   0x00000004   Data   RO          935    .init_array         spi.o
    0x08004b90   0x00000000   Data   RO         5623    .init_array         mc_w.l(cpp_init.o)


    Execution Region RW_IRAM1 (Base: 0x20000000, Size: 0x00010918, Max: 0x00020000, ABSOLUTE)

    Base Addr    Size         Type   Attr      Idx    E Section Name        Object

    0x20000000   0x00000008   Data   RW           15    .data               crc.o
    0x20000008   0x00000001   Data   RW          434    .data               user_diskio.o
    0x20000009   0x00000003   PAD
    0x2000000c   0x00000014   Data   RW          435    .data               user_diskio.o
    0x20000020   0x00000005   Data   RW          755    .data               main.o
    0x20000025   0x00000003   PAD
    0x20000028   0x00000014   Data   RW          988    .data               system_stm32f4xx.o
    0x2000003c   0x00000004   Data   RW         1039    .data               stm32f4xx_hal.o
    0x20000040   0x00000014   Data   RW         4548    .data               heap_4.o
    0x20000054   0x0000000c   Data   RW         4595    .data               port.o
    0x20000060   0x00000038   Data   RW         4850    .data               tasks.o
    0x20000098   0x00000004   Data   RW         5046    .data               delay.o
    0x2000009c   0x00000004   Data   RW         5108    .data               serial.o
    0x200000a0   0x00000004   Data   RW         5147    .data               retarget.o
    0x200000a4   0x00000018   Data   RW         5205    .data               shell.o
    0x200000bc   0x00000010   Zero   RW          235    .bss                iwdg.o
    0x200000cc   0x0000003c   Zero   RW          327    .bss                tim.o
    0x20000108   0x00000078   Zero   RW          366    .bss                usart.o
    0x20000180   0x00000080   Zero   RW          556    .bss                i2c.o
    0x20000200   0x00000218   Zero   RW          933    .bss                spi.o
    0x20000418   0x0000000c   Zero   RW         4008    .bss                ff_gen_drv.o
    0x20000424   0x00010000   Zero   RW         4547    .bss                heap_4.o
    0x20010424   0x000000f0   Zero   RW         4849    .bss                tasks.o
    0x20010514   0x00000004   PAD
    0x20010518   0x00000400   Zero   RW            1    STACK               startup_stm32f415xx.o


==============================================================================

Image component sizes


      Code (inc. data)   RO Data    RW Data    ZI Data      Debug   Object Name

       206          0          0          0          0      25308   cmsis_os.o
        48         16          0          8          0     330431   crc.o
        20          4          0          4          0        923   delay.o
        72          4          0          0          0        494   dma.o
        56          4          0          0         12        874   ff_gen_drv.o
         2          0          0          0          0       6863   freertos.o
       256         26          0          0          0        635   gpio.o
       376         26          0         20      65536       4698   heap_4.o
       560         44        148          0        128     310350   i2c.o
        90          0          0          0          0       8098   ioext.o
        30         10          0          0         16       1302   iwdg.o
       136          0          0          0          0       3338   list.o
       468        120        100          5          0      10089   main.o
       510         66          0         12          0       8377   port.o
       866          0          0          0          0       6823   queue.o
         4          0          0          4          0       2194   retarget.o
       124         16          0          4          0       2133   serial.o
       128          0          0          0          0       7582   sharedi2c.o
       864        340         14         24          0       5433   shell.o
       856         78        312          0        536       6034   spi.o
        36          8        392          0       1024        948   startup_stm32f415xx.o
       116         16          0          4          0       3932   stm32f4xx_hal.o
       216         14          0          0          0      30462   stm32f4xx_hal_cortex.o
        34          0          0          0          0       1007   stm32f4xx_hal_crc.o
      4060         58          0          0          0       2808   stm32f4xx_hal_dma.o
       486         58          0          0          0       4169   stm32f4xx_hal_gpio.o
       614         14          0          0          0       4178   stm32f4xx_hal_i2c.o
        70          0          0          0          0       1056   stm32f4xx_hal_iwdg.o
      1500         68         16          0          0       5855   stm32f4xx_hal_rcc.o
       200          0          0          0          0       1741   stm32f4xx_hal_spi.o
       588         44          0          0          0       5685   stm32f4xx_hal_tim.o
        80          0          0          0          0       1224   stm32f4xx_hal_tim_ex.o
      1022         10          0          0          0       4599   stm32f4xx_hal_uart.o
       138         18          0          0          0       2988   stm32f4xx_it.o
         0          0          0          0          0       1444   syscall.o
        84         18          0         20          0       1317   system_stm32f4xx.o
      2090        168          0         56        240      18955   tasks.o
        92         18          0          0         60       1454   tim.o
       192         38          0          0        120       1995   usart.o
         2          0          0          0          0        449   usb_otg.o
        60         12          0         21          0       8144   user_diskio.o
        56          0          0          0          0        622   utility.o

    ----------------------------------------------------------------------
     17438       1316       1016        188      67676     847011   Object Totals
         0          0         32          0          0          0   (incl. Generated)
        30          0          2          6          4          0   (incl. Padding)

    ----------------------------------------------------------------------

      Code (inc. data)   RO Data    RW Data    ZI Data      Debug   Library Member Name

        32         10          0          0          0         80   cpp_init.o
         0          0          0          0          0          0   entry.o
         0          0          0          0          0          0   entry10a.o
         0          0          0          0          0          0   entry11a.o
         8          4          0          0          0          0   entry2.o
         4          0          0          0          0          0   entry5.o
         0          0          0          0          0          0   entry7b.o
         4          0          0          0          0          0   entry8a.o
         0          0          0          0          0          0   entry8b.o
         8          4          0          0          0          0   entry9a.o
        30          0          0          0          0          0   handlers.o
        36          8          0          0          0         68   init.o
        36          0          0          0          0         68   memcpya.o
        36          0          0          0          0        108   memseta.o
       522         20          0          0          0        336   printf3.o
        42          0          0          0          0         84   strcasecmp.o
        14          0          0          0          0         68   strlen.o
        32          0          0          0          0         76   strpbrk.o
        28          0          0          0          0         80   strspn.o
        12          0          0          0          0         68   tolower.o
        44          0          0          0          0         80   uidiv.o

    ----------------------------------------------------------------------
       890         46          0          0          0       1116   Library Totals
         2          0          0          0          0          0   (incl. Padding)

    ----------------------------------------------------------------------

      Code (inc. data)   RO Data    RW Data    ZI Data      Debug   Library Name

       888         46          0          0          0       1116   mc_w.l

    ----------------------------------------------------------------------
       890         46          0          0          0       1116   Library Totals

    ----------------------------------------------------------------------

==============================================================================


      Code (inc. data)   RO Data    RW Data    ZI Data      Debug   

     18328       1362       1016        188      67676     832463   Grand Totals
     18328       1362       1016        188      67676     832463   ELF Image Totals
     18328       1362       1016        188          0          0   ROM Totals

==============================================================================

    Total RO  Size (Code + RO Data)                19344 (  18.89kB)
    Total RW  Size (RW Data + ZI Data)             67864 (  66.27kB)
    Total ROM Size (Code + RO Data + RW Data)      19532 (  19.07kB)

==============================================================================

